Archive member included because of file (symbol)

.\CortexM0\ARM_GCC_484\Debug\Design02.a(cyfitter_cfg.o)
                              .\CortexM0\ARM_GCC_484\Debug\Cm0Start.o (cyfitter_cfg)
.\CortexM0\ARM_GCC_484\Debug\Design02.a(CyBootAsmGnu.o)
                              .\CortexM0\ARM_GCC_484\Debug\Design02.a(cyfitter_cfg.o) (CyDelayCycles)
.\CortexM0\ARM_GCC_484\Debug\Design02.a(CyLib.o)
                              .\CortexM0\ARM_GCC_484\Debug\Design02.a(cyfitter_cfg.o) (CyDelayUs)
.\CortexM0\ARM_GCC_484\Debug\Design02.a(I2C.o)
                              .\CortexM0\ARM_GCC_484\Debug\main.o (I2C_Start)
.\CortexM0\ARM_GCC_484\Debug\Design02.a(I2C_I2C.o)
                              .\CortexM0\ARM_GCC_484\Debug\Design02.a(I2C.o) (I2C_I2CInit)
.\CortexM0\ARM_GCC_484\Debug\Design02.a(I2C_I2C_MASTER.o)
                              .\CortexM0\ARM_GCC_484\Debug\Design02.a(I2C_I2C.o) (I2C_mstrStatus)
.\CortexM0\ARM_GCC_484\Debug\Design02.a(I2C_sda.o)
                              .\CortexM0\ARM_GCC_484\Debug\Design02.a(I2C_I2C_MASTER.o) (I2C_sda_Read)
.\CortexM0\ARM_GCC_484\Debug\Design02.a(I2C_scl.o)
                              .\CortexM0\ARM_GCC_484\Debug\Design02.a(I2C_I2C_MASTER.o) (I2C_scl_Write)
.\CortexM0\ARM_GCC_484\Debug\Design02.a(UART_1.o)
                              .\CortexM0\ARM_GCC_484\Debug\main.o (UART_1_Start)
.\CortexM0\ARM_GCC_484\Debug\Design02.a(UART_1_UART.o)
                              .\CortexM0\ARM_GCC_484\Debug\Design02.a(UART_1.o) (UART_1_UartInit)
.\CortexM0\ARM_GCC_484\Debug\Design02.a(I2C_I2C_INT.o)
                              .\CortexM0\ARM_GCC_484\Debug\Design02.a(I2C_I2C.o) (I2C_I2C_ISR)
.\CortexM0\ARM_GCC_484\Debug\Design02.a(UART_1_SPI_UART.o)
                              .\CortexM0\ARM_GCC_484\Debug\Design02.a(UART_1_UART.o) (UART_1_SpiUartReadRxData)
c:/program files (x86)/cypress/psoc creator/3.1/psoc creator/import/gnu_cs/arm/4.8.4/bin/../lib/gcc/arm-none-eabi/4.8.4/armv6-m\libgcc.a(_udivsi3.o)
                              .\CortexM0\ARM_GCC_484\Debug\TimeFunctions.o (__aeabi_uidiv)
c:/program files (x86)/cypress/psoc creator/3.1/psoc creator/import/gnu_cs/arm/4.8.4/bin/../lib/gcc/arm-none-eabi/4.8.4/armv6-m\libgcc.a(_divsi3.o)
                              .\CortexM0\ARM_GCC_484\Debug\Cm0Start.o (__aeabi_idiv)
c:/program files (x86)/cypress/psoc creator/3.1/psoc creator/import/gnu_cs/arm/4.8.4/bin/../lib/gcc/arm-none-eabi/4.8.4/armv6-m\libgcc.a(_dvmd_tls.o)
                              c:/program files (x86)/cypress/psoc creator/3.1/psoc creator/import/gnu_cs/arm/4.8.4/bin/../lib/gcc/arm-none-eabi/4.8.4/armv6-m\libgcc.a(_udivsi3.o) (__aeabi_idiv0)
c:/program files (x86)/cypress/psoc creator/3.1/psoc creator/import/gnu_cs/arm/4.8.4/bin/../lib/gcc/arm-none-eabi/4.8.4/../../../../arm-none-eabi/lib/armv6-m\libg_s.a(lib_a-errno.o)
                              .\CortexM0\ARM_GCC_484\Debug\Cm0Start.o (__errno)
c:/program files (x86)/cypress/psoc creator/3.1/psoc creator/import/gnu_cs/arm/4.8.4/bin/../lib/gcc/arm-none-eabi/4.8.4/../../../../arm-none-eabi/lib/armv6-m\libg_s.a(lib_a-exit.o)
                              c:/program files (x86)/cypress/psoc creator/3.1/psoc creator/import/gnu_cs/arm/4.8.4/bin/../lib/gcc/arm-none-eabi/4.8.4/../../../../arm-none-eabi/lib/armv6-m/crt0.o (exit)
c:/program files (x86)/cypress/psoc creator/3.1/psoc creator/import/gnu_cs/arm/4.8.4/bin/../lib/gcc/arm-none-eabi/4.8.4/../../../../arm-none-eabi/lib/armv6-m\libg_s.a(lib_a-impure.o)
                              c:/program files (x86)/cypress/psoc creator/3.1/psoc creator/import/gnu_cs/arm/4.8.4/bin/../lib/gcc/arm-none-eabi/4.8.4/../../../../arm-none-eabi/lib/armv6-m\libg_s.a(lib_a-exit.o) (_global_impure_ptr)
c:/program files (x86)/cypress/psoc creator/3.1/psoc creator/import/gnu_cs/arm/4.8.4/bin/../lib/gcc/arm-none-eabi/4.8.4/../../../../arm-none-eabi/lib/armv6-m\libg_s.a(lib_a-init.o)
                              c:/program files (x86)/cypress/psoc creator/3.1/psoc creator/import/gnu_cs/arm/4.8.4/bin/../lib/gcc/arm-none-eabi/4.8.4/../../../../arm-none-eabi/lib/armv6-m/crt0.o (__libc_init_array)
c:/program files (x86)/cypress/psoc creator/3.1/psoc creator/import/gnu_cs/arm/4.8.4/bin/../lib/gcc/arm-none-eabi/4.8.4/../../../../arm-none-eabi/lib/armv6-m\libg_s.a(lib_a-memcpy-stub.o)
                              .\CortexM0\ARM_GCC_484\Debug\Design02.a(cyfitter_cfg.o) (memcpy)
c:/program files (x86)/cypress/psoc creator/3.1/psoc creator/import/gnu_cs/arm/4.8.4/bin/../lib/gcc/arm-none-eabi/4.8.4/../../../../arm-none-eabi/lib/armv6-m\libg_s.a(lib_a-memset.o)
                              c:/program files (x86)/cypress/psoc creator/3.1/psoc creator/import/gnu_cs/arm/4.8.4/bin/../lib/gcc/arm-none-eabi/4.8.4/../../../../arm-none-eabi/lib/armv6-m/crt0.o (memset)
c:/program files (x86)/cypress/psoc creator/3.1/psoc creator/import/gnu_cs/arm/4.8.4/bin/../lib/gcc/arm-none-eabi/4.8.4/../../../../arm-none-eabi/lib/armv6-m\libg_s.a(lib_a-sprintf.o)
[...]
Memory Configuration

Name             Origin             Length             Attributes
rom              0x00000000         0x00008000         xr
ram              0x20000000         0x00001000         xrw
*default*        0x00000000         0xffffffff

Linker script and memory map

LOAD c:/program files (x86)/cypress/psoc creator/3.1/psoc creator/import/gnu_cs/arm/4.8.4/bin/../lib/gcc/arm-none-eabi/4.8.4/armv6-m/crti.o
LOAD c:/program files (x86)/cypress/psoc creator/3.1/psoc creator/import/gnu_cs/arm/4.8.4/bin/../lib/gcc/arm-none-eabi/4.8.4/armv6-m/crtbegin.o
LOAD c:/program files (x86)/cypress/psoc creator/3.1/psoc creator/import/gnu_cs/arm/4.8.4/bin/../lib/gcc/arm-none-eabi/4.8.4/../../../../arm-none-eabi/lib/armv6-m/crt0.o
START GROUP
LOAD .\CortexM0\ARM_GCC_484\Debug\main.o
LOAD .\CortexM0\ARM_GCC_484\Debug\i2cClock.o
LOAD .\CortexM0\ARM_GCC_484\Debug\RTC.o
LOAD .\CortexM0\ARM_GCC_484\Debug\TimeFunctions.o
LOAD .\CortexM0\ARM_GCC_484\Debug\cybootloader.o
LOAD .\CortexM0\ARM_GCC_484\Debug\cymetadata.o
LOAD .\CortexM0\ARM_GCC_484\Debug\Cm0Start.o
LOAD .\CortexM0\ARM_GCC_484\Debug\Design02.a
LOAD C:\Program Files (x86)\Cypress\PSoC Creator\3.1\PSoC Creator\psoc\content\cycomponentlibrary\CyComponentLibrary.cylib\CortexM0\ARM_GCC_484\Debug\CyComponentLibrary.a
END GROUP
START GROUP
LOAD c:/program files (x86)/cypress/psoc creator/3.1/psoc creator/import/gnu_cs/arm/4.8.4/bin/../lib/gcc/arm-none-eabi/4.8.4/armv6-m\libgcc.a
LOAD c:/program files (x86)/cypress/psoc creator/3.1/psoc creator/import/gnu_cs/arm/4.8.4/bin/../lib/gcc/arm-none-eabi/4.8.4/../../../../arm-none-eabi/lib/armv6-m\libg_s.a
LOAD c:/program files (x86)/cypress/psoc creator/3.1/psoc creator/import/gnu_cs/arm/4.8.4/bin/../lib/gcc/arm-none-eabi/4.8.4/../../../../arm-none-eabi/lib/armv6-m\libc_s.a
END GROUP
START GROUP
LOAD c:/program files (x86)/cypress/psoc creator/3.1/psoc creator/import/gnu_cs/arm/4.8.4/bin/../lib/gcc/arm-none-eabi/4.8.4/armv6-m\libgcc.a
LOAD c:/program files (x86)/cypress/psoc creator/3.1/psoc creator/import/gnu_cs/arm/4.8.4/bin/../lib/gcc/arm-none-eabi/4.8.4/../../../../arm-none-eabi/lib/armv6-m\libc_s.a
END GROUP
LOAD c:/program files (x86)/cypress/psoc creator/3.1/psoc creator/import/gnu_cs/arm/4.8.4/bin/../lib/gcc/arm-none-eabi/4.8.4/armv6-m/crtend.o
LOAD c:/program files (x86)/cypress/psoc creator/3.1/psoc creator/import/gnu_cs/arm/4.8.4/bin/../lib/gcc/arm-none-eabi/4.8.4/armv6-m/crtn.o
START GROUP
LOAD c:/program files (x86)/cypress/psoc creator/3.1/psoc creator/import/gnu_cs/arm/4.8.4/bin/../lib/gcc/arm-none-eabi/4.8.4/armv6-m\libgcc.a
LOAD c:/program files (x86)/cypress/psoc creator/3.1/psoc creator/import/gnu_cs/arm/4.8.4/bin/../lib/gcc/arm-none-eabi/4.8.4/../../../../arm-none-eabi/lib/armv6-m\libc.a
LOAD c:/program files (x86)/cypress/psoc creator/3.1/psoc creator/import/gnu_cs/arm/4.8.4/bin/../lib/gcc/arm-none-eabi/4.8.4/../../../../arm-none-eabi/lib/armv6-m\libnosys.a
END GROUP
                0x00000000                CY_APPL_ORIGIN = 0x0
                0x00000080                CY_FLASH_ROW_SIZE = 0x80
                0x00000001                CY_APPL_NUM = 0x1
                0x00000040                CY_METADATA_SIZE = 0x40
                0x200001b0                PROVIDE (__cy_heap_start, _end)
                0x00000001                PROVIDE (__cy_region_num, ((__cy_regions_end - __cy_regions) / 0x10))
                0x20001000                PROVIDE (__cy_stack, (ORIGIN (ram) + 0x1000))
                0x20000c00                PROVIDE (__cy_heap_end, (__cy_stack - 0x400))

.cybootloader   0x00000000     0x1100
 *(.cybootloader)
 .cybootloader  0x00000000     0x1100 .\CortexM0\ARM_GCC_484\Debug\cybootloader.o
                0x00000000                cy_bootloader
                0x00001100                appl1_start = CY_APPL_ORIGIN?CY_APPL_ORIGIN:ALIGN (CY_FLASH_ROW_SIZE)
                0x00004800                appl2_start = (appl1_start + ALIGN ((((0x8000 - appl1_start) - (0x2 * CY_FLASH_ROW_SIZE)) / 0x2), CY_FLASH_ROW_SIZE))
                0x00001100                appl_start = (CY_APPL_NUM == 0x1)?appl1_start:appl2_start

.text           0x00001100     0x1fdc
 CREATE_OBJECT_SYMBOLS
                0x00001100                PROVIDE (__cy_interrupt_vector, RomVectors)
 *(.romvectors)
 .romvectors    0x00001100       0x10 .\CortexM0\ARM_GCC_484\Debug\Cm0Start.o
                0x00001100                RomVectors
                0x00000001                ASSERT ((. != __cy_interrupt_vector), No interrupt vector)
                0x00000001                ASSERT (CY_APPL_ORIGIN?(SIZEOF (.cybootloader) <= CY_APPL_ORIGIN):0x1, Wrong image location)
                0x00001110                PROVIDE (__cy_reset, Reset)
 *(.text.Reset)
 .text.Reset    0x00001110       0x14 .\CortexM0\ARM_GCC_484\Debug\Cm0Start.o
                0x00001110                Reset
                0x00000001                ASSERT ((. != __cy_reset), No reset code)
 *(.psocinit)
 .psocinit      0x00001124      0x274 .\CortexM0\ARM_GCC_484\Debug\Design02.a(cyfitter_cfg.o)
                0x0000126c                cyfitter_cfg
                0x00001398                . = MAX (., 0x100)
 *(.text .text.* .gnu.linkonce.t.*)
 .text          0x00001398       0x60 c:/program files (x86)/cypress/psoc creator/3.1/psoc creator/import/gnu_cs/arm/4.8.4/bin/../lib/gcc/arm-none-eabi/4.8.4/armv6-m/crtbegin.o
 .text.main     0x000013f8       0xbc .\CortexM0\ARM_GCC_484\Debug\main.o
                0x000013f8                main
 .text.readReg  0x000014b4       0x70 .\CortexM0\ARM_GCC_484\Debug\i2cClock.o
                0x000014b4                readReg
 .text.writeReg
                0x00001524       0x4c .\CortexM0\ARM_GCC_484\Debug\i2cClock.o
                0x00001524                writeReg
 .text.setSec   0x00001570       0x34 .\CortexM0\ARM_GCC_484\Debug\RTC.o
                0x00001570                setSec
 .text.getSec   0x000015a4       0x1c .\CortexM0\ARM_GCC_484\Debug\RTC.o
                0x000015a4                getSec
 .text.setMin   0x000015c0       0x34 .\CortexM0\ARM_GCC_484\Debug\RTC.o
                0x000015c0                setMin
 .text.getMin   0x000015f4       0x1c .\CortexM0\ARM_GCC_484\Debug\RTC.o
                0x000015f4                getMin
 .text.setHours
                0x00001610       0x34 .\CortexM0\ARM_GCC_484\Debug\RTC.o
                0x00001610                setHours
 .text.getHours
                0x00001644       0x28 .\CortexM0\ARM_GCC_484\Debug\RTC.o
                0x00001644                getHours
 .text.decodeSec
                0x0000166c       0x70 .\CortexM0\ARM_GCC_484\Debug\TimeFunctions.o
                0x0000166c                decodeSec
 .text.encodeSec
                0x000016dc       0x58 .\CortexM0\ARM_GCC_484\Debug\TimeFunctions.o
                0x000016dc                encodeSec
 .text.decodeMin
                0x00001734       0x70 .\CortexM0\ARM_GCC_484\Debug\TimeFunctions.o
                0x00001734                decodeMin
 .text.encodeMin
                0x000017a4       0x58 .\CortexM0\ARM_GCC_484\Debug\TimeFunctions.o
                0x000017a4                encodeMin
 .text.decodeHours24
                0x000017fc       0x70 .\CortexM0\ARM_GCC_484\Debug\TimeFunctions.o
                0x000017fc                decodeHours24
 .text.encodeHours24
                0x0000186c       0x6c .\CortexM0\ARM_GCC_484\Debug\TimeFunctions.o
                0x0000186c                encodeHours24
 .text.IntDefaultHandler
                0x000018d8        0x8 .\CortexM0\ARM_GCC_484\Debug\Cm0Start.o
                0x000018d8                IntDefaultHandler
 .text._sbrk    0x000018e0       0x50 .\CortexM0\ARM_GCC_484\Debug\Cm0Start.o
                0x000018e0                _sbrk
 .text.Start_c  0x00001930       0x98 .\CortexM0\ARM_GCC_484\Debug\Cm0Start.o
                0x00001930                Start_c
 .text.initialize_psoc
                0x000019c8       0x74 .\CortexM0\ARM_GCC_484\Debug\Cm0Start.o
                0x000019c8                initialize_psoc
 .text.CYMEMZERO
                0x00001a3c       0x20 .\CortexM0\ARM_GCC_484\Debug\Design02.a(cyfitter_cfg.o)
 .text.AnalogSetDefault
                0x00001a5c        0x8 .\CortexM0\ARM_GCC_484\Debug\Design02.a(cyfitter_cfg.o)
 *fill*         0x00001a64        0x4 
 .text          0x00001a68       0x28 .\CortexM0\ARM_GCC_484\Debug\Design02.a(CyBootAsmGnu.o)
                0x00001a68                CyDelayCycles
                0x00001a7c                CyEnterCriticalSection
                0x00001a84                CyExitCriticalSection
 .text.CyIntSetVector
                0x00001a90       0x4c .\CortexM0\ARM_GCC_484\Debug\Design02.a(CyLib.o)
                0x00001a90                CyIntSetVector
 .text.CyIntSetPriority
                0x00001adc       0xa8 .\CortexM0\ARM_GCC_484\Debug\Design02.a(CyLib.o)
                0x00001adc                CyIntSetPriority
 .text.CyIntEnable
                0x00001b84       0x2c .\CortexM0\ARM_GCC_484\Debug\Design02.a(CyLib.o)
                0x00001b84                CyIntEnable
 .text.CyIntDisable
                0x00001bb0       0x2c .\CortexM0\ARM_GCC_484\Debug\Design02.a(CyLib.o)
                0x00001bb0                CyIntDisable
 .text.CyHalt   0x00001bdc       0x14 .\CortexM0\ARM_GCC_484\Debug\Design02.a(CyLib.o)
                0x00001bdc                CyHalt
 .text.CyDelay  0x00001bf0       0x48 .\CortexM0\ARM_GCC_484\Debug\Design02.a(CyLib.o)
                0x00001bf0                CyDelay
 .text.CyDelayUs
                0x00001c38       0x28 .\CortexM0\ARM_GCC_484\Debug\Design02.a(CyLib.o)
                0x00001c38                CyDelayUs
 .text.I2C_Init
                0x00001c60        0xc .\CortexM0\ARM_GCC_484\Debug\Design02.a(I2C.o)
                0x00001c60                I2C_Init
 .text.I2C_Enable
                0x00001c6c       0x20 .\CortexM0\ARM_GCC_484\Debug\Design02.a(I2C.o)
                0x00001c6c                I2C_Enable
 .text.I2C_Start
                0x00001c8c       0x24 .\CortexM0\ARM_GCC_484\Debug\Design02.a(I2C.o)
                0x00001c8c                I2C_Start
 .text.I2C_ScbEnableIntr
                0x00001cb0       0x10 .\CortexM0\ARM_GCC_484\Debug\Design02.a(I2C.o)
 .text.I2C_I2CInit
                0x00001cc0       0xe8 .\CortexM0\ARM_GCC_484\Debug\Design02.a(I2C_I2C.o)
                0x00001cc0                I2C_I2CInit
 .text.I2C_I2CMasterWriteBuf
                0x00001da8      0x11c .\CortexM0\ARM_GCC_484\Debug\Design02.a(I2C_I2C_MASTER.o)
                0x00001da8                I2C_I2CMasterWriteBuf
 .text.I2C_I2CMasterReadBuf
                0x00001ec4      0x12c .\CortexM0\ARM_GCC_484\Debug\Design02.a(I2C_I2C_MASTER.o)
                0x00001ec4                I2C_I2CMasterReadBuf
 .text.I2C_I2CMasterStatus
                0x00001ff0       0x44 .\CortexM0\ARM_GCC_484\Debug\Design02.a(I2C_I2C_MASTER.o)
                0x00001ff0                I2C_I2CMasterStatus
 .text.I2C_I2CReStartGeneration
                0x00002034       0xb4 .\CortexM0\ARM_GCC_484\Debug\Design02.a(I2C_I2C_MASTER.o)
                0x00002034                I2C_I2CReStartGeneration
 .text.I2C_sda_Read
                0x000020e8       0x1c .\CortexM0\ARM_GCC_484\Debug\Design02.a(I2C_sda.o)
                0x000020e8                I2C_sda_Read
 .text.I2C_scl_Write
                0x00002104       0x4c .\CortexM0\ARM_GCC_484\Debug\Design02.a(I2C_scl.o)
                0x00002104                I2C_scl_Write
 .text.I2C_scl_Read
                0x00002150       0x1c .\CortexM0\ARM_GCC_484\Debug\Design02.a(I2C_scl.o)
                0x00002150                I2C_scl_Read
 .text.UART_1_Init
                0x0000216c        0xc .\CortexM0\ARM_GCC_484\Debug\Design02.a(UART_1.o)
                0x0000216c                UART_1_Init
 .text.UART_1_Enable
                0x00002178       0x20 .\CortexM0\ARM_GCC_484\Debug\Design02.a(UART_1.o)
                0x00002178                UART_1_Enable
 .text.UART_1_Start
                0x00002198       0x24 .\CortexM0\ARM_GCC_484\Debug\Design02.a(UART_1.o)
                0x00002198                UART_1_Start
 .text.UART_1_ScbEnableIntr
                0x000021bc        0x8 .\CortexM0\ARM_GCC_484\Debug\Design02.a(UART_1.o)
 .text.UART_1_UartInit
                0x000021c4       0xa8 .\CortexM0\ARM_GCC_484\Debug\Design02.a(UART_1_UART.o)
                0x000021c4                UART_1_UartInit
 .text.UART_1_UartPutString
                0x0000226c       0x34 .\CortexM0\ARM_GCC_484\Debug\Design02.a(UART_1_UART.o)
                0x0000226c                UART_1_UartPutString
 .text.I2C_I2C_ISR
                0x000022a0      0x4ec .\CortexM0\ARM_GCC_484\Debug\Design02.a(I2C_I2C_INT.o)
                0x000022a0                I2C_I2C_ISR
 .text.UART_1_SpiUartWriteTxData
                0x0000278c       0x2c .\CortexM0\ARM_GCC_484\Debug\Design02.a(UART_1_SPI_UART.o)
                0x0000278c                UART_1_SpiUartWriteTxData
 .text          0x000027b8       0x9c c:/program files (x86)/cypress/psoc creator/3.1/psoc creator/import/gnu_cs/arm/4.8.4/bin/../lib/gcc/arm-none-eabi/4.8.4/armv6-m\libgcc.a(_udivsi3.o)
                0x000027b8                __aeabi_uidiv
                0x000027b8                __udivsi3
                0x00002840                __aeabi_uidivmod
 .text          0x00002854        0x4 c:/program files (x86)/cypress/psoc creator/3.1/psoc creator/import/gnu_cs/arm/4.8.4/bin/../lib/gcc/arm-none-eabi/4.8.4/armv6-m\libgcc.a(_dvmd_tls.o)
                0x00002854                __aeabi_idiv0
                0x00002854                __aeabi_ldiv0
 .text.__errno  0x00002858        0xc c:/program files (x86)/cypress/psoc creator/3.1/psoc creator/import/gnu_cs/arm/4.8.4/bin/../lib/gcc/arm-none-eabi/4.8.4/../../../../arm-none-eabi/lib/armv6-m\libg_s.a(lib_a-errno.o)
                0x00002858                __errno
 .text.__libc_init_array
                0x00002864       0x4c c:/program files (x86)/cypress/psoc creator/3.1/psoc creator/import/gnu_cs/arm/4.8.4/bin/../lib/gcc/arm-none-eabi/4.8.4/../../../../arm-none-eabi/lib/armv6-m\libg_s.a(lib_a-init.o)
                0x00002864                __libc_init_array
 .text.memcpy   0x000028b0       0x12 c:/program files (x86)/cypress/psoc creator/3.1/psoc creator/import/gnu_cs/arm/4.8.4/bin/../lib/gcc/arm-none-eabi/4.8.4/../../../../arm-none-eabi/lib/armv6-m\libg_s.a(lib_a-memcpy-stub.o)
                0x000028b0                memcpy
 .text.memset   0x000028c2       0x10 c:/program files (x86)/cypress/psoc creator/3.1/psoc creator/import/gnu_cs/arm/4.8.4/bin/../lib/gcc/arm-none-eabi/4.8.4/../../../../arm-none-eabi/lib/armv6-m\libg_s.a(lib_a-memset.o)
                0x000028c2                memset
 *fill*         0x000028d2        0x2 
 .text.sprintf  0x000028d4       0x44 c:/program files (x86)/cypress/psoc creator/3.1/psoc creator/import/gnu_cs/arm/4.8.4/bin/../lib/gcc/arm-none-eabi/4.8.4/../../../../arm-none-eabi/lib/armv6-m\libg_s.a(lib_a-sprintf.o)
                0x000028d4                siprintf
                0x000028d4                sprintf
 .text.__ssputs_r
                0x00002918       0xc0 c:/program files (x86)/cypress/psoc creator/3.1/psoc creator/import/gnu_cs/arm/4.8.4/bin/../lib/gcc/arm-none-eabi/4.8.4/../../../../arm-none-eabi/lib/armv6-m\libg_s.a(lib_a-svfprintf.o)
                0x00002918                __ssputs_r
 .text._svfprintf_r
                0x000029d8      0x1e0 c:/program files (x86)/cypress/psoc creator/3.1/psoc creator/import/gnu_cs/arm/4.8.4/bin/../lib/gcc/arm-none-eabi/4.8.4/../../../../arm-none-eabi/lib/armv6-m\libg_s.a(lib_a-svfprintf.o)
                0x000029d8                _svfiprintf_r
                0x000029d8                _svfprintf_r
 .text._printf_common
                0x00002bb8       0xe8 c:/program files (x86)/cypress/psoc creator/3.1/psoc creator/import/gnu_cs/arm/4.8.4/bin/../lib/gcc/arm-none-eabi/4.8.4/../../../../arm-none-eabi/lib/armv6-m\libg_s.a(lib_a-vfprintf_i.o)
                0x00002bb8                _printf_common
 .text._printf_i
                0x00002ca0      0x22c c:/program files (x86)/cypress/psoc creator/3.1/psoc creator/import/gnu_cs/arm/4.8.4/bin/../lib/gcc/arm-none-eabi/4.8.4/../../../../arm-none-eabi/lib/armv6-m\libg_s.a(lib_a-vfprintf_i.o)
                0x00002ca0                _printf_i
 .text.memchr   0x00002ecc       0x16 c:/program files (x86)/cypress/psoc creator/3.1/psoc creator/import/gnu_cs/arm/4.8.4/bin/../lib/gcc/arm-none-eabi/4.8.4/../../../../arm-none-eabi/lib/armv6-m\libg_s.a(lib_a-memchr-stub.o)
                0x00002ecc                memchr
 .text.memmove  0x00002ee2       0x32 c:/program files (x86)/cypress/psoc creator/3.1/psoc creator/import/gnu_cs/arm/4.8.4/bin/../lib/gcc/arm-none-eabi/4.8.4/../../../../arm-none-eabi/lib/armv6-m\libg_s.a(lib_a-memmove.o)
                0x00002ee2                memmove
 .text._free_r  0x00002f14       0x90 c:/program files (x86)/cypress/psoc creator/3.1/psoc creator/import/gnu_cs/arm/4.8.4/bin/../lib/gcc/arm-none-eabi/4.8.4/../../../../arm-none-eabi/lib/armv6-m\libg_s.a(lib_a-nano-freer.o)
                0x00002f14                _free_r
 .text._malloc_r
                0x00002fa4       0xa8 c:/program files (x86)/cypress/psoc creator/3.1/psoc creator/import/gnu_cs/arm/4.8.4/bin/../lib/gcc/arm-none-eabi/4.8.4/../../../../arm-none-eabi/lib/armv6-m\libg_s.a(lib_a-nano-mallocr.o)
                0x00002fa4                _malloc_r
 .text._realloc_r
                0x0000304c       0x4c c:/program files (x86)/cypress/psoc creator/3.1/psoc creator/import/gnu_cs/arm/4.8.4/bin/../lib/gcc/arm-none-eabi/4.8.4/../../../../arm-none-eabi/lib/armv6-m\libg_s.a(lib_a-nano-reallocr.o)
                0x0000304c                _realloc_r
 .text._sbrk_r  0x00003098       0x24 c:/program files (x86)/cypress/psoc creator/3.1/psoc creator/import/gnu_cs/arm/4.8.4/bin/../lib/gcc/arm-none-eabi/4.8.4/../../../../arm-none-eabi/lib/armv6-m\libg_s.a(lib_a-sbrkr.o)
                0x00003098                _sbrk_r
 .text.strlen   0x000030bc        0xe c:/program files (x86)/cypress/psoc creator/3.1/psoc creator/import/gnu_cs/arm/4.8.4/bin/../lib/gcc/arm-none-eabi/4.8.4/../../../../arm-none-eabi/lib/armv6-m\libg_s.a(lib_a-strlen.o)
                0x000030bc                strlen
 .text._malloc_usable_size_r
                0x000030ca       0x12 c:/program files (x86)/cypress/psoc creator/3.1/psoc creator/import/gnu_cs/arm/4.8.4/bin/../lib/gcc/arm-none-eabi/4.8.4/../../../../arm-none-eabi/lib/armv6-m\libg_s.a(lib_a-nano-msizer.o)
                0x000030ca                _malloc_usable_size_r
 *(.plt)
 *(.gnu.warning)
 *(.glue_7t)
 .glue_7t       0x00000000        0x0 linker stubs
 *(.glue_7)
 .glue_7        0x00000000        0x0 linker stubs
 *(.vfp11_veneer)
 .vfp11_veneer  0x00000000        0x0 linker stubs
 *(.bootloader)
 *(.ARM.extab* .gnu.linkonce.armextab.*)
 *(.gcc_except_table)

.v4_bx          0x000030dc        0x0
 .v4_bx         0x00000000        0x0 linker stubs

.iplt           0x000030dc        0x0
 .iplt          0x00000000        0x0 c:/program files (x86)/cypress/psoc creator/3.1/psoc creator/import/gnu_cs/arm/4.8.4/bin/../lib/gcc/arm-none-eabi/4.8.4/armv6-m/crtbegin.o

.eh_frame_hdr
 *(.eh_frame_hdr)

.eh_frame       0x000030dc        0x4
 *(.eh_frame)
 .eh_frame      0x000030dc        0x0 c:/program files (x86)/cypress/psoc creator/3.1/psoc creator/import/gnu_cs/arm/4.8.4/bin/../lib/gcc/arm-none-eabi/4.8.4/armv6-m/crtbegin.o
 .eh_frame      0x000030dc        0x4 c:/program files (x86)/cypress/psoc creator/3.1/psoc creator/import/gnu_cs/arm/4.8.4/bin/../lib/gcc/arm-none-eabi/4.8.4/armv6-m/crtend.o
                0x000030e0                PROVIDE (__exidx_start, .)

.ARM.exidx
 *(.ARM.exidx* .gnu.linkonce.armexidx.*)
                0x000030e0                __exidx_end = .

.rodata         0x000030e0       0xa0
 *(.rodata .rodata.* .gnu.linkonce.r.*)
 .rodata        0x000030e0       0x24 .\CortexM0\ARM_GCC_484\Debug\main.o
 .rodata        0x00003104       0x10 .\CortexM0\ARM_GCC_484\Debug\Design02.a(cyfitter_cfg.o)
 .rodata.str1.1
                0x00003114        0x2 c:/program files (x86)/cypress/psoc creator/3.1/psoc creator/import/gnu_cs/arm/4.8.4/bin/../lib/gcc/arm-none-eabi/4.8.4/../../../../arm-none-eabi/lib/armv6-m\libg_s.a(lib_a-impure.o)
 .rodata.str1.1
                0x00003116       0x11 c:/program files (x86)/cypress/psoc creator/3.1/psoc creator/import/gnu_cs/arm/4.8.4/bin/../lib/gcc/arm-none-eabi/4.8.4/../../../../arm-none-eabi/lib/armv6-m\libg_s.a(lib_a-svfprintf.o)
 .rodata.str1.1
                0x00003127       0x22 c:/program files (x86)/cypress/psoc creator/3.1/psoc creator/import/gnu_cs/arm/4.8.4/bin/../lib/gcc/arm-none-eabi/4.8.4/../../../../arm-none-eabi/lib/armv6-m\libg_s.a(lib_a-vfprintf_i.o)
                0x0000314c                . = ALIGN (0x4)
 *fill*         0x00003149        0x3 
 *(.init)
 .init          0x0000314c        0x4 c:/program files (x86)/cypress/psoc creator/3.1/psoc creator/import/gnu_cs/arm/4.8.4/bin/../lib/gcc/arm-none-eabi/4.8.4/armv6-m/crti.o
                0x0000314c                _init
 .init          0x00003150        0x8 c:/program files (x86)/cypress/psoc creator/3.1/psoc creator/import/gnu_cs/arm/4.8.4/bin/../lib/gcc/arm-none-eabi/4.8.4/armv6-m/crtn.o
                0x00003158                . = ALIGN (0x4)
                0x00003158                __preinit_array_start = .
 *(.preinit_array)
                0x00003158                __preinit_array_end = .
                0x00003158                . = ALIGN (0x4)
                0x00003158                __init_array_start = .
 *(SORT(.init_array.*))
 *(.init_array)
 .init_array    0x00003158        0x4 c:/program files (x86)/cypress/psoc creator/3.1/psoc creator/import/gnu_cs/arm/4.8.4/bin/../lib/gcc/arm-none-eabi/4.8.4/armv6-m/crtbegin.o
 .init_array    0x0000315c        0x4 .\CortexM0\ARM_GCC_484\Debug\Cm0Start.o
                0x00003160                __init_array_end = .
                0x00003160                . = ALIGN (0x4)
 *(.fini)
 .fini          0x00003160        0x4 c:/program files (x86)/cypress/psoc creator/3.1/psoc creator/import/gnu_cs/arm/4.8.4/bin/../lib/gcc/arm-none-eabi/4.8.4/armv6-m/crti.o
                0x00003160                _fini
 .fini          0x00003164        0x8 c:/program files (x86)/cypress/psoc creator/3.1/psoc creator/import/gnu_cs/arm/4.8.4/bin/../lib/gcc/arm-none-eabi/4.8.4/armv6-m/crtn.o
                0x0000316c                . = ALIGN (0x4)
                0x0000316c                __fini_array_start = .
 *(.fini_array)
 .fini_array    0x0000316c        0x4 c:/program files (x86)/cypress/psoc creator/3.1/psoc creator/import/gnu_cs/arm/4.8.4/bin/../lib/gcc/arm-none-eabi/4.8.4/armv6-m/crtbegin.o
 *(SORT(.fini_array.*))
                0x00003170                __fini_array_end = .
                0x00003170                . = ALIGN (0x4)
 *crtbegin.o(.ctors)
 *(EXCLUDE_FILE(*crtend.o) .ctors)
 *(SORT(.ctors.*))
 *crtend.o(.ctors)
                0x00003170                . = ALIGN (0x4)
 *crtbegin.o(.dtors)
 *(EXCLUDE_FILE(*crtend.o) .dtors)
 *(SORT(.dtors.*))
 *crtend.o(.dtors)
                0x00003170                . = ALIGN (0x4)
                0x00003170                __cy_regions = .
                0x00003170        0x4 LONG 0x3180 __cy_region_init_ram
                0x00003174        0x4 LONG 0x200000d0 __cy_region_start_data
                0x00003178        0x4 LONG 0x80 __cy_region_init_size_ram
                0x0000317c        0x4 LONG 0x60 __cy_region_zero_size_ram
                0x00003180                __cy_regions_end = .
                0x00003180                . = ALIGN (0x8)
                0x00003180                _etext = .

.ramvectors     0x20000000       0xc0
                0x20000000                __cy_region_start_ram = .
 *(.ramvectors)
 .ramvectors    0x20000000       0xc0 .\CortexM0\ARM_GCC_484\Debug\Cm0Start.o
                0x20000000                CyRamVectors

.btldr_run      0x200000c0        0x4
 *(.bootloaderruntype)
 .bootloaderruntype
                0x200000c0        0x4 .\CortexM0\ARM_GCC_484\Debug\Cm0Start.o
                0x200000c0                cyBtldrRunType

.noinit         0x200000c8        0x4
 *(.noinit)
 .noinit        0x200000c8        0x4 .\CortexM0\ARM_GCC_484\Debug\Cm0Start.o

.data           0x200000d0       0x80 load address 0x00003180
                0x200000d0                __cy_region_start_data = .
 *(.jcr)
 .jcr           0x200000d0        0x0 c:/program files (x86)/cypress/psoc creator/3.1/psoc creator/import/gnu_cs/arm/4.8.4/bin/../lib/gcc/arm-none-eabi/4.8.4/armv6-m/crtbegin.o
 .jcr           0x200000d0        0x4 c:/program files (x86)/cypress/psoc creator/3.1/psoc creator/import/gnu_cs/arm/4.8.4/bin/../lib/gcc/arm-none-eabi/4.8.4/armv6-m/crtend.o
 *(.got.plt)
 *(.got)
 *(.shdata)
 *(.data .data.* .gnu.linkonce.d.*)
 .data          0x200000d4        0x4 .\CortexM0\ARM_GCC_484\Debug\Cm0Start.o
 .data          0x200000d8        0x4 .\CortexM0\ARM_GCC_484\Debug\Design02.a(cyfitter_cfg.o)
 .data          0x200000dc       0x10 .\CortexM0\ARM_GCC_484\Debug\Design02.a(CyLib.o)
                0x200000dc                cydelayFreqHz
                0x200000e0                cydelayFreqKhz
                0x200000e4                cydelayFreqMhz
                0x200000e8                cydelay32kMs
 .data.impure_data
                0x200000ec       0x60 c:/program files (x86)/cypress/psoc creator/3.1/psoc creator/import/gnu_cs/arm/4.8.4/bin/../lib/gcc/arm-none-eabi/4.8.4/../../../../arm-none-eabi/lib/armv6-m\libg_s.a(lib_a-impure.o)
 .data._impure_ptr
                0x2000014c        0x4 c:/program files (x86)/cypress/psoc creator/3.1/psoc creator/import/gnu_cs/arm/4.8.4/bin/../lib/gcc/arm-none-eabi/4.8.4/../../../../arm-none-eabi/lib/armv6-m\libg_s.a(lib_a-impure.o)
                0x2000014c                _impure_ptr
                0x20000150                . = ALIGN (0x8)
 *(.ram)
                0x20000150                _edata = .

.igot.plt       0x20000150        0x0 load address 0x00003200
 .igot.plt      0x00000000        0x0 c:/program files (x86)/cypress/psoc creator/3.1/psoc creator/import/gnu_cs/arm/4.8.4/bin/../lib/gcc/arm-none-eabi/4.8.4/armv6-m/crtbegin.o

.bss            0x20000150       0x60 load address 0x00003200
                0x20000150                PROVIDE (__bss_start__, .)
 *(.shbss)
 *(.bss .bss.* .gnu.linkonce.b.*)
 .bss           0x20000150       0x1c c:/program files (x86)/cypress/psoc creator/3.1/psoc creator/import/gnu_cs/arm/4.8.4/bin/../lib/gcc/arm-none-eabi/4.8.4/armv6-m/crtbegin.o
 .bss           0x2000016c        0x8 .\CortexM0\ARM_GCC_484\Debug\Design02.a(I2C.o)
                0x2000016c                I2C_initVar
                0x20000170                I2C_customIntrHandler
 .bss           0x20000174        0x8 .\CortexM0\ARM_GCC_484\Debug\Design02.a(UART_1.o)
                0x20000174                UART_1_initVar
                0x20000178                UART_1_customIntrHandler
 .bss.__malloc_sbrk_start
                0x2000017c        0x4 c:/program files (x86)/cypress/psoc creator/3.1/psoc creator/import/gnu_cs/arm/4.8.4/bin/../lib/gcc/arm-none-eabi/4.8.4/../../../../arm-none-eabi/lib/armv6-m\libg_s.a(lib_a-nano-mallocr.o)
                0x2000017c                __malloc_sbrk_start
 .bss.__malloc_free_list
                0x20000180        0x4 c:/program files (x86)/cypress/psoc creator/3.1/psoc creator/import/gnu_cs/arm/4.8.4/bin/../lib/gcc/arm-none-eabi/4.8.4/../../../../arm-none-eabi/lib/armv6-m\libg_s.a(lib_a-nano-mallocr.o)
                0x20000180                __malloc_free_list
 *(COMMON)
 COMMON         0x20000184        0x1 .\CortexM0\ARM_GCC_484\Debug\Design02.a(I2C_I2C.o)
                0x20000184                I2C_state
 *fill*         0x20000185        0x3 
 COMMON         0x20000188       0x24 .\CortexM0\ARM_GCC_484\Debug\Design02.a(I2C_I2C_MASTER.o)
                0x20000188                I2C_mstrWrBufIndexTmp
                0x2000018c                I2C_mstrWrBufIndex
                0x20000190                I2C_mstrWrBufSize
                0x20000194                I2C_mstrStatus
                0x20000198                I2C_mstrRdBufPtr
                0x2000019c                I2C_mstrControl
                0x200001a0                I2C_mstrRdBufSize
                0x200001a4                I2C_mstrRdBufIndex
                0x200001a8                I2C_mstrWrBufPtr
 COMMON         0x200001ac        0x4 c:/program files (x86)/cypress/psoc creator/3.1/psoc creator/import/gnu_cs/arm/4.8.4/bin/../lib/gcc/arm-none-eabi/4.8.4/../../../../arm-none-eabi/lib/armv6-m\libg_s.a(lib_a-reent.o)
                0x200001ac                errno
                0x200001b0                . = ALIGN (0x8)
 *(.ram.b)
                0x200001b0                _end = .
                0x200001b0                __end = .
                0x200001b0                PROVIDE (end, .)
                0x200001b0                PROVIDE (__bss_end__, .)
                0x00003180                __cy_region_init_ram = LOADADDR (.data)
                0x00000080                __cy_region_init_size_ram = (_edata - ADDR (.data))
                0x00000060                __cy_region_zero_size_ram = (_end - _edata)

.heap           0x200001b0       0x80 load address 0x00003200
                0x200001b0                . = _end
                0x20000230                . = (. + 0x80)
 *fill*         0x200001b0       0x80 
                0x20000230                __cy_heap_limit = .

.stack          0x20000c00      0x400
                0x20000c00                __cy_stack_limit = .
                0x20001000                . = (. + 0x400)
 *fill*         0x20000c00      0x400 
                0x00000001                ASSERT ((__cy_stack_limit >= __cy_heap_limit), region RAM overflowed with stack)

.cyloadermeta   0xf0000000       0x40
 *(.cyloadermeta)
 .cyloadermeta  0xf0000000       0x40 .\CortexM0\ARM_GCC_484\Debug\cybootloader.o
                0xf0000000                cy_meta_loader

.cyloadablemeta
                0x00007fc0       0x40
 *(.cyloadablemeta)
 .cyloadablemeta
                0x00007fc0       0x40 .\CortexM0\ARM_GCC_484\Debug\cymetadata.o
                0x00007fc0                cy_meta_loadable

.cyflashprotect
                0x90400000       0x20
 *(.cyflashprotect)
 .cyflashprotect
                0x90400000       0x20 .\CortexM0\ARM_GCC_484\Debug\cybootloader.o
                0x90400000                cy_meta_flashprotect

.cymeta         0x90500000        0xc
 *(.cymeta)
 .cymeta        0x90500000        0xc .\CortexM0\ARM_GCC_484\Debug\cybootloader.o
                0x90500000                cy_metadata

.cychipprotect  0x90600000        0x4
 *(.cychipprotect)
 .cychipprotect
                0x90600000        0x4 .\CortexM0\ARM_GCC_484\Debug\cybootloader.o
                0x90600000                cy_meta_chipprotect

.rel.dyn        0x00008000        0x0 load address 0x90600004
 .rel.iplt      0x00000000        0x0 c:/program files (x86)/cypress/psoc creator/3.1/psoc creator/import/gnu_cs/arm/4.8.4/bin/../lib/gcc/arm-none-eabi/4.8.4/armv6-m/crtbegin.o

.stab
 *(.stab)

.stabstr
 *(.stabstr)

.debug
 *(.debug)

.line
 *(.line)

.debug_srcinfo
 *(.debug_srcinfo)

.debug_sfnames
 *(.debug_sfnames)

.debug_aranges  0x00000000      0x738
 *(.debug_aranges)
 .debug_aranges
                0x00000000       0x20 .\CortexM0\ARM_GCC_484\Debug\main.o
 .debug_aranges
                0x00000020       0x30 .\CortexM0\ARM_GCC_484\Debug\i2cClock.o
 .debug_aranges
                0x00000050       0x70 .\CortexM0\ARM_GCC_484\Debug\RTC.o
 .debug_aranges
                0x000000c0       0x90 .\CortexM0\ARM_GCC_484\Debug\TimeFunctions.o
 .debug_aranges
                0x00000150       0x18 .\CortexM0\ARM_GCC_484\Debug\cybootloader.o
 .debug_aranges
                0x00000168       0x18 .\CortexM0\ARM_GCC_484\Debug\cymetadata.o
 .debug_aranges
                0x00000180       0x48 .\CortexM0\ARM_GCC_484\Debug\Cm0Start.o
 .debug_aranges
                0x000001c8       0x50 .\CortexM0\ARM_GCC_484\Debug\Design02.a(cyfitter_cfg.o)
 .debug_aranges
                0x00000218       0x20 .\CortexM0\ARM_GCC_484\Debug\Design02.a(CyBootAsmGnu.o)
 .debug_aranges
                0x00000238      0x230 .\CortexM0\ARM_GCC_484\Debug\Design02.a(CyLib.o)
 .debug_aranges
                0x00000468       0x68 .\CortexM0\ARM_GCC_484\Debug\Design02.a(I2C.o)
 .debug_aranges
                0x000004d0       0x28 .\CortexM0\ARM_GCC_484\Debug\Design02.a(I2C_I2C.o)
 .debug_aranges
                0x000004f8       0x88 .\CortexM0\ARM_GCC_484\Debug\Design02.a(I2C_I2C_MASTER.o)
 .debug_aranges
                0x00000580       0x40 .\CortexM0\ARM_GCC_484\Debug\Design02.a(I2C_sda.o)
 .debug_aranges
                0x000005c0       0x40 .\CortexM0\ARM_GCC_484\Debug\Design02.a(I2C_scl.o)
 .debug_aranges
                0x00000600       0x68 .\CortexM0\ARM_GCC_484\Debug\Design02.a(UART_1.o)
 .debug_aranges
                0x00000668       0x50 .\CortexM0\ARM_GCC_484\Debug\Design02.a(UART_1_UART.o)
 .debug_aranges
                0x000006b8       0x20 .\CortexM0\ARM_GCC_484\Debug\Design02.a(I2C_I2C_INT.o)
 .debug_aranges
                0x000006d8       0x60 .\CortexM0\ARM_GCC_484\Debug\Design02.a(UART_1_SPI_UART.o)

.debug_pubnames
 *(.debug_pubnames)

.debug_info     0x00000000     0x3140
 *(.debug_info .gnu.linkonce.wi.*)
 .debug_info    0x00000000      0x126 .\CortexM0\ARM_GCC_484\Debug\main.o
 .debug_info    0x00000126      0x1b0 .\CortexM0\ARM_GCC_484\Debug\i2cClock.o
 .debug_info    0x000002d6      0x24a .\CortexM0\ARM_GCC_484\Debug\RTC.o
 .debug_info    0x00000520      0x54f .\CortexM0\ARM_GCC_484\Debug\TimeFunctions.o
 .debug_info    0x00000a6f      0x14d .\CortexM0\ARM_GCC_484\Debug\cybootloader.o
 .debug_info    0x00000bbc       0xb1 .\CortexM0\ARM_GCC_484\Debug\cymetadata.o
 .debug_info    0x00000c6d      0x310 .\CortexM0\ARM_GCC_484\Debug\Cm0Start.o
 .debug_info    0x00000f7d      0x342 .\CortexM0\ARM_GCC_484\Debug\Design02.a(cyfitter_cfg.o)
 .debug_info    0x000012bf       0xa6 .\CortexM0\ARM_GCC_484\Debug\Design02.a(CyBootAsmGnu.o)
 .debug_info    0x00001365      0xc5b .\CortexM0\ARM_GCC_484\Debug\Design02.a(CyLib.o)
 .debug_info    0x00001fc0      0x1eb .\CortexM0\ARM_GCC_484\Debug\Design02.a(I2C.o)
 .debug_info    0x000021ab      0x119 .\CortexM0\ARM_GCC_484\Debug\Design02.a(I2C_I2C.o)
 .debug_info    0x000022c4      0x466 .\CortexM0\ARM_GCC_484\Debug\Design02.a(I2C_I2C_MASTER.o)
 .debug_info    0x0000272a      0x14c .\CortexM0\ARM_GCC_484\Debug\Design02.a(I2C_sda.o)
 .debug_info    0x00002876      0x14c .\CortexM0\ARM_GCC_484\Debug\Design02.a(I2C_scl.o)
 .debug_info    0x000029c2      0x1eb .\CortexM0\ARM_GCC_484\Debug\Design02.a(UART_1.o)
 .debug_info    0x00002bad      0x1fe .\CortexM0\ARM_GCC_484\Debug\Design02.a(UART_1_UART.o)
 .debug_info    0x00002dab      0x188 .\CortexM0\ARM_GCC_484\Debug\Design02.a(I2C_I2C_INT.o)
 .debug_info    0x00002f33      0x20d .\CortexM0\ARM_GCC_484\Debug\Design02.a(UART_1_SPI_UART.o)

.debug_abbrev   0x00000000     0x1181
 *(.debug_abbrev)
 .debug_abbrev  0x00000000       0x79 .\CortexM0\ARM_GCC_484\Debug\main.o
 .debug_abbrev  0x00000079       0xd4 .\CortexM0\ARM_GCC_484\Debug\i2cClock.o
 .debug_abbrev  0x0000014d       0xc6 .\CortexM0\ARM_GCC_484\Debug\RTC.o
 .debug_abbrev  0x00000213       0xa7 .\CortexM0\ARM_GCC_484\Debug\TimeFunctions.o
 .debug_abbrev  0x000002ba       0x77 .\CortexM0\ARM_GCC_484\Debug\cybootloader.o
 .debug_abbrev  0x00000331       0x5d .\CortexM0\ARM_GCC_484\Debug\cymetadata.o
 .debug_abbrev  0x0000038e      0x1c5 .\CortexM0\ARM_GCC_484\Debug\Cm0Start.o
 .debug_abbrev  0x00000553      0x179 .\CortexM0\ARM_GCC_484\Debug\Design02.a(cyfitter_cfg.o)
 .debug_abbrev  0x000006cc       0x14 .\CortexM0\ARM_GCC_484\Debug\Design02.a(CyBootAsmGnu.o)
 .debug_abbrev  0x000006e0      0x207 .\CortexM0\ARM_GCC_484\Debug\Design02.a(CyLib.o)
 .debug_abbrev  0x000008e7      0x122 .\CortexM0\ARM_GCC_484\Debug\Design02.a(I2C.o)
 .debug_abbrev  0x00000a09       0x9d .\CortexM0\ARM_GCC_484\Debug\Design02.a(I2C_I2C.o)
 .debug_abbrev  0x00000aa6      0x161 .\CortexM0\ARM_GCC_484\Debug\Design02.a(I2C_I2C_MASTER.o)
 .debug_abbrev  0x00000c07       0xb7 .\CortexM0\ARM_GCC_484\Debug\Design02.a(I2C_sda.o)
 .debug_abbrev  0x00000cbe       0xb7 .\CortexM0\ARM_GCC_484\Debug\Design02.a(I2C_scl.o)
 .debug_abbrev  0x00000d75      0x122 .\CortexM0\ARM_GCC_484\Debug\Design02.a(UART_1.o)
 .debug_abbrev  0x00000e97       0xf9 .\CortexM0\ARM_GCC_484\Debug\Design02.a(UART_1_UART.o)
 .debug_abbrev  0x00000f90       0x95 .\CortexM0\ARM_GCC_484\Debug\Design02.a(I2C_I2C_INT.o)
 .debug_abbrev  0x00001025      0x15c .\CortexM0\ARM_GCC_484\Debug\Design02.a(UART_1_SPI_UART.o)

.debug_line     0x00000000     0x1a07
 *(.debug_line)
 .debug_line    0x00000000       0x9c .\CortexM0\ARM_GCC_484\Debug\main.o
 .debug_line    0x0000009c       0xc4 .\CortexM0\ARM_GCC_484\Debug\i2cClock.o
 .debug_line    0x00000160      0x119 .\CortexM0\ARM_GCC_484\Debug\RTC.o
 .debug_line    0x00000279      0x197 .\CortexM0\ARM_GCC_484\Debug\TimeFunctions.o
 .debug_line    0x00000410       0x55 .\CortexM0\ARM_GCC_484\Debug\cybootloader.o
 .debug_line    0x00000465       0x53 .\CortexM0\ARM_GCC_484\Debug\cymetadata.o
 .debug_line    0x000004b8      0x1bc .\CortexM0\ARM_GCC_484\Debug\Cm0Start.o
 .debug_line    0x00000674      0x182 .\CortexM0\ARM_GCC_484\Debug\Design02.a(cyfitter_cfg.o)
 .debug_line    0x000007f6       0x69 .\CortexM0\ARM_GCC_484\Debug\Design02.a(CyBootAsmGnu.o)
 .debug_line    0x0000085f      0x703 .\CortexM0\ARM_GCC_484\Debug\Design02.a(CyLib.o)
 .debug_line    0x00000f62      0x126 .\CortexM0\ARM_GCC_484\Debug\Design02.a(I2C.o)
 .debug_line    0x00001088       0x9d .\CortexM0\ARM_GCC_484\Debug\Design02.a(I2C_I2C.o)
 .debug_line    0x00001125      0x2a4 .\CortexM0\ARM_GCC_484\Debug\Design02.a(I2C_I2C_MASTER.o)
 .debug_line    0x000013c9       0xad .\CortexM0\ARM_GCC_484\Debug\Design02.a(I2C_sda.o)
 .debug_line    0x00001476       0xad .\CortexM0\ARM_GCC_484\Debug\Design02.a(I2C_scl.o)
 .debug_line    0x00001523      0x121 .\CortexM0\ARM_GCC_484\Debug\Design02.a(UART_1.o)
 .debug_line    0x00001644      0x103 .\CortexM0\ARM_GCC_484\Debug\Design02.a(UART_1_UART.o)
 .debug_line    0x00001747      0x199 .\CortexM0\ARM_GCC_484\Debug\Design02.a(I2C_I2C_INT.o)
 .debug_line    0x000018e0      0x127 .\CortexM0\ARM_GCC_484\Debug\Design02.a(UART_1_SPI_UART.o)

.debug_frame    0x00000000     0x19c4
 *(.debug_frame)
 .debug_frame   0x00000000       0x34 .\CortexM0\ARM_GCC_484\Debug\main.o
 .debug_frame   0x00000034       0x80 .\CortexM0\ARM_GCC_484\Debug\i2cClock.o
 .debug_frame   0x000000b4      0x180 .\CortexM0\ARM_GCC_484\Debug\RTC.o
 .debug_frame   0x00000234      0x208 .\CortexM0\ARM_GCC_484\Debug\TimeFunctions.o
 .debug_frame   0x0000043c       0xc8 .\CortexM0\ARM_GCC_484\Debug\Cm0Start.o
 .debug_frame   0x00000504       0xe8 .\CortexM0\ARM_GCC_484\Debug\Design02.a(cyfitter_cfg.o)
 .debug_frame   0x000005ec      0x83c .\CortexM0\ARM_GCC_484\Debug\Design02.a(CyLib.o)
 .debug_frame   0x00000e28      0x134 .\CortexM0\ARM_GCC_484\Debug\Design02.a(I2C.o)
 .debug_frame   0x00000f5c       0x48 .\CortexM0\ARM_GCC_484\Debug\Design02.a(I2C_I2C.o)
 .debug_frame   0x00000fa4      0x1c0 .\CortexM0\ARM_GCC_484\Debug\Design02.a(I2C_I2C_MASTER.o)
 .debug_frame   0x00001164       0xa8 .\CortexM0\ARM_GCC_484\Debug\Design02.a(I2C_sda.o)
 .debug_frame   0x0000120c       0xa8 .\CortexM0\ARM_GCC_484\Debug\Design02.a(I2C_scl.o)
 .debug_frame   0x000012b4      0x134 .\CortexM0\ARM_GCC_484\Debug\Design02.a(UART_1.o)
 .debug_frame   0x000013e8       0xec .\CortexM0\ARM_GCC_484\Debug\Design02.a(UART_1_UART.o)
 .debug_frame   0x000014d4       0x30 .\CortexM0\ARM_GCC_484\Debug\Design02.a(I2C_I2C_INT.o)
 .debug_frame   0x00001504      0x128 .\CortexM0\ARM_GCC_484\Debug\Design02.a(UART_1_SPI_UART.o)
 .debug_frame   0x0000162c       0x20 c:/program files (x86)/cypress/psoc creator/3.1/psoc creator/import/gnu_cs/arm/4.8.4/bin/../lib/gcc/arm-none-eabi/4.8.4/armv6-m\libgcc.a(_udivsi3.o)
 .debug_frame   0x0000164c       0x20 c:/program files (x86)/cypress/psoc creator/3.1/psoc creator/import/gnu_cs/arm/4.8.4/bin/../lib/gcc/arm-none-eabi/4.8.4/armv6-m\libgcc.a(_divsi3.o)
 .debug_frame   0x0000166c       0x20 c:/program files (x86)/cypress/psoc creator/3.1/psoc creator/import/gnu_cs/arm/4.8.4/bin/../lib/gcc/arm-none-eabi/4.8.4/../../../../arm-none-eabi/lib/armv6-m\libg_s.a(lib_a-errno.o)
 .debug_frame   0x0000168c       0x28 c:/program files (x86)/cypress/psoc creator/3.1/psoc creator/import/gnu_cs/arm/4.8.4/bin/../lib/gcc/arm-none-eabi/4.8.4/../../../../arm-none-eabi/lib/armv6-m\libg_s.a(lib_a-exit.o)
 .debug_frame   0x000016b4       0x2c c:/program files (x86)/cypress/psoc creator/3.1/psoc creator/import/gnu_cs/arm/4.8.4/bin/../lib/gcc/arm-none-eabi/4.8.4/../../../../arm-none-eabi/lib/armv6-m\libg_s.a(lib_a-init.o)
 .debug_frame   0x000016e0       0x28 c:/program files (x86)/cypress/psoc creator/3.1/psoc creator/import/gnu_cs/arm/4.8.4/bin/../lib/gcc/arm-none-eabi/4.8.4/../../../../arm-none-eabi/lib/armv6-m\libg_s.a(lib_a-memcpy-stub.o)
 .debug_frame   0x00001708       0x20 c:/program files (x86)/cypress/psoc creator/3.1/psoc creator/import/gnu_cs/arm/4.8.4/bin/../lib/gcc/arm-none-eabi/4.8.4/../../../../arm-none-eabi/lib/armv6-m\libg_s.a(lib_a-memset.o)
 .debug_frame   0x00001728       0x4c c:/program files (x86)/cypress/psoc creator/3.1/psoc creator/import/gnu_cs/arm/4.8.4/bin/../lib/gcc/arm-none-eabi/4.8.4/../../../../arm-none-eabi/lib/armv6-m\libg_s.a(lib_a-sprintf.o)
 .debug_frame   0x00001774       0x74 c:/program files (x86)/cypress/psoc creator/3.1/psoc creator/import/gnu_cs/arm/4.8.4/bin/../lib/gcc/arm-none-eabi/4.8.4/../../../../arm-none-eabi/lib/armv6-m\libg_s.a(lib_a-svfprintf.o)
 .debug_frame   0x000017e8       0x54 c:/program files (x86)/cypress/psoc creator/3.1/psoc creator/import/gnu_cs/arm/4.8.4/bin/../lib/gcc/arm-none-eabi/4.8.4/../../../../arm-none-eabi/lib/armv6-m\libg_s.a(lib_a-vfprintf_i.o)
 .debug_frame   0x0000183c       0x20 c:/program files (x86)/cypress/psoc creator/3.1/psoc creator/import/gnu_cs/arm/4.8.4/bin/../lib/gcc/arm-none-eabi/4.8.4/../../../../arm-none-eabi/lib/armv6-m\libg_s.a(lib_a-memchr-stub.o)
 .debug_frame   0x0000185c       0x2c c:/program files (x86)/cypress/psoc creator/3.1/psoc creator/import/gnu_cs/arm/4.8.4/bin/../lib/gcc/arm-none-eabi/4.8.4/../../../../arm-none-eabi/lib/armv6-m\libg_s.a(lib_a-memmove.o)
 .debug_frame   0x00001888       0x2c c:/program files (x86)/cypress/psoc creator/3.1/psoc creator/import/gnu_cs/arm/4.8.4/bin/../lib/gcc/arm-none-eabi/4.8.4/../../../../arm-none-eabi/lib/armv6-m\libg_s.a(lib_a-nano-freer.o)
 .debug_frame   0x000018b4       0x2c c:/program files (x86)/cypress/psoc creator/3.1/psoc creator/import/gnu_cs/arm/4.8.4/bin/../lib/gcc/arm-none-eabi/4.8.4/../../../../arm-none-eabi/lib/armv6-m\libg_s.a(lib_a-nano-mallocr.o)
 .debug_frame   0x000018e0       0x30 c:/program files (x86)/cypress/psoc creator/3.1/psoc creator/import/gnu_cs/arm/4.8.4/bin/../lib/gcc/arm-none-eabi/4.8.4/../../../../arm-none-eabi/lib/armv6-m\libg_s.a(lib_a-nano-reallocr.o)
 .debug_frame   0x00001910       0x2c c:/program files (x86)/cypress/psoc creator/3.1/psoc creator/import/gnu_cs/arm/4.8.4/bin/../lib/gcc/arm-none-eabi/4.8.4/../../../../arm-none-eabi/lib/armv6-m\libg_s.a(lib_a-sbrkr.o)
 .debug_frame   0x0000193c       0x20 c:/program files (x86)/cypress/psoc creator/3.1/psoc creator/import/gnu_cs/arm/4.8.4/bin/../lib/gcc/arm-none-eabi/4.8.4/../../../../arm-none-eabi/lib/armv6-m\libg_s.a(lib_a-strlen.o)
 .debug_frame   0x0000195c       0x20 c:/program files (x86)/cypress/psoc creator/3.1/psoc creator/import/gnu_cs/arm/4.8.4/bin/../lib/gcc/arm-none-eabi/4.8.4/../../../../arm-none-eabi/lib/armv6-m\libg_s.a(lib_a-nano-msizer.o)
 .debug_frame   0x0000197c       0x48 c:/program files (x86)/cypress/psoc creator/3.1/psoc creator/import/gnu_cs/arm/4.8.4/bin/../lib/gcc/arm-none-eabi/4.8.4/../../../../arm-none-eabi/lib/armv6-m\libg_s.a(lib_a-reent.o)

.debug_str      0x00000000     0x1638
 *(.debug_str)
 .debug_str     0x00000000      0x177 .\CortexM0\ARM_GCC_484\Debug\main.o
                                0x1b8 (size before relaxing)
 .debug_str     0x00000177       0x5a .\CortexM0\ARM_GCC_484\Debug\i2cClock.o
                                0x1d7 (size before relaxing)
 .debug_str     0x000001d1       0xb1 .\CortexM0\ARM_GCC_484\Debug\RTC.o
                                0x23b (size before relaxing)
 .debug_str     0x00000282      0x107 .\CortexM0\ARM_GCC_484\Debug\TimeFunctions.o
                                0x295 (size before relaxing)
 .debug_str     0x00000389       0x7a .\CortexM0\ARM_GCC_484\Debug\cybootloader.o
                                0x1f1 (size before relaxing)
 .debug_str     0x00000403       0x37 .\CortexM0\ARM_GCC_484\Debug\cymetadata.o
                                0x1ae (size before relaxing)
 .debug_str     0x0000043a      0x14b .\CortexM0\ARM_GCC_484\Debug\Cm0Start.o
                                0x2cf (size before relaxing)
 .debug_str     0x00000585      0x13a .\CortexM0\ARM_GCC_484\Debug\Design02.a(cyfitter_cfg.o)
                                0x2df (size before relaxing)
 .debug_str     0x000006bf      0x71d .\CortexM0\ARM_GCC_484\Debug\Design02.a(CyLib.o)
                                0x8d9 (size before relaxing)
 .debug_str     0x00000ddc      0x10a .\CortexM0\ARM_GCC_484\Debug\Design02.a(I2C.o)
                                0x29b (size before relaxing)
 .debug_str     0x00000ee6       0x7a .\CortexM0\ARM_GCC_484\Debug\Design02.a(I2C_I2C.o)
                                0x205 (size before relaxing)
 .debug_str     0x00000f60      0x22c .\CortexM0\ARM_GCC_484\Debug\Design02.a(I2C_I2C_MASTER.o)
                                0x402 (size before relaxing)
 .debug_str     0x0000118c       0x91 .\CortexM0\ARM_GCC_484\Debug\Design02.a(I2C_sda.o)
                                0x217 (size before relaxing)
 .debug_str     0x0000121d       0x7e .\CortexM0\ARM_GCC_484\Debug\Design02.a(I2C_scl.o)
                                0x217 (size before relaxing)
 .debug_str     0x0000129b      0x110 .\CortexM0\ARM_GCC_484\Debug\Design02.a(UART_1.o)
                                0x2c2 (size before relaxing)
 .debug_str     0x000013ab      0x10e .\CortexM0\ARM_GCC_484\Debug\Design02.a(UART_1_UART.o)
                                0x294 (size before relaxing)
 .debug_str     0x000014b9       0x49 .\CortexM0\ARM_GCC_484\Debug\Design02.a(I2C_I2C_INT.o)
                                0x2a2 (size before relaxing)
 .debug_str     0x00001502      0x136 .\CortexM0\ARM_GCC_484\Debug\Design02.a(UART_1_SPI_UART.o)
                                0x2da (size before relaxing)

.debug_loc
 *(.debug_loc)

.debug_macinfo
 *(.debug_macinfo)

.debug_ranges   0x00000000      0x5e8
 *(.debug_ranges)
 .debug_ranges  0x00000000       0x10 .\CortexM0\ARM_GCC_484\Debug\main.o
 .debug_ranges  0x00000010       0x20 .\CortexM0\ARM_GCC_484\Debug\i2cClock.o
 .debug_ranges  0x00000030       0x60 .\CortexM0\ARM_GCC_484\Debug\RTC.o
 .debug_ranges  0x00000090       0x80 .\CortexM0\ARM_GCC_484\Debug\TimeFunctions.o
 .debug_ranges  0x00000110       0x38 .\CortexM0\ARM_GCC_484\Debug\Cm0Start.o
 .debug_ranges  0x00000148       0x40 .\CortexM0\ARM_GCC_484\Debug\Design02.a(cyfitter_cfg.o)
 .debug_ranges  0x00000188      0x220 .\CortexM0\ARM_GCC_484\Debug\Design02.a(CyLib.o)
 .debug_ranges  0x000003a8       0x58 .\CortexM0\ARM_GCC_484\Debug\Design02.a(I2C.o)
 .debug_ranges  0x00000400       0x18 .\CortexM0\ARM_GCC_484\Debug\Design02.a(I2C_I2C.o)
 .debug_ranges  0x00000418       0x78 .\CortexM0\ARM_GCC_484\Debug\Design02.a(I2C_I2C_MASTER.o)
 .debug_ranges  0x00000490       0x30 .\CortexM0\ARM_GCC_484\Debug\Design02.a(I2C_sda.o)
 .debug_ranges  0x000004c0       0x30 .\CortexM0\ARM_GCC_484\Debug\Design02.a(I2C_scl.o)
 .debug_ranges  0x000004f0       0x58 .\CortexM0\ARM_GCC_484\Debug\Design02.a(UART_1.o)
 .debug_ranges  0x00000548       0x40 .\CortexM0\ARM_GCC_484\Debug\Design02.a(UART_1_UART.o)
 .debug_ranges  0x00000588       0x10 .\CortexM0\ARM_GCC_484\Debug\Design02.a(I2C_I2C_INT.o)
 .debug_ranges  0x00000598       0x50 .\CortexM0\ARM_GCC_484\Debug\Design02.a(UART_1_SPI_UART.o)

.comment        0x00000000       0x70
 .comment       0x00000000       0x70 .\CortexM0\ARM_GCC_484\Debug\main.o
                                 0x71 (size before relaxing)
 .comment       0x00000000       0x71 .\CortexM0\ARM_GCC_484\Debug\i2cClock.o
 .comment       0x00000000       0x71 .\CortexM0\ARM_GCC_484\Debug\RTC.o
 .comment       0x00000000       0x71 .\CortexM0\ARM_GCC_484\Debug\TimeFunctions.o
 .comment       0x00000000       0x71 .\CortexM0\ARM_GCC_484\Debug\cybootloader.o
 .comment       0x00000000       0x71 .\CortexM0\ARM_GCC_484\Debug\cymetadata.o
 .comment       0x00000000       0x71 .\CortexM0\ARM_GCC_484\Debug\Cm0Start.o
 .comment       0x00000000       0x71 .\CortexM0\ARM_GCC_484\Debug\Design02.a(cyfitter_cfg.o)
 .comment       0x00000000       0x71 .\CortexM0\ARM_GCC_484\Debug\Design02.a(CyLib.o)
 .comment       0x00000000       0x71 .\CortexM0\ARM_GCC_484\Debug\Design02.a(I2C.o)
 .comment       0x00000000       0x71 .\CortexM0\ARM_GCC_484\Debug\Design02.a(I2C_I2C.o)
 .comment       0x00000000       0x71 .\CortexM0\ARM_GCC_484\Debug\Design02.a(I2C_I2C_MASTER.o)
 .comment       0x00000000       0x71 .\CortexM0\ARM_GCC_484\Debug\Design02.a(I2C_sda.o)
 .comment       0x00000000       0x71 .\CortexM0\ARM_GCC_484\Debug\Design02.a(I2C_scl.o)
 .comment       0x00000000       0x71 .\CortexM0\ARM_GCC_484\Debug\Design02.a(UART_1.o)
 .comment       0x00000000       0x71 .\CortexM0\ARM_GCC_484\Debug\Design02.a(UART_1_UART.o)
 .comment       0x00000000       0x71 .\CortexM0\ARM_GCC_484\Debug\Design02.a(I2C_I2C_INT.o)
 .comment       0x00000000       0x71 .\CortexM0\ARM_GCC_484\Debug\Design02.a(UART_1_SPI_UART.o)

.debug_weaknames
 *(.debug_weaknames)

.debug_funcnames
 *(.debug_funcnames)

.debug_typenames
 *(.debug_typenames)

.debug_varnames
 *(.debug_varnames)

.note.gnu.arm.ident
 *(.note.gnu.arm.ident)

.ARM.attributes
                0x00000000       0x28
 *(.ARM.attributes)
 .ARM.attributes
                0x00000000       0x1e c:/program files (x86)/cypress/psoc creator/3.1/psoc creator/import/gnu_cs/arm/4.8.4/bin/../lib/gcc/arm-none-eabi/4.8.4/armv6-m/crti.o
 .ARM.attributes
                0x0000001e       0x2c c:/program files (x86)/cypress/psoc creator/3.1/psoc creator/import/gnu_cs/arm/4.8.4/bin/../lib/gcc/arm-none-eabi/4.8.4/armv6-m/crtbegin.o
 .ARM.attributes
                0x0000004a       0x1b c:/program files (x86)/cypress/psoc creator/3.1/psoc creator/import/gnu_cs/arm/4.8.4/bin/../lib/gcc/arm-none-eabi/4.8.4/../../../../arm-none-eabi/lib/armv6-m/crt0.o
 .ARM.attributes
                0x00000065       0x31 .\CortexM0\ARM_GCC_484\Debug\main.o
 .ARM.attributes
                0x00000096       0x31 .\CortexM0\ARM_GCC_484\Debug\i2cClock.o
 .ARM.attributes
                0x000000c7       0x31 .\CortexM0\ARM_GCC_484\Debug\RTC.o
 .ARM.attributes
                0x000000f8       0x31 .\CortexM0\ARM_GCC_484\Debug\TimeFunctions.o
 .ARM.attributes
                0x00000129       0x31 .\CortexM0\ARM_GCC_484\Debug\cybootloader.o
 .ARM.attributes
                0x0000015a       0x31 .\CortexM0\ARM_GCC_484\Debug\cymetadata.o
 .ARM.attributes
                0x0000018b       0x31 .\CortexM0\ARM_GCC_484\Debug\Cm0Start.o
 .ARM.attributes
                0x000001bc       0x31 .\CortexM0\ARM_GCC_484\Debug\Design02.a(cyfitter_cfg.o)
 .ARM.attributes
                0x000001ed       0x21 .\CortexM0\ARM_GCC_484\Debug\Design02.a(CyBootAsmGnu.o)
 .ARM.attributes
                0x0000020e       0x31 .\CortexM0\ARM_GCC_484\Debug\Design02.a(CyLib.o)
 .ARM.attributes
                0x0000023f       0x31 .\CortexM0\ARM_GCC_484\Debug\Design02.a(I2C.o)
 .ARM.attributes
                0x00000270       0x31 .\CortexM0\ARM_GCC_484\Debug\Design02.a(I2C_I2C.o)
 .ARM.attributes
                0x000002a1       0x31 .\CortexM0\ARM_GCC_484\Debug\Design02.a(I2C_I2C_MASTER.o)
 .ARM.attributes
                0x000002d2       0x31 .\CortexM0\ARM_GCC_484\Debug\Design02.a(I2C_sda.o)
 .ARM.attributes
                0x00000303       0x31 .\CortexM0\ARM_GCC_484\Debug\Design02.a(I2C_scl.o)
 .ARM.attributes
                0x00000334       0x31 .\CortexM0\ARM_GCC_484\Debug\Design02.a(UART_1.o)
 .ARM.attributes
                0x00000365       0x31 .\CortexM0\ARM_GCC_484\Debug\Design02.a(UART_1_UART.o)
 .ARM.attributes
                0x00000396       0x31 .\CortexM0\ARM_GCC_484\Debug\Design02.a(I2C_I2C_INT.o)
 .ARM.attributes
                0x000003c7       0x31 .\CortexM0\ARM_GCC_484\Debug\Design02.a(UART_1_SPI_UART.o)
 .ARM.attributes
                0x000003f8       0x1e c:/program files (x86)/cypress/psoc creator/3.1/psoc creator/import/gnu_cs/arm/4.8.4/bin/../lib/gcc/arm-none-eabi/4.8.4/armv6-m\libgcc.a(_udivsi3.o)
 .ARM.attributes
                0x00000416       0x1e c:/program files (x86)/cypress/psoc creator/3.1/psoc creator/import/gnu_cs/arm/4.8.4/bin/../lib/gcc/arm-none-eabi/4.8.4/armv6-m\libgcc.a(_divsi3.o)
 .ARM.attributes
                0x00000434       0x1e c:/program files (x86)/cypress/psoc creator/3.1/psoc creator/import/gnu_cs/arm/4.8.4/bin/../lib/gcc/arm-none-eabi/4.8.4/armv6-m\libgcc.a(_dvmd_tls.o)
 .ARM.attributes
                0x00000452       0x2c c:/program files (x86)/cypress/psoc creator/3.1/psoc creator/import/gnu_cs/arm/4.8.4/bin/../lib/gcc/arm-none-eabi/4.8.4/../../../../arm-none-eabi/lib/armv6-m\libg_s.a(lib_a-errno.o)
 .ARM.attributes
                0x0000047e       0x2c c:/program files (x86)/cypress/psoc creator/3.1/psoc creator/import/gnu_cs/arm/4.8.4/bin/../lib/gcc/arm-none-eabi/4.8.4/../../../../arm-none-eabi/lib/armv6-m\libg_s.a(lib_a-exit.o)
 .ARM.attributes
                0x000004aa       0x2c c:/program files (x86)/cypress/psoc creator/3.1/psoc creator/import/gnu_cs/arm/4.8.4/bin/../lib/gcc/arm-none-eabi/4.8.4/../../../../arm-none-eabi/lib/armv6-m\libg_s.a(lib_a-impure.o)
 .ARM.attributes
                0x000004d6       0x2c c:/program files (x86)/cypress/psoc creator/3.1/psoc creator/import/gnu_cs/arm/4.8.4/bin/../lib/gcc/arm-none-eabi/4.8.4/../../../../arm-none-eabi/lib/armv6-m\libg_s.a(lib_a-init.o)
 .ARM.attributes
                0x00000502       0x2c c:/program files (x86)/cypress/psoc creator/3.1/psoc creator/import/gnu_cs/arm/4.8.4/bin/../lib/gcc/arm-none-eabi/4.8.4/../../../../arm-none-eabi/lib/armv6-m\libg_s.a(lib_a-memcpy-stub.o)
 .ARM.attributes
                0x0000052e       0x2c c:/program files (x86)/cypress/psoc creator/3.1/psoc creator/import/gnu_cs/arm/4.8.4/bin/../lib/gcc/arm-none-eabi/4.8.4/../../../../arm-none-eabi/lib/armv6-m\libg_s.a(lib_a-memset.o)
 .ARM.attributes
                0x0000055a       0x2c c:/program files (x86)/cypress/psoc creator/3.1/psoc creator/import/gnu_cs/arm/4.8.4/bin/../lib/gcc/arm-none-eabi/4.8.4/../../../../arm-none-eabi/lib/armv6-m\libg_s.a(lib_a-sprintf.o)
 .ARM.attributes
                0x00000586       0x2c c:/program files (x86)/cypress/psoc creator/3.1/psoc creator/import/gnu_cs/arm/4.8.4/bin/../lib/gcc/arm-none-eabi/4.8.4/../../../../arm-none-eabi/lib/armv6-m\libg_s.a(lib_a-svfprintf.o)
 .ARM.attributes
                0x000005b2       0x2c c:/program files (x86)/cypress/psoc creator/3.1/psoc creator/import/gnu_cs/arm/4.8.4/bin/../lib/gcc/arm-none-eabi/4.8.4/../../../../arm-none-eabi/lib/armv6-m\libg_s.a(lib_a-vfprintf_i.o)
 .ARM.attributes
                0x000005de       0x2c c:/program files (x86)/cypress/psoc creator/3.1/psoc creator/import/gnu_cs/arm/4.8.4/bin/../lib/gcc/arm-none-eabi/4.8.4/../../../../arm-none-eabi/lib/armv6-m\libg_s.a(lib_a-memchr-stub.o)
 .ARM.attributes
                0x0000060a       0x2c c:/program files (x86)/cypress/psoc creator/3.1/psoc creator/import/gnu_cs/arm/4.8.4/bin/../lib/gcc/arm-none-eabi/4.8.4/../../../../arm-none-eabi/lib/armv6-m\libg_s.a(lib_a-memmove.o)
 .ARM.attributes
                0x00000636       0x2c c:/program files (x86)/cypress/psoc creator/3.1/psoc creator/import/gnu_cs/arm/4.8.4/bin/../lib/gcc/arm-none-eabi/4.8.4/../../../../arm-none-eabi/lib/armv6-m\libg_s.a(lib_a-nano-freer.o)
 .ARM.attributes
                0x00000662       0x2c c:/program files (x86)/cypress/psoc creator/3.1/psoc creator/import/gnu_cs/arm/4.8.4/bin/../lib/gcc/arm-none-eabi/4.8.4/../../../../arm-none-eabi/lib/armv6-m\libg_s.a(lib_a-nano-mallocr.o)
 .ARM.attributes
                0x0000068e       0x2c c:/program files (x86)/cypress/psoc creator/3.1/psoc creator/import/gnu_cs/arm/4.8.4/bin/../lib/gcc/arm-none-eabi/4.8.4/../../../../arm-none-eabi/lib/armv6-m\libg_s.a(lib_a-nano-reallocr.o)
 .ARM.attributes
                0x000006ba       0x2c c:/program files (x86)/cypress/psoc creator/3.1/psoc creator/import/gnu_cs/arm/4.8.4/bin/../lib/gcc/arm-none-eabi/4.8.4/../../../../arm-none-eabi/lib/armv6-m\libg_s.a(lib_a-sbrkr.o)
 .ARM.attributes
                0x000006e6       0x2c c:/program files (x86)/cypress/psoc creator/3.1/psoc creator/import/gnu_cs/arm/4.8.4/bin/../lib/gcc/arm-none-eabi/4.8.4/../../../../arm-none-eabi/lib/armv6-m\libg_s.a(lib_a-strlen.o)
 .ARM.attributes
                0x00000712       0x2c c:/program files (x86)/cypress/psoc creator/3.1/psoc creator/import/gnu_cs/arm/4.8.4/bin/../lib/gcc/arm-none-eabi/4.8.4/../../../../arm-none-eabi/lib/armv6-m\libg_s.a(lib_a-nano-msizer.o)
 .ARM.attributes
                0x0000073e       0x2c c:/program files (x86)/cypress/psoc creator/3.1/psoc creator/import/gnu_cs/arm/4.8.4/bin/../lib/gcc/arm-none-eabi/4.8.4/../../../../arm-none-eabi/lib/armv6-m\libg_s.a(lib_a-reent.o)
 .ARM.attributes
                0x0000076a       0x2c c:/program files (x86)/cypress/psoc creator/3.1/psoc creator/import/gnu_cs/arm/4.8.4/bin/../lib/gcc/arm-none-eabi/4.8.4/armv6-m/crtend.o
 .ARM.attributes
                0x00000796       0x1e c:/program files (x86)/cypress/psoc creator/3.1/psoc creator/import/gnu_cs/arm/4.8.4/bin/../lib/gcc/arm-none-eabi/4.8.4/armv6-m/crtn.o

/DISCARD/
 *(.note.GNU-stack)
OUTPUT(.\CortexM0\ARM_GCC_484\Debug\Design02.elf elf32-littlearm)
