ARM GAS  C:\Users\Joseph\AppData\Local\Temp\cc73aynR.s 			page 1


   1              		.cpu cortex-m0
   2              		.fpu softvfp
   3              		.eabi_attribute 20, 1
   4              		.eabi_attribute 21, 1
   5              		.eabi_attribute 23, 3
   6              		.eabi_attribute 24, 1
   7              		.eabi_attribute 25, 1
   8              		.eabi_attribute 26, 1
   9              		.eabi_attribute 30, 6
  10              		.eabi_attribute 34, 0
  11              		.eabi_attribute 18, 4
  12              		.code	16
  13              		.file	"cyfitter_cfg.c"
  14              		.text
  15              	.Ltext0:
  16              		.cfi_sections	.debug_frame
  17              		.section	.text.CYMEMZERO,"ax",%progbits
  18              		.align	2
  19              		.code	16
  20              		.thumb_func
  21              		.type	CYMEMZERO, %function
  22              	CYMEMZERO:
  23              	.LFB0:
  24              		.file 1 "Generated_Source\\PSoC4\\cyfitter_cfg.c"
   1:Generated_Source\PSoC4/cyfitter_cfg.c **** /*******************************************************************************
   2:Generated_Source\PSoC4/cyfitter_cfg.c **** * File Name: cyfitter_cfg.c
   3:Generated_Source\PSoC4/cyfitter_cfg.c **** * 
   4:Generated_Source\PSoC4/cyfitter_cfg.c **** * PSoC Creator  4.0 Update 1
   5:Generated_Source\PSoC4/cyfitter_cfg.c **** *
   6:Generated_Source\PSoC4/cyfitter_cfg.c **** * Description:
   7:Generated_Source\PSoC4/cyfitter_cfg.c **** * This file contains device initialization code.
   8:Generated_Source\PSoC4/cyfitter_cfg.c **** * Except for the user defined sections in CyClockStartupError(), this file should not be modified.
   9:Generated_Source\PSoC4/cyfitter_cfg.c **** * This file is automatically generated by PSoC Creator.
  10:Generated_Source\PSoC4/cyfitter_cfg.c **** *
  11:Generated_Source\PSoC4/cyfitter_cfg.c **** ********************************************************************************
  12:Generated_Source\PSoC4/cyfitter_cfg.c **** * Copyright (c) 2007-2016 Cypress Semiconductor.  All rights reserved.
  13:Generated_Source\PSoC4/cyfitter_cfg.c **** * You may use this file only in accordance with the license, terms, conditions, 
  14:Generated_Source\PSoC4/cyfitter_cfg.c **** * disclaimers, and limitations in the end user license agreement accompanying 
  15:Generated_Source\PSoC4/cyfitter_cfg.c **** * the software package with which this file was provided.
  16:Generated_Source\PSoC4/cyfitter_cfg.c **** ********************************************************************************/
  17:Generated_Source\PSoC4/cyfitter_cfg.c **** 
  18:Generated_Source\PSoC4/cyfitter_cfg.c **** #include <string.h>
  19:Generated_Source\PSoC4/cyfitter_cfg.c **** #include "cytypes.h"
  20:Generated_Source\PSoC4/cyfitter_cfg.c **** #include "cydevice_trm.h"
  21:Generated_Source\PSoC4/cyfitter_cfg.c **** #include "cyfitter.h"
  22:Generated_Source\PSoC4/cyfitter_cfg.c **** #include "CyLib.h"
  23:Generated_Source\PSoC4/cyfitter_cfg.c **** #include "cyfitter_cfg.h"
  24:Generated_Source\PSoC4/cyfitter_cfg.c **** 
  25:Generated_Source\PSoC4/cyfitter_cfg.c **** 
  26:Generated_Source\PSoC4/cyfitter_cfg.c **** #if defined(__GNUC__) || defined(__ARMCC_VERSION)
  27:Generated_Source\PSoC4/cyfitter_cfg.c ****     #define CYPACKED 
  28:Generated_Source\PSoC4/cyfitter_cfg.c ****     #define CYPACKED_ATTR __attribute__ ((packed))
  29:Generated_Source\PSoC4/cyfitter_cfg.c ****     #define CYALIGNED __attribute__ ((aligned))
  30:Generated_Source\PSoC4/cyfitter_cfg.c ****     #define CY_CFG_UNUSED __attribute__ ((unused))
  31:Generated_Source\PSoC4/cyfitter_cfg.c ****     #ifndef CY_CFG_SECTION
  32:Generated_Source\PSoC4/cyfitter_cfg.c ****         #define CY_CFG_SECTION __attribute__ ((section(".psocinit")))
  33:Generated_Source\PSoC4/cyfitter_cfg.c ****     #endif
ARM GAS  C:\Users\Joseph\AppData\Local\Temp\cc73aynR.s 			page 2


  34:Generated_Source\PSoC4/cyfitter_cfg.c ****     
  35:Generated_Source\PSoC4/cyfitter_cfg.c ****     #if defined(__ARMCC_VERSION)
  36:Generated_Source\PSoC4/cyfitter_cfg.c ****         #define CY_CFG_MEMORY_BARRIER() __memory_changed()
  37:Generated_Source\PSoC4/cyfitter_cfg.c ****     #else
  38:Generated_Source\PSoC4/cyfitter_cfg.c ****         #define CY_CFG_MEMORY_BARRIER() __sync_synchronize()
  39:Generated_Source\PSoC4/cyfitter_cfg.c ****     #endif
  40:Generated_Source\PSoC4/cyfitter_cfg.c ****     
  41:Generated_Source\PSoC4/cyfitter_cfg.c **** #elif defined(__ICCARM__)
  42:Generated_Source\PSoC4/cyfitter_cfg.c ****     #include <intrinsics.h>
  43:Generated_Source\PSoC4/cyfitter_cfg.c **** 
  44:Generated_Source\PSoC4/cyfitter_cfg.c ****     #define CYPACKED __packed
  45:Generated_Source\PSoC4/cyfitter_cfg.c ****     #define CYPACKED_ATTR 
  46:Generated_Source\PSoC4/cyfitter_cfg.c ****     #define CYALIGNED _Pragma("data_alignment=4")
  47:Generated_Source\PSoC4/cyfitter_cfg.c ****     #define CY_CFG_UNUSED _Pragma("diag_suppress=Pe177")
  48:Generated_Source\PSoC4/cyfitter_cfg.c ****     #define CY_CFG_SECTION _Pragma("location=\".psocinit\"")
  49:Generated_Source\PSoC4/cyfitter_cfg.c ****     
  50:Generated_Source\PSoC4/cyfitter_cfg.c ****     #define CY_CFG_MEMORY_BARRIER() __DMB()
  51:Generated_Source\PSoC4/cyfitter_cfg.c ****     
  52:Generated_Source\PSoC4/cyfitter_cfg.c **** #else
  53:Generated_Source\PSoC4/cyfitter_cfg.c ****     #error Unsupported toolchain
  54:Generated_Source\PSoC4/cyfitter_cfg.c **** #endif
  55:Generated_Source\PSoC4/cyfitter_cfg.c **** 
  56:Generated_Source\PSoC4/cyfitter_cfg.c **** 
  57:Generated_Source\PSoC4/cyfitter_cfg.c **** CY_CFG_UNUSED
  58:Generated_Source\PSoC4/cyfitter_cfg.c **** static void CYMEMZERO(void *s, size_t n);
  59:Generated_Source\PSoC4/cyfitter_cfg.c **** CY_CFG_UNUSED
  60:Generated_Source\PSoC4/cyfitter_cfg.c **** static void CYMEMZERO(void *s, size_t n)
  61:Generated_Source\PSoC4/cyfitter_cfg.c **** {
  25              		.loc 1 61 0
  26              		.cfi_startproc
  27 0000 80B5     		push	{r7, lr}
  28              		.cfi_def_cfa_offset 8
  29              		.cfi_offset 7, -8
  30              		.cfi_offset 14, -4
  31 0002 82B0     		sub	sp, sp, #8
  32              		.cfi_def_cfa_offset 16
  33 0004 00AF     		add	r7, sp, #0
  34              		.cfi_def_cfa_register 7
  35 0006 7860     		str	r0, [r7, #4]
  36 0008 3960     		str	r1, [r7]
  62:Generated_Source\PSoC4/cyfitter_cfg.c **** 	(void)memset(s, 0, n);
  37              		.loc 1 62 0
  38 000a 7A68     		ldr	r2, [r7, #4]
  39 000c 3B68     		ldr	r3, [r7]
  40 000e 101C     		mov	r0, r2
  41 0010 0021     		mov	r1, #0
  42 0012 1A1C     		mov	r2, r3
  43 0014 FFF7FEFF 		bl	memset
  63:Generated_Source\PSoC4/cyfitter_cfg.c **** }
  44              		.loc 1 63 0
  45 0018 BD46     		mov	sp, r7
  46 001a 02B0     		add	sp, sp, #8
  47              		@ sp needed
  48 001c 80BD     		pop	{r7, pc}
  49              		.cfi_endproc
  50              	.LFE0:
  51              		.size	CYMEMZERO, .-CYMEMZERO
ARM GAS  C:\Users\Joseph\AppData\Local\Temp\cc73aynR.s 			page 3


  52 001e C046     		.section	.text.CYCONFIGCPY,"ax",%progbits
  53              		.align	2
  54              		.code	16
  55              		.thumb_func
  56              		.type	CYCONFIGCPY, %function
  57              	CYCONFIGCPY:
  58              	.LFB1:
  64:Generated_Source\PSoC4/cyfitter_cfg.c **** CY_CFG_UNUSED
  65:Generated_Source\PSoC4/cyfitter_cfg.c **** static void CYCONFIGCPY(void *dest, const void *src, size_t n);
  66:Generated_Source\PSoC4/cyfitter_cfg.c **** CY_CFG_UNUSED
  67:Generated_Source\PSoC4/cyfitter_cfg.c **** static void CYCONFIGCPY(void *dest, const void *src, size_t n)
  68:Generated_Source\PSoC4/cyfitter_cfg.c **** {
  59              		.loc 1 68 0
  60              		.cfi_startproc
  61 0000 80B5     		push	{r7, lr}
  62              		.cfi_def_cfa_offset 8
  63              		.cfi_offset 7, -8
  64              		.cfi_offset 14, -4
  65 0002 84B0     		sub	sp, sp, #16
  66              		.cfi_def_cfa_offset 24
  67 0004 00AF     		add	r7, sp, #0
  68              		.cfi_def_cfa_register 7
  69 0006 F860     		str	r0, [r7, #12]
  70 0008 B960     		str	r1, [r7, #8]
  71 000a 7A60     		str	r2, [r7, #4]
  69:Generated_Source\PSoC4/cyfitter_cfg.c **** 	(void)memcpy(dest, src, n);
  72              		.loc 1 69 0
  73 000c F968     		ldr	r1, [r7, #12]
  74 000e BA68     		ldr	r2, [r7, #8]
  75 0010 7B68     		ldr	r3, [r7, #4]
  76 0012 081C     		mov	r0, r1
  77 0014 111C     		mov	r1, r2
  78 0016 1A1C     		mov	r2, r3
  79 0018 FFF7FEFF 		bl	memcpy
  70:Generated_Source\PSoC4/cyfitter_cfg.c **** }
  80              		.loc 1 70 0
  81 001c BD46     		mov	sp, r7
  82 001e 04B0     		add	sp, sp, #16
  83              		@ sp needed
  84 0020 80BD     		pop	{r7, pc}
  85              		.cfi_endproc
  86              	.LFE1:
  87              		.size	CYCONFIGCPY, .-CYCONFIGCPY
  88 0022 C046     		.section	.text.CYCONFIGCPYCODE,"ax",%progbits
  89              		.align	2
  90              		.code	16
  91              		.thumb_func
  92              		.type	CYCONFIGCPYCODE, %function
  93              	CYCONFIGCPYCODE:
  94              	.LFB2:
  71:Generated_Source\PSoC4/cyfitter_cfg.c **** CY_CFG_UNUSED
  72:Generated_Source\PSoC4/cyfitter_cfg.c **** static void CYCONFIGCPYCODE(void *dest, const void *src, size_t n);
  73:Generated_Source\PSoC4/cyfitter_cfg.c **** CY_CFG_UNUSED
  74:Generated_Source\PSoC4/cyfitter_cfg.c **** static void CYCONFIGCPYCODE(void *dest, const void *src, size_t n)
  75:Generated_Source\PSoC4/cyfitter_cfg.c **** {
  95              		.loc 1 75 0
  96              		.cfi_startproc
ARM GAS  C:\Users\Joseph\AppData\Local\Temp\cc73aynR.s 			page 4


  97 0000 80B5     		push	{r7, lr}
  98              		.cfi_def_cfa_offset 8
  99              		.cfi_offset 7, -8
 100              		.cfi_offset 14, -4
 101 0002 84B0     		sub	sp, sp, #16
 102              		.cfi_def_cfa_offset 24
 103 0004 00AF     		add	r7, sp, #0
 104              		.cfi_def_cfa_register 7
 105 0006 F860     		str	r0, [r7, #12]
 106 0008 B960     		str	r1, [r7, #8]
 107 000a 7A60     		str	r2, [r7, #4]
  76:Generated_Source\PSoC4/cyfitter_cfg.c **** 	(void)memcpy(dest, src, n);
 108              		.loc 1 76 0
 109 000c F968     		ldr	r1, [r7, #12]
 110 000e BA68     		ldr	r2, [r7, #8]
 111 0010 7B68     		ldr	r3, [r7, #4]
 112 0012 081C     		mov	r0, r1
 113 0014 111C     		mov	r1, r2
 114 0016 1A1C     		mov	r2, r3
 115 0018 FFF7FEFF 		bl	memcpy
  77:Generated_Source\PSoC4/cyfitter_cfg.c **** }
 116              		.loc 1 77 0
 117 001c BD46     		mov	sp, r7
 118 001e 04B0     		add	sp, sp, #16
 119              		@ sp needed
 120 0020 80BD     		pop	{r7, pc}
 121              		.cfi_endproc
 122              	.LFE2:
 123              		.size	CYCONFIGCPYCODE, .-CYCONFIGCPYCODE
 124 0022 C046     		.section	.psocinit,"ax",%progbits
 125              		.align	2
 126              		.code	16
 127              		.thumb_func
 128              		.type	ClockSetup, %function
 129              	ClockSetup:
 130              	.LFB3:
  78:Generated_Source\PSoC4/cyfitter_cfg.c **** 
  79:Generated_Source\PSoC4/cyfitter_cfg.c **** 
  80:Generated_Source\PSoC4/cyfitter_cfg.c **** 
  81:Generated_Source\PSoC4/cyfitter_cfg.c **** 
  82:Generated_Source\PSoC4/cyfitter_cfg.c **** /* Clock startup error codes                                                   */
  83:Generated_Source\PSoC4/cyfitter_cfg.c **** #define CYCLOCKSTART_NO_ERROR    0u
  84:Generated_Source\PSoC4/cyfitter_cfg.c **** #define CYCLOCKSTART_XTAL_ERROR  1u
  85:Generated_Source\PSoC4/cyfitter_cfg.c **** #define CYCLOCKSTART_32KHZ_ERROR 2u
  86:Generated_Source\PSoC4/cyfitter_cfg.c **** #define CYCLOCKSTART_PLL_ERROR   3u
  87:Generated_Source\PSoC4/cyfitter_cfg.c **** 
  88:Generated_Source\PSoC4/cyfitter_cfg.c **** 
  89:Generated_Source\PSoC4/cyfitter_cfg.c **** #ifdef CY_NEED_CYCLOCKSTARTUPERROR
  90:Generated_Source\PSoC4/cyfitter_cfg.c **** /*******************************************************************************
  91:Generated_Source\PSoC4/cyfitter_cfg.c **** * Function Name: CyClockStartupError
  92:Generated_Source\PSoC4/cyfitter_cfg.c **** ********************************************************************************
  93:Generated_Source\PSoC4/cyfitter_cfg.c **** * Summary:
  94:Generated_Source\PSoC4/cyfitter_cfg.c **** *  If an error is encountered during clock configuration (crystal startup error,
  95:Generated_Source\PSoC4/cyfitter_cfg.c **** *  PLL lock error, etc.), the system will end up here.  Unless reimplemented by
  96:Generated_Source\PSoC4/cyfitter_cfg.c **** *  the customer, this function will stop in an infinite loop.
  97:Generated_Source\PSoC4/cyfitter_cfg.c **** *
  98:Generated_Source\PSoC4/cyfitter_cfg.c **** * Parameters:
ARM GAS  C:\Users\Joseph\AppData\Local\Temp\cc73aynR.s 			page 5


  99:Generated_Source\PSoC4/cyfitter_cfg.c **** *   void
 100:Generated_Source\PSoC4/cyfitter_cfg.c **** *
 101:Generated_Source\PSoC4/cyfitter_cfg.c **** * Return:
 102:Generated_Source\PSoC4/cyfitter_cfg.c **** *   void
 103:Generated_Source\PSoC4/cyfitter_cfg.c **** *
 104:Generated_Source\PSoC4/cyfitter_cfg.c **** *******************************************************************************/
 105:Generated_Source\PSoC4/cyfitter_cfg.c **** CY_CFG_UNUSED
 106:Generated_Source\PSoC4/cyfitter_cfg.c **** static void CyClockStartupError(uint8 errorCode);
 107:Generated_Source\PSoC4/cyfitter_cfg.c **** CY_CFG_UNUSED
 108:Generated_Source\PSoC4/cyfitter_cfg.c **** static void CyClockStartupError(uint8 errorCode)
 109:Generated_Source\PSoC4/cyfitter_cfg.c **** {
 110:Generated_Source\PSoC4/cyfitter_cfg.c ****     /* To remove the compiler warning if errorCode not used.                */
 111:Generated_Source\PSoC4/cyfitter_cfg.c ****     errorCode = errorCode;
 112:Generated_Source\PSoC4/cyfitter_cfg.c **** 
 113:Generated_Source\PSoC4/cyfitter_cfg.c ****     /* If we have a clock startup error (bad MHz crystal, PLL lock, etc.),  */
 114:Generated_Source\PSoC4/cyfitter_cfg.c ****     /* we will end up here to allow the customer to implement something to  */
 115:Generated_Source\PSoC4/cyfitter_cfg.c ****     /* deal with the clock condition.                                       */
 116:Generated_Source\PSoC4/cyfitter_cfg.c **** 
 117:Generated_Source\PSoC4/cyfitter_cfg.c **** #ifdef CY_CFG_CLOCK_STARTUP_ERROR_CALLBACK
 118:Generated_Source\PSoC4/cyfitter_cfg.c **** 	CY_CFG_Clock_Startup_ErrorCallback();
 119:Generated_Source\PSoC4/cyfitter_cfg.c **** #else
 120:Generated_Source\PSoC4/cyfitter_cfg.c **** 	/*  If not using CY_CFG_CLOCK_STARTUP_ERROR_CALLBACK, place your clock startup code here. */
 121:Generated_Source\PSoC4/cyfitter_cfg.c ****     /* `#START CyClockStartupError` */
 122:Generated_Source\PSoC4/cyfitter_cfg.c **** 
 123:Generated_Source\PSoC4/cyfitter_cfg.c ****     /* If we have a clock startup error (bad MHz crystal, PLL lock, etc.),  */
 124:Generated_Source\PSoC4/cyfitter_cfg.c ****     /* we will end up here to allow the customer to implement something to  */
 125:Generated_Source\PSoC4/cyfitter_cfg.c ****     /* deal with the clock condition.                                       */
 126:Generated_Source\PSoC4/cyfitter_cfg.c **** 
 127:Generated_Source\PSoC4/cyfitter_cfg.c ****     /* `#END` */
 128:Generated_Source\PSoC4/cyfitter_cfg.c **** 
 129:Generated_Source\PSoC4/cyfitter_cfg.c ****     /* If nothing else, stop here since the clocks have not started         */
 130:Generated_Source\PSoC4/cyfitter_cfg.c ****     /* correctly.                                                           */
 131:Generated_Source\PSoC4/cyfitter_cfg.c ****     while(1) {}
 132:Generated_Source\PSoC4/cyfitter_cfg.c **** #endif /* CY_CFG_CLOCK_STARTUP_ERROR_CALLBACK */ 
 133:Generated_Source\PSoC4/cyfitter_cfg.c **** }
 134:Generated_Source\PSoC4/cyfitter_cfg.c **** #endif
 135:Generated_Source\PSoC4/cyfitter_cfg.c **** 
 136:Generated_Source\PSoC4/cyfitter_cfg.c **** 
 137:Generated_Source\PSoC4/cyfitter_cfg.c **** 
 138:Generated_Source\PSoC4/cyfitter_cfg.c **** /*******************************************************************************
 139:Generated_Source\PSoC4/cyfitter_cfg.c **** * Function Name: ClockSetup
 140:Generated_Source\PSoC4/cyfitter_cfg.c **** ********************************************************************************
 141:Generated_Source\PSoC4/cyfitter_cfg.c **** *
 142:Generated_Source\PSoC4/cyfitter_cfg.c **** * Summary:
 143:Generated_Source\PSoC4/cyfitter_cfg.c **** *   Performs the initialization of all of the clocks in the device based on the
 144:Generated_Source\PSoC4/cyfitter_cfg.c **** *   settings in the Clock tab of the DWR.  This includes enabling the requested
 145:Generated_Source\PSoC4/cyfitter_cfg.c **** *   clocks and setting the necessary dividers to produce the desired frequency. 
 146:Generated_Source\PSoC4/cyfitter_cfg.c **** *
 147:Generated_Source\PSoC4/cyfitter_cfg.c **** * Parameters:
 148:Generated_Source\PSoC4/cyfitter_cfg.c **** *   void
 149:Generated_Source\PSoC4/cyfitter_cfg.c **** *
 150:Generated_Source\PSoC4/cyfitter_cfg.c **** * Return:
 151:Generated_Source\PSoC4/cyfitter_cfg.c **** *   void
 152:Generated_Source\PSoC4/cyfitter_cfg.c **** *
 153:Generated_Source\PSoC4/cyfitter_cfg.c **** *******************************************************************************/
 154:Generated_Source\PSoC4/cyfitter_cfg.c **** static void ClockSetup(void);
 155:Generated_Source\PSoC4/cyfitter_cfg.c **** CY_CFG_SECTION
ARM GAS  C:\Users\Joseph\AppData\Local\Temp\cc73aynR.s 			page 6


 156:Generated_Source\PSoC4/cyfitter_cfg.c **** static void ClockSetup(void)
 157:Generated_Source\PSoC4/cyfitter_cfg.c **** {
 131              		.loc 1 157 0
 132              		.cfi_startproc
 133 0000 80B5     		push	{r7, lr}
 134              		.cfi_def_cfa_offset 8
 135              		.cfi_offset 7, -8
 136              		.cfi_offset 14, -4
 137 0002 00AF     		add	r7, sp, #0
 138              		.cfi_def_cfa_register 7
 158:Generated_Source\PSoC4/cyfitter_cfg.c **** 	/* Enable HALF_EN before trimming for the flash accelerator. */
 159:Generated_Source\PSoC4/cyfitter_cfg.c **** 	CY_SET_REG32((void CYXDATA *)(CYREG_CLK_SELECT), (CY_GET_REG32((void *)CYREG_CLK_SELECT) | 0x00040
 139              		.loc 1 159 0
 140 0004 124B     		ldr	r3, .L5
 141 0006 124A     		ldr	r2, .L5
 142 0008 1268     		ldr	r2, [r2]
 143 000a 8021     		mov	r1, #128
 144 000c C902     		lsl	r1, r1, #11
 145 000e 0A43     		orr	r2, r1
 146 0010 1A60     		str	r2, [r3]
 160:Generated_Source\PSoC4/cyfitter_cfg.c **** 
 161:Generated_Source\PSoC4/cyfitter_cfg.c **** 	/* Setup and trim IMO based on desired frequency. */
 162:Generated_Source\PSoC4/cyfitter_cfg.c **** 	CySysClkWriteImoFreq(48u);
 147              		.loc 1 162 0
 148 0012 3020     		mov	r0, #48
 149 0014 FFF7FEFF 		bl	CySysClkWriteImoFreq
 163:Generated_Source\PSoC4/cyfitter_cfg.c **** 	/* CYDEV_CLK_ILO_CONFIG Starting address: CYDEV_CLK_ILO_CONFIG */
 164:Generated_Source\PSoC4/cyfitter_cfg.c **** 	CY_SET_XTND_REG32((void CYFAR *)(CYREG_CLK_ILO_CONFIG), 0x80000006u);
 150              		.loc 1 164 0
 151 0018 0E4B     		ldr	r3, .L5+4
 152 001a 0F4A     		ldr	r2, .L5+8
 153 001c 1A60     		str	r2, [r3]
 165:Generated_Source\PSoC4/cyfitter_cfg.c **** 
 166:Generated_Source\PSoC4/cyfitter_cfg.c **** 
 167:Generated_Source\PSoC4/cyfitter_cfg.c **** 	/* CYDEV_CLK_SELECT00 Starting address: CYDEV_CLK_SELECT00 */
 168:Generated_Source\PSoC4/cyfitter_cfg.c **** 	CY_SET_XTND_REG32((void CYFAR *)(CYREG_CLK_SELECT02), 0x00000020u);
 154              		.loc 1 168 0
 155 001e 0F4B     		ldr	r3, .L5+12
 156 0020 2022     		mov	r2, #32
 157 0022 1A60     		str	r2, [r3]
 169:Generated_Source\PSoC4/cyfitter_cfg.c **** 	CY_SET_XTND_REG32((void CYFAR *)(CYREG_CLK_SELECT03), 0x00000010u);
 158              		.loc 1 169 0
 159 0024 0E4B     		ldr	r3, .L5+16
 160 0026 1022     		mov	r2, #16
 161 0028 1A60     		str	r2, [r3]
 170:Generated_Source\PSoC4/cyfitter_cfg.c **** 
 171:Generated_Source\PSoC4/cyfitter_cfg.c **** 	/* CYDEV_CLK_IMO_CONFIG Starting address: CYDEV_CLK_IMO_CONFIG */
 172:Generated_Source\PSoC4/cyfitter_cfg.c **** 	CY_SET_XTND_REG32((void CYFAR *)(CYREG_CLK_IMO_CONFIG), 0x80000000u);
 162              		.loc 1 172 0
 163 002a 0E4B     		ldr	r3, .L5+20
 164 002c 8022     		mov	r2, #128
 165 002e 1206     		lsl	r2, r2, #24
 166 0030 1A60     		str	r2, [r3]
 173:Generated_Source\PSoC4/cyfitter_cfg.c **** 
 174:Generated_Source\PSoC4/cyfitter_cfg.c **** 	/* CYDEV_CLK_SELECT Starting address: CYDEV_CLK_SELECT */
 175:Generated_Source\PSoC4/cyfitter_cfg.c **** 	CY_SET_XTND_REG32((void CYFAR *)(CYREG_CLK_SELECT), 0x00040000u);
 167              		.loc 1 175 0
ARM GAS  C:\Users\Joseph\AppData\Local\Temp\cc73aynR.s 			page 7


 168 0032 074B     		ldr	r3, .L5
 169 0034 8022     		mov	r2, #128
 170 0036 D202     		lsl	r2, r2, #11
 171 0038 1A60     		str	r2, [r3]
 176:Generated_Source\PSoC4/cyfitter_cfg.c **** 
 177:Generated_Source\PSoC4/cyfitter_cfg.c **** 	/* CYDEV_CLK_DIVIDER_A00 Starting address: CYDEV_CLK_DIVIDER_A00 */
 178:Generated_Source\PSoC4/cyfitter_cfg.c **** 	CY_SET_XTND_REG32((void CYFAR *)(CYREG_CLK_DIVIDER_A00), 0x8000001Du);
 172              		.loc 1 178 0
 173 003a 0B4B     		ldr	r3, .L5+24
 174 003c 0B4A     		ldr	r2, .L5+28
 175 003e 1A60     		str	r2, [r3]
 179:Generated_Source\PSoC4/cyfitter_cfg.c **** 
 180:Generated_Source\PSoC4/cyfitter_cfg.c **** 	/* CYDEV_CLK_DIVIDER_B00 Starting address: CYDEV_CLK_DIVIDER_B00 */
 181:Generated_Source\PSoC4/cyfitter_cfg.c **** 	CY_SET_XTND_REG32((void CYFAR *)(CYREG_CLK_DIVIDER_B00), 0x8000014Cu);
 176              		.loc 1 181 0
 177 0040 0B4B     		ldr	r3, .L5+32
 178 0042 0C4A     		ldr	r2, .L5+36
 179 0044 1A60     		str	r2, [r3]
 182:Generated_Source\PSoC4/cyfitter_cfg.c **** 
 183:Generated_Source\PSoC4/cyfitter_cfg.c **** 	CY_SET_XTND_REG32((void CYFAR *)(CYREG_WDT_CONFIG), 0x00000000u);
 180              		.loc 1 183 0
 181 0046 0C4B     		ldr	r3, .L5+40
 182 0048 0022     		mov	r2, #0
 183 004a 1A60     		str	r2, [r3]
 184:Generated_Source\PSoC4/cyfitter_cfg.c **** }
 184              		.loc 1 184 0
 185 004c BD46     		mov	sp, r7
 186              		@ sp needed
 187 004e 80BD     		pop	{r7, pc}
 188              	.L6:
 189              		.align	2
 190              	.L5:
 191 0050 00010B40 		.word	1074462976
 192 0054 04010B40 		.word	1074462980
 193 0058 06000080 		.word	-2147483642
 194 005c 08020240 		.word	1073873416
 195 0060 0C020240 		.word	1073873420
 196 0064 08010B40 		.word	1074462984
 197 0068 00000240 		.word	1073872896
 198 006c 1D000080 		.word	-2147483619
 199 0070 40000240 		.word	1073872960
 200 0074 4C010080 		.word	-2147483316
 201 0078 0C020B40 		.word	1074463244
 202              		.cfi_endproc
 203              	.LFE3:
 204              		.size	ClockSetup, .-ClockSetup
 205              		.section	.text.AnalogSetDefault,"ax",%progbits
 206              		.align	2
 207              		.code	16
 208              		.thumb_func
 209              		.type	AnalogSetDefault, %function
 210              	AnalogSetDefault:
 211              	.LFB4:
 185:Generated_Source\PSoC4/cyfitter_cfg.c **** 
 186:Generated_Source\PSoC4/cyfitter_cfg.c **** 
 187:Generated_Source\PSoC4/cyfitter_cfg.c **** /* Analog API Functions */
 188:Generated_Source\PSoC4/cyfitter_cfg.c **** 
ARM GAS  C:\Users\Joseph\AppData\Local\Temp\cc73aynR.s 			page 8


 189:Generated_Source\PSoC4/cyfitter_cfg.c **** 
 190:Generated_Source\PSoC4/cyfitter_cfg.c **** /*******************************************************************************
 191:Generated_Source\PSoC4/cyfitter_cfg.c **** * Function Name: AnalogSetDefault
 192:Generated_Source\PSoC4/cyfitter_cfg.c **** ********************************************************************************
 193:Generated_Source\PSoC4/cyfitter_cfg.c **** *
 194:Generated_Source\PSoC4/cyfitter_cfg.c **** * Summary:
 195:Generated_Source\PSoC4/cyfitter_cfg.c **** *  Sets up the analog portions of the chip to default values based on chip
 196:Generated_Source\PSoC4/cyfitter_cfg.c **** *  configuration options from the project.
 197:Generated_Source\PSoC4/cyfitter_cfg.c **** *
 198:Generated_Source\PSoC4/cyfitter_cfg.c **** * Parameters:
 199:Generated_Source\PSoC4/cyfitter_cfg.c **** *  void
 200:Generated_Source\PSoC4/cyfitter_cfg.c **** *
 201:Generated_Source\PSoC4/cyfitter_cfg.c **** * Return:
 202:Generated_Source\PSoC4/cyfitter_cfg.c **** *  void
 203:Generated_Source\PSoC4/cyfitter_cfg.c **** *
 204:Generated_Source\PSoC4/cyfitter_cfg.c **** *******************************************************************************/
 205:Generated_Source\PSoC4/cyfitter_cfg.c **** static void AnalogSetDefault(void);
 206:Generated_Source\PSoC4/cyfitter_cfg.c **** static void AnalogSetDefault(void)
 207:Generated_Source\PSoC4/cyfitter_cfg.c **** {
 212              		.loc 1 207 0
 213              		.cfi_startproc
 214 0000 80B5     		push	{r7, lr}
 215              		.cfi_def_cfa_offset 8
 216              		.cfi_offset 7, -8
 217              		.cfi_offset 14, -4
 218 0002 00AF     		add	r7, sp, #0
 219              		.cfi_def_cfa_register 7
 208:Generated_Source\PSoC4/cyfitter_cfg.c **** }
 220              		.loc 1 208 0
 221 0004 BD46     		mov	sp, r7
 222              		@ sp needed
 223 0006 80BD     		pop	{r7, pc}
 224              		.cfi_endproc
 225              	.LFE4:
 226              		.size	AnalogSetDefault, .-AnalogSetDefault
 227              		.section	.psocinit
 228              		.align	2
 229              		.global	cyfitter_cfg
 230              		.code	16
 231              		.thumb_func
 232              		.type	cyfitter_cfg, %function
 233              	cyfitter_cfg:
 234              	.LFB5:
 209:Generated_Source\PSoC4/cyfitter_cfg.c **** 
 210:Generated_Source\PSoC4/cyfitter_cfg.c **** #define CY_AMUX_UNUSED CYREG_CM0_ROM_DWT
 211:Generated_Source\PSoC4/cyfitter_cfg.c **** 
 212:Generated_Source\PSoC4/cyfitter_cfg.c **** 
 213:Generated_Source\PSoC4/cyfitter_cfg.c **** /*******************************************************************************
 214:Generated_Source\PSoC4/cyfitter_cfg.c **** * Function Name: cyfitter_cfg
 215:Generated_Source\PSoC4/cyfitter_cfg.c **** ********************************************************************************
 216:Generated_Source\PSoC4/cyfitter_cfg.c **** * Summary:
 217:Generated_Source\PSoC4/cyfitter_cfg.c **** *  This function is called by the start-up code for the selected device. It
 218:Generated_Source\PSoC4/cyfitter_cfg.c **** *  performs all of the necessary device configuration based on the design
 219:Generated_Source\PSoC4/cyfitter_cfg.c **** *  settings.  This includes settings from the Design Wide Resources (DWR) such
 220:Generated_Source\PSoC4/cyfitter_cfg.c **** *  as Clocks and Pins as well as any component configuration that is necessary.
 221:Generated_Source\PSoC4/cyfitter_cfg.c **** *
 222:Generated_Source\PSoC4/cyfitter_cfg.c **** * Parameters:  
ARM GAS  C:\Users\Joseph\AppData\Local\Temp\cc73aynR.s 			page 9


 223:Generated_Source\PSoC4/cyfitter_cfg.c **** *   void
 224:Generated_Source\PSoC4/cyfitter_cfg.c **** *
 225:Generated_Source\PSoC4/cyfitter_cfg.c **** * Return:
 226:Generated_Source\PSoC4/cyfitter_cfg.c **** *   void
 227:Generated_Source\PSoC4/cyfitter_cfg.c **** *
 228:Generated_Source\PSoC4/cyfitter_cfg.c **** *******************************************************************************/
 229:Generated_Source\PSoC4/cyfitter_cfg.c **** CY_CFG_SECTION
 230:Generated_Source\PSoC4/cyfitter_cfg.c **** void cyfitter_cfg(void)
 231:Generated_Source\PSoC4/cyfitter_cfg.c **** {
 235              		.loc 1 231 0
 236              		.cfi_startproc
 237 007c 80B5     		push	{r7, lr}
 238              		.cfi_def_cfa_offset 8
 239              		.cfi_offset 7, -8
 240              		.cfi_offset 14, -4
 241 007e 82B0     		sub	sp, sp, #8
 242              		.cfi_def_cfa_offset 16
 243 0080 00AF     		add	r7, sp, #0
 244              		.cfi_def_cfa_register 7
 232:Generated_Source\PSoC4/cyfitter_cfg.c **** 	/* Disable interrupts by default. Let user enable if/when they want. */
 233:Generated_Source\PSoC4/cyfitter_cfg.c **** 	CyGlobalIntDisable;
 245              		.loc 1 233 0
 246              	@ 233 "Generated_Source\PSoC4\cyfitter_cfg.c" 1
 247 0082 72B6     		CPSID   i
 248              	@ 0 "" 2
 249              		.code	16
 250              	.LBB2:
 234:Generated_Source\PSoC4/cyfitter_cfg.c **** 
 235:Generated_Source\PSoC4/cyfitter_cfg.c **** 	{
 236:Generated_Source\PSoC4/cyfitter_cfg.c **** 
 237:Generated_Source\PSoC4/cyfitter_cfg.c **** 		CYPACKED typedef struct {
 238:Generated_Source\PSoC4/cyfitter_cfg.c **** 			void CYFAR *address;
 239:Generated_Source\PSoC4/cyfitter_cfg.c **** 			uint16 size;
 240:Generated_Source\PSoC4/cyfitter_cfg.c **** 		} CYPACKED_ATTR cfg_memset_t;
 241:Generated_Source\PSoC4/cyfitter_cfg.c **** 
 242:Generated_Source\PSoC4/cyfitter_cfg.c **** 		static const cfg_memset_t CYCODE cfg_memset_list [] = {
 243:Generated_Source\PSoC4/cyfitter_cfg.c **** 			/* address, size */
 244:Generated_Source\PSoC4/cyfitter_cfg.c **** 			{(void CYFAR *)(CYDEV_UDB_P0_U0_BASE), 1024u},
 245:Generated_Source\PSoC4/cyfitter_cfg.c **** 			{(void CYFAR *)(CYDEV_UDB_DSI0_BASE), 1024u},
 246:Generated_Source\PSoC4/cyfitter_cfg.c **** 		};
 247:Generated_Source\PSoC4/cyfitter_cfg.c **** 
 248:Generated_Source\PSoC4/cyfitter_cfg.c **** 		uint8 CYDATA i;
 249:Generated_Source\PSoC4/cyfitter_cfg.c **** 
 250:Generated_Source\PSoC4/cyfitter_cfg.c **** 		/* Zero out critical memory blocks before beginning configuration */
 251:Generated_Source\PSoC4/cyfitter_cfg.c **** 		for (i = 0u; i < (sizeof(cfg_memset_list)/sizeof(cfg_memset_list[0])); i++)
 251              		.loc 1 251 0
 252 0084 FB1D     		add	r3, r7, #7
 253 0086 0022     		mov	r2, #0
 254 0088 1A70     		strb	r2, [r3]
 255 008a 23E0     		b	.L9
 256              	.L10:
 257              	.LBB3:
 252:Generated_Source\PSoC4/cyfitter_cfg.c **** 		{
 253:Generated_Source\PSoC4/cyfitter_cfg.c **** 			const cfg_memset_t CYCODE * CYDATA ms = &cfg_memset_list[i];
 258              		.loc 1 253 0 discriminator 3
 259 008c FB1D     		add	r3, r7, #7
 260 008e 1A78     		ldrb	r2, [r3]
ARM GAS  C:\Users\Joseph\AppData\Local\Temp\cc73aynR.s 			page 10


 261 0090 131C     		mov	r3, r2
 262 0092 5B00     		lsl	r3, r3, #1
 263 0094 9B18     		add	r3, r3, r2
 264 0096 5B00     		lsl	r3, r3, #1
 265 0098 394A     		ldr	r2, .L11
 266 009a 9B18     		add	r3, r3, r2
 267 009c 3B60     		str	r3, [r7]
 254:Generated_Source\PSoC4/cyfitter_cfg.c **** 			CYMEMZERO(ms->address, (size_t)(uint32)(ms->size));
 268              		.loc 1 254 0 discriminator 3
 269 009e 3B68     		ldr	r3, [r7]
 270 00a0 1A78     		ldrb	r2, [r3]
 271 00a2 5978     		ldrb	r1, [r3, #1]
 272 00a4 0902     		lsl	r1, r1, #8
 273 00a6 0A43     		orr	r2, r1
 274 00a8 9978     		ldrb	r1, [r3, #2]
 275 00aa 0904     		lsl	r1, r1, #16
 276 00ac 0A43     		orr	r2, r1
 277 00ae DB78     		ldrb	r3, [r3, #3]
 278 00b0 1B06     		lsl	r3, r3, #24
 279 00b2 1343     		orr	r3, r2
 280 00b4 191C     		mov	r1, r3
 281 00b6 3B68     		ldr	r3, [r7]
 282 00b8 1A79     		ldrb	r2, [r3, #4]
 283 00ba 5B79     		ldrb	r3, [r3, #5]
 284 00bc 1B02     		lsl	r3, r3, #8
 285 00be 1343     		orr	r3, r2
 286 00c0 9BB2     		uxth	r3, r3
 287 00c2 081C     		mov	r0, r1
 288 00c4 191C     		mov	r1, r3
 289 00c6 FFF7FEFF 		bl	CYMEMZERO
 290              	.LBE3:
 251:Generated_Source\PSoC4/cyfitter_cfg.c **** 		{
 291              		.loc 1 251 0 discriminator 3
 292 00ca FB1D     		add	r3, r7, #7
 293 00cc 1A78     		ldrb	r2, [r3]
 294 00ce FB1D     		add	r3, r7, #7
 295 00d0 0132     		add	r2, r2, #1
 296 00d2 1A70     		strb	r2, [r3]
 297              	.L9:
 251:Generated_Source\PSoC4/cyfitter_cfg.c **** 		{
 298              		.loc 1 251 0 is_stmt 0 discriminator 1
 299 00d4 FB1D     		add	r3, r7, #7
 300 00d6 1B78     		ldrb	r3, [r3]
 301 00d8 012B     		cmp	r3, #1
 302 00da D7D9     		bls	.L10
 255:Generated_Source\PSoC4/cyfitter_cfg.c **** 		}
 256:Generated_Source\PSoC4/cyfitter_cfg.c **** 
 257:Generated_Source\PSoC4/cyfitter_cfg.c **** 		/* HSIOM Starting address: CYDEV_HSIOM_BASE */
 258:Generated_Source\PSoC4/cyfitter_cfg.c **** 		CY_SET_XTND_REG32((void CYFAR *)(CYDEV_HSIOM_BASE), 0x00EE0000u);
 303              		.loc 1 258 0 is_stmt 1
 304 00dc 294B     		ldr	r3, .L11+4
 305 00de EE22     		mov	r2, #238
 306 00e0 1204     		lsl	r2, r2, #16
 307 00e2 1A60     		str	r2, [r3]
 259:Generated_Source\PSoC4/cyfitter_cfg.c **** 		CY_SET_XTND_REG32((void CYFAR *)(CYREG_HSIOM_PORT_SEL3), 0x0000EE00u);
 308              		.loc 1 259 0
 309 00e4 284B     		ldr	r3, .L11+8
ARM GAS  C:\Users\Joseph\AppData\Local\Temp\cc73aynR.s 			page 11


 310 00e6 EE22     		mov	r2, #238
 311 00e8 1202     		lsl	r2, r2, #8
 312 00ea 1A60     		str	r2, [r3]
 260:Generated_Source\PSoC4/cyfitter_cfg.c **** 		CY_SET_XTND_REG32((void CYFAR *)(CYREG_HSIOM_PORT_SEL4), 0x00000099u);
 313              		.loc 1 260 0
 314 00ec 274B     		ldr	r3, .L11+12
 315 00ee 9922     		mov	r2, #153
 316 00f0 1A60     		str	r2, [r3]
 261:Generated_Source\PSoC4/cyfitter_cfg.c **** 
 262:Generated_Source\PSoC4/cyfitter_cfg.c **** 		/* UDB_PA_0 Starting address: CYDEV_UDB_PA0_BASE */
 263:Generated_Source\PSoC4/cyfitter_cfg.c **** 		CY_SET_XTND_REG32((void CYFAR *)(CYDEV_UDB_PA0_BASE), 0x00990000u);
 317              		.loc 1 263 0
 318 00f2 274B     		ldr	r3, .L11+16
 319 00f4 9922     		mov	r2, #153
 320 00f6 1204     		lsl	r2, r2, #16
 321 00f8 1A60     		str	r2, [r3]
 264:Generated_Source\PSoC4/cyfitter_cfg.c **** 
 265:Generated_Source\PSoC4/cyfitter_cfg.c **** 		/* UDB_PA_2 Starting address: CYDEV_UDB_PA2_BASE */
 266:Generated_Source\PSoC4/cyfitter_cfg.c **** 		CY_SET_XTND_REG32((void CYFAR *)(CYDEV_UDB_PA2_BASE), 0x00990000u);
 322              		.loc 1 266 0
 323 00fa 264B     		ldr	r3, .L11+20
 324 00fc 9922     		mov	r2, #153
 325 00fe 1204     		lsl	r2, r2, #16
 326 0100 1A60     		str	r2, [r3]
 267:Generated_Source\PSoC4/cyfitter_cfg.c **** 
 268:Generated_Source\PSoC4/cyfitter_cfg.c **** 		/* UDB_PA_3 Starting address: CYDEV_UDB_PA3_BASE */
 269:Generated_Source\PSoC4/cyfitter_cfg.c **** 		CY_SET_XTND_REG32((void CYFAR *)(CYDEV_UDB_PA3_BASE), 0x00990000u);
 327              		.loc 1 269 0
 328 0102 254B     		ldr	r3, .L11+24
 329 0104 9922     		mov	r2, #153
 330 0106 1204     		lsl	r2, r2, #16
 331 0108 1A60     		str	r2, [r3]
 270:Generated_Source\PSoC4/cyfitter_cfg.c **** 
 271:Generated_Source\PSoC4/cyfitter_cfg.c **** 		/* Enable digital routing */
 272:Generated_Source\PSoC4/cyfitter_cfg.c **** 		CY_SET_XTND_REG8((void *)CYREG_UDB_UDBIF_BANK_CTL, CY_GET_XTND_REG8((void *)CYREG_UDB_UDBIF_BANK_
 332              		.loc 1 272 0
 333 010a 244A     		ldr	r2, .L11+28
 334 010c 234B     		ldr	r3, .L11+28
 335 010e 1B78     		ldrb	r3, [r3]
 336 0110 DBB2     		uxtb	r3, r3
 337 0112 0221     		mov	r1, #2
 338 0114 0B43     		orr	r3, r1
 339 0116 DBB2     		uxtb	r3, r3
 340 0118 1370     		strb	r3, [r2]
 273:Generated_Source\PSoC4/cyfitter_cfg.c **** 
 274:Generated_Source\PSoC4/cyfitter_cfg.c **** 		/* Enable UDB array */
 275:Generated_Source\PSoC4/cyfitter_cfg.c **** 		CY_SET_XTND_REG8((void *)CYREG_UDB_UDBIF_WAIT_CFG, (uint8)((CY_GET_XTND_REG8((void *)CYREG_UDB_UD
 341              		.loc 1 275 0
 342 011a 214A     		ldr	r2, .L11+32
 343 011c 204B     		ldr	r3, .L11+32
 344 011e 1B78     		ldrb	r3, [r3]
 345 0120 DBB2     		uxtb	r3, r3
 346 0122 3C21     		mov	r1, #60
 347 0124 8B43     		bic	r3, r1
 348 0126 DBB2     		uxtb	r3, r3
 349 0128 1421     		mov	r1, #20
 350 012a 0B43     		orr	r3, r1
ARM GAS  C:\Users\Joseph\AppData\Local\Temp\cc73aynR.s 			page 12


 351 012c DBB2     		uxtb	r3, r3
 352 012e 1370     		strb	r3, [r2]
 276:Generated_Source\PSoC4/cyfitter_cfg.c **** 		CY_SET_XTND_REG8((void *)CYREG_UDB_UDBIF_BANK_CTL, (uint8)(CY_GET_XTND_REG8((void *)CYREG_UDB_UDB
 353              		.loc 1 276 0
 354 0130 1A4A     		ldr	r2, .L11+28
 355 0132 1A4B     		ldr	r3, .L11+28
 356 0134 1B78     		ldrb	r3, [r3]
 357 0136 DBB2     		uxtb	r3, r3
 358 0138 1621     		mov	r1, #22
 359 013a 0B43     		orr	r3, r1
 360 013c DBB2     		uxtb	r3, r3
 361 013e 1370     		strb	r3, [r2]
 362              	.LBE2:
 277:Generated_Source\PSoC4/cyfitter_cfg.c **** 	}
 278:Generated_Source\PSoC4/cyfitter_cfg.c **** 
 279:Generated_Source\PSoC4/cyfitter_cfg.c **** 	/* Perform second pass device configuration. These items must be configured in specific order afte
 280:Generated_Source\PSoC4/cyfitter_cfg.c **** 	/* IOPINS0_0 Starting address: CYDEV_PRT0_BASE */
 281:Generated_Source\PSoC4/cyfitter_cfg.c **** 	CY_SET_XTND_REG32((void CYFAR *)(CYDEV_PRT0_BASE), 0x00000030u);
 363              		.loc 1 281 0
 364 0140 184B     		ldr	r3, .L11+36
 365 0142 3022     		mov	r2, #48
 366 0144 1A60     		str	r2, [r3]
 282:Generated_Source\PSoC4/cyfitter_cfg.c **** 	CY_SET_XTND_REG32((void CYFAR *)(CYREG_PRT0_PC), 0x00024006u);
 367              		.loc 1 282 0
 368 0146 184B     		ldr	r3, .L11+40
 369 0148 184A     		ldr	r2, .L11+44
 370 014a 1A60     		str	r2, [r3]
 283:Generated_Source\PSoC4/cyfitter_cfg.c **** 
 284:Generated_Source\PSoC4/cyfitter_cfg.c **** 	/* IOPINS0_2 Starting address: CYDEV_PRT2_BASE */
 285:Generated_Source\PSoC4/cyfitter_cfg.c **** 	CY_SET_XTND_REG32((void CYFAR *)(CYREG_PRT2_PC), 0x00006DB6u);
 371              		.loc 1 285 0
 372 014c 184B     		ldr	r3, .L11+48
 373 014e 194A     		ldr	r2, .L11+52
 374 0150 1A60     		str	r2, [r3]
 286:Generated_Source\PSoC4/cyfitter_cfg.c **** 
 287:Generated_Source\PSoC4/cyfitter_cfg.c **** 	/* IOPINS0_3 Starting address: CYDEV_PRT3_BASE */
 288:Generated_Source\PSoC4/cyfitter_cfg.c **** 	CY_SET_XTND_REG32((void CYFAR *)(CYDEV_PRT3_BASE), 0x00000003u);
 375              		.loc 1 288 0
 376 0152 194B     		ldr	r3, .L11+56
 377 0154 0322     		mov	r2, #3
 378 0156 1A60     		str	r2, [r3]
 289:Generated_Source\PSoC4/cyfitter_cfg.c **** 	CY_SET_XTND_REG32((void CYFAR *)(CYREG_PRT3_PC), 0x00000DB6u);
 379              		.loc 1 289 0
 380 0158 184B     		ldr	r3, .L11+60
 381 015a 194A     		ldr	r2, .L11+64
 382 015c 1A60     		str	r2, [r3]
 290:Generated_Source\PSoC4/cyfitter_cfg.c **** 
 291:Generated_Source\PSoC4/cyfitter_cfg.c **** 	/* IOPINS0_4 Starting address: CYDEV_PRT4_BASE */
 292:Generated_Source\PSoC4/cyfitter_cfg.c **** 	CY_SET_XTND_REG32((void CYFAR *)(CYDEV_PRT4_BASE), 0x0000000Au);
 383              		.loc 1 292 0
 384 015e 194B     		ldr	r3, .L11+68
 385 0160 0A22     		mov	r2, #10
 386 0162 1A60     		str	r2, [r3]
 293:Generated_Source\PSoC4/cyfitter_cfg.c **** 	CY_SET_XTND_REG32((void CYFAR *)(CYREG_PRT4_PC), 0x00000C31u);
 387              		.loc 1 293 0
 388 0164 184B     		ldr	r3, .L11+72
 389 0166 194A     		ldr	r2, .L11+76
ARM GAS  C:\Users\Joseph\AppData\Local\Temp\cc73aynR.s 			page 13


 390 0168 1A60     		str	r2, [r3]
 294:Generated_Source\PSoC4/cyfitter_cfg.c **** 	CY_SET_XTND_REG32((void CYFAR *)(CYREG_PRT4_PC2), 0x00000002u);
 391              		.loc 1 294 0
 392 016a 194B     		ldr	r3, .L11+80
 393 016c 0222     		mov	r2, #2
 394 016e 1A60     		str	r2, [r3]
 295:Generated_Source\PSoC4/cyfitter_cfg.c **** 
 296:Generated_Source\PSoC4/cyfitter_cfg.c **** 
 297:Generated_Source\PSoC4/cyfitter_cfg.c **** 	/* Setup clocks based on selections from Clock DWR */
 298:Generated_Source\PSoC4/cyfitter_cfg.c **** 	ClockSetup();
 395              		.loc 1 298 0
 396 0170 FFF746FF 		bl	ClockSetup
 299:Generated_Source\PSoC4/cyfitter_cfg.c **** 
 300:Generated_Source\PSoC4/cyfitter_cfg.c **** 	/* Perform basic analog initialization to defaults */
 301:Generated_Source\PSoC4/cyfitter_cfg.c **** 	AnalogSetDefault();
 397              		.loc 1 301 0
 398 0174 FFF7FEFF 		bl	AnalogSetDefault
 302:Generated_Source\PSoC4/cyfitter_cfg.c **** 
 303:Generated_Source\PSoC4/cyfitter_cfg.c **** }
 399              		.loc 1 303 0
 400 0178 BD46     		mov	sp, r7
 401 017a 02B0     		add	sp, sp, #8
 402              		@ sp needed
 403 017c 80BD     		pop	{r7, pc}
 404              	.L12:
 405 017e C046     		.align	2
 406              	.L11:
 407 0180 00000000 		.word	cfg_memset_list.4725
 408 0184 00000140 		.word	1073807360
 409 0188 0C000140 		.word	1073807372
 410 018c 10000140 		.word	1073807376
 411 0190 00500F40 		.word	1074745344
 412 0194 20500F40 		.word	1074745376
 413 0198 30500F40 		.word	1074745392
 414 019c 00700F40 		.word	1074753536
 415 01a0 01700F40 		.word	1074753537
 416 01a4 00000440 		.word	1074003968
 417 01a8 08000440 		.word	1074003976
 418 01ac 06400200 		.word	147462
 419 01b0 08020440 		.word	1074004488
 420 01b4 B66D0000 		.word	28086
 421 01b8 00030440 		.word	1074004736
 422 01bc 08030440 		.word	1074004744
 423 01c0 B60D0000 		.word	3510
 424 01c4 00040440 		.word	1074004992
 425 01c8 08040440 		.word	1074005000
 426 01cc 310C0000 		.word	3121
 427 01d0 18040440 		.word	1074005016
 428              		.cfi_endproc
 429              	.LFE5:
 430              		.size	cyfitter_cfg, .-cyfitter_cfg
 431              		.section	.rodata
 432              		.align	2
 433              		.type	cfg_memset_list.4725, %object
 434              		.size	cfg_memset_list.4725, 12
 435              	cfg_memset_list.4725:
 436 0000 00300F40 		.word	1074737152
ARM GAS  C:\Users\Joseph\AppData\Local\Temp\cc73aynR.s 			page 14


 437 0004 0004     		.short	1024
 438 0006 00400F40 		.4byte	1074741248
 439 000a 0004     		.short	1024
 440              		.text
 441              	.Letext0:
 442              		.file 2 "c:\\program files (x86)\\cypress\\psoc creator\\4.0\\psoc creator\\import\\gnu\\arm\\4.9.
 443              		.file 3 "Generated_Source\\PSoC4\\cytypes.h"
 444              		.section	.debug_info,"",%progbits
 445              	.Ldebug_info0:
 446 0000 46020000 		.4byte	0x246
 447 0004 0400     		.2byte	0x4
 448 0006 00000000 		.4byte	.Ldebug_abbrev0
 449 000a 04       		.byte	0x4
 450 000b 01       		.uleb128 0x1
 451 000c A5000000 		.4byte	.LASF29
 452 0010 01       		.byte	0x1
 453 0011 10020000 		.4byte	.LASF30
 454 0015 3A010000 		.4byte	.LASF31
 455 0019 00000000 		.4byte	.Ldebug_ranges0+0
 456 001d 00000000 		.4byte	0
 457 0021 00000000 		.4byte	.Ldebug_line0
 458 0025 02       		.uleb128 0x2
 459 0026 04       		.byte	0x4
 460 0027 05       		.byte	0x5
 461 0028 696E7400 		.ascii	"int\000"
 462 002c 03       		.uleb128 0x3
 463 002d 06000000 		.4byte	.LASF11
 464 0031 02       		.byte	0x2
 465 0032 D4       		.byte	0xd4
 466 0033 37000000 		.4byte	0x37
 467 0037 04       		.uleb128 0x4
 468 0038 04       		.byte	0x4
 469 0039 07       		.byte	0x7
 470 003a 9C010000 		.4byte	.LASF0
 471 003e 04       		.uleb128 0x4
 472 003f 01       		.byte	0x1
 473 0040 06       		.byte	0x6
 474 0041 04020000 		.4byte	.LASF1
 475 0045 04       		.uleb128 0x4
 476 0046 01       		.byte	0x1
 477 0047 08       		.byte	0x8
 478 0048 83000000 		.4byte	.LASF2
 479 004c 04       		.uleb128 0x4
 480 004d 02       		.byte	0x2
 481 004e 05       		.byte	0x5
 482 004f F1010000 		.4byte	.LASF3
 483 0053 04       		.uleb128 0x4
 484 0054 02       		.byte	0x2
 485 0055 07       		.byte	0x7
 486 0056 39000000 		.4byte	.LASF4
 487 005a 04       		.uleb128 0x4
 488 005b 04       		.byte	0x4
 489 005c 05       		.byte	0x5
 490 005d FB010000 		.4byte	.LASF5
 491 0061 04       		.uleb128 0x4
 492 0062 04       		.byte	0x4
 493 0063 07       		.byte	0x7
ARM GAS  C:\Users\Joseph\AppData\Local\Temp\cc73aynR.s 			page 15


 494 0064 61000000 		.4byte	.LASF6
 495 0068 04       		.uleb128 0x4
 496 0069 08       		.byte	0x8
 497 006a 05       		.byte	0x5
 498 006b DE010000 		.4byte	.LASF7
 499 006f 04       		.uleb128 0x4
 500 0070 08       		.byte	0x8
 501 0071 07       		.byte	0x7
 502 0072 B1010000 		.4byte	.LASF8
 503 0076 04       		.uleb128 0x4
 504 0077 04       		.byte	0x4
 505 0078 07       		.byte	0x7
 506 0079 D5010000 		.4byte	.LASF9
 507 007d 05       		.uleb128 0x5
 508 007e 04       		.byte	0x4
 509 007f 04       		.uleb128 0x4
 510 0080 01       		.byte	0x1
 511 0081 08       		.byte	0x8
 512 0082 EC010000 		.4byte	.LASF10
 513 0086 06       		.uleb128 0x6
 514 0087 73000000 		.4byte	.LASF12
 515 008b 03       		.byte	0x3
 516 008c B901     		.2byte	0x1b9
 517 008e 45000000 		.4byte	0x45
 518 0092 06       		.uleb128 0x6
 519 0093 33010000 		.4byte	.LASF13
 520 0097 03       		.byte	0x3
 521 0098 BA01     		.2byte	0x1ba
 522 009a 53000000 		.4byte	0x53
 523 009e 06       		.uleb128 0x6
 524 009f 95010000 		.4byte	.LASF14
 525 00a3 03       		.byte	0x3
 526 00a4 BB01     		.2byte	0x1bb
 527 00a6 61000000 		.4byte	0x61
 528 00aa 04       		.uleb128 0x4
 529 00ab 04       		.byte	0x4
 530 00ac 04       		.byte	0x4
 531 00ad 4C000000 		.4byte	.LASF15
 532 00b1 04       		.uleb128 0x4
 533 00b2 08       		.byte	0x8
 534 00b3 04       		.byte	0x4
 535 00b4 91000000 		.4byte	.LASF16
 536 00b8 06       		.uleb128 0x6
 537 00b9 5C000000 		.4byte	.LASF17
 538 00bd 03       		.byte	0x3
 539 00be 6302     		.2byte	0x263
 540 00c0 C4000000 		.4byte	0xc4
 541 00c4 07       		.uleb128 0x7
 542 00c5 86000000 		.4byte	0x86
 543 00c9 06       		.uleb128 0x6
 544 00ca 00000000 		.4byte	.LASF18
 545 00ce 03       		.byte	0x3
 546 00cf 6502     		.2byte	0x265
 547 00d1 D5000000 		.4byte	0xd5
 548 00d5 07       		.uleb128 0x7
 549 00d6 9E000000 		.4byte	0x9e
 550 00da 08       		.uleb128 0x8
ARM GAS  C:\Users\Joseph\AppData\Local\Temp\cc73aynR.s 			page 16


 551 00db 79000000 		.4byte	.LASF19
 552 00df 01       		.byte	0x1
 553 00e0 3C       		.byte	0x3c
 554 00e1 00000000 		.4byte	.LFB0
 555 00e5 1E000000 		.4byte	.LFE0-.LFB0
 556 00e9 01       		.uleb128 0x1
 557 00ea 9C       		.byte	0x9c
 558 00eb 08010000 		.4byte	0x108
 559 00ef 09       		.uleb128 0x9
 560 00f0 7300     		.ascii	"s\000"
 561 00f2 01       		.byte	0x1
 562 00f3 3C       		.byte	0x3c
 563 00f4 7D000000 		.4byte	0x7d
 564 00f8 02       		.uleb128 0x2
 565 00f9 91       		.byte	0x91
 566 00fa 74       		.sleb128 -12
 567 00fb 09       		.uleb128 0x9
 568 00fc 6E00     		.ascii	"n\000"
 569 00fe 01       		.byte	0x1
 570 00ff 3C       		.byte	0x3c
 571 0100 2C000000 		.4byte	0x2c
 572 0104 02       		.uleb128 0x2
 573 0105 91       		.byte	0x91
 574 0106 70       		.sleb128 -16
 575 0107 00       		.byte	0
 576 0108 08       		.uleb128 0x8
 577 0109 46020000 		.4byte	.LASF20
 578 010d 01       		.byte	0x1
 579 010e 43       		.byte	0x43
 580 010f 00000000 		.4byte	.LFB1
 581 0113 22000000 		.4byte	.LFE1-.LFB1
 582 0117 01       		.uleb128 0x1
 583 0118 9C       		.byte	0x9c
 584 0119 46010000 		.4byte	0x146
 585 011d 0A       		.uleb128 0xa
 586 011e 52000000 		.4byte	.LASF21
 587 0122 01       		.byte	0x1
 588 0123 43       		.byte	0x43
 589 0124 7D000000 		.4byte	0x7d
 590 0128 02       		.uleb128 0x2
 591 0129 91       		.byte	0x91
 592 012a 74       		.sleb128 -12
 593 012b 09       		.uleb128 0x9
 594 012c 73726300 		.ascii	"src\000"
 595 0130 01       		.byte	0x1
 596 0131 43       		.byte	0x43
 597 0132 46010000 		.4byte	0x146
 598 0136 02       		.uleb128 0x2
 599 0137 91       		.byte	0x91
 600 0138 70       		.sleb128 -16
 601 0139 09       		.uleb128 0x9
 602 013a 6E00     		.ascii	"n\000"
 603 013c 01       		.byte	0x1
 604 013d 43       		.byte	0x43
 605 013e 2C000000 		.4byte	0x2c
 606 0142 02       		.uleb128 0x2
 607 0143 91       		.byte	0x91
ARM GAS  C:\Users\Joseph\AppData\Local\Temp\cc73aynR.s 			page 17


 608 0144 6C       		.sleb128 -20
 609 0145 00       		.byte	0
 610 0146 0B       		.uleb128 0xb
 611 0147 04       		.byte	0x4
 612 0148 4C010000 		.4byte	0x14c
 613 014c 0C       		.uleb128 0xc
 614 014d 08       		.uleb128 0x8
 615 014e 36020000 		.4byte	.LASF22
 616 0152 01       		.byte	0x1
 617 0153 4A       		.byte	0x4a
 618 0154 00000000 		.4byte	.LFB2
 619 0158 22000000 		.4byte	.LFE2-.LFB2
 620 015c 01       		.uleb128 0x1
 621 015d 9C       		.byte	0x9c
 622 015e 8B010000 		.4byte	0x18b
 623 0162 0A       		.uleb128 0xa
 624 0163 52000000 		.4byte	.LASF21
 625 0167 01       		.byte	0x1
 626 0168 4A       		.byte	0x4a
 627 0169 7D000000 		.4byte	0x7d
 628 016d 02       		.uleb128 0x2
 629 016e 91       		.byte	0x91
 630 016f 74       		.sleb128 -12
 631 0170 09       		.uleb128 0x9
 632 0171 73726300 		.ascii	"src\000"
 633 0175 01       		.byte	0x1
 634 0176 4A       		.byte	0x4a
 635 0177 46010000 		.4byte	0x146
 636 017b 02       		.uleb128 0x2
 637 017c 91       		.byte	0x91
 638 017d 70       		.sleb128 -16
 639 017e 09       		.uleb128 0x9
 640 017f 6E00     		.ascii	"n\000"
 641 0181 01       		.byte	0x1
 642 0182 4A       		.byte	0x4a
 643 0183 2C000000 		.4byte	0x2c
 644 0187 02       		.uleb128 0x2
 645 0188 91       		.byte	0x91
 646 0189 6C       		.sleb128 -20
 647 018a 00       		.byte	0
 648 018b 0D       		.uleb128 0xd
 649 018c 2E000000 		.4byte	.LASF23
 650 0190 01       		.byte	0x1
 651 0191 9C       		.byte	0x9c
 652 0192 00000000 		.4byte	.LFB3
 653 0196 7C000000 		.4byte	.LFE3-.LFB3
 654 019a 01       		.uleb128 0x1
 655 019b 9C       		.byte	0x9c
 656 019c 0E       		.uleb128 0xe
 657 019d 0D000000 		.4byte	.LASF24
 658 01a1 01       		.byte	0x1
 659 01a2 CE       		.byte	0xce
 660 01a3 00000000 		.4byte	.LFB4
 661 01a7 08000000 		.4byte	.LFE4-.LFB4
 662 01ab 01       		.uleb128 0x1
 663 01ac 9C       		.byte	0x9c
 664 01ad 0F       		.uleb128 0xf
ARM GAS  C:\Users\Joseph\AppData\Local\Temp\cc73aynR.s 			page 18


 665 01ae 98000000 		.4byte	.LASF32
 666 01b2 01       		.byte	0x1
 667 01b3 E6       		.byte	0xe6
 668 01b4 7C000000 		.4byte	.LFB5
 669 01b8 58010000 		.4byte	.LFE5-.LFB5
 670 01bc 01       		.uleb128 0x1
 671 01bd 9C       		.byte	0x9c
 672 01be 10       		.uleb128 0x10
 673 01bf 84000000 		.4byte	.LBB2
 674 01c3 BC000000 		.4byte	.LBE2-.LBB2
 675 01c7 11       		.uleb128 0x11
 676 01c8 06       		.byte	0x6
 677 01c9 01       		.byte	0x1
 678 01ca ED       		.byte	0xed
 679 01cb E8010000 		.4byte	0x1e8
 680 01cf 12       		.uleb128 0x12
 681 01d0 A9010000 		.4byte	.LASF25
 682 01d4 01       		.byte	0x1
 683 01d5 EE       		.byte	0xee
 684 01d6 7D000000 		.4byte	0x7d
 685 01da 00       		.byte	0
 686 01db 12       		.uleb128 0x12
 687 01dc 57000000 		.4byte	.LASF26
 688 01e0 01       		.byte	0x1
 689 01e1 EF       		.byte	0xef
 690 01e2 92000000 		.4byte	0x92
 691 01e6 04       		.byte	0x4
 692 01e7 00       		.byte	0
 693 01e8 03       		.uleb128 0x3
 694 01e9 C8010000 		.4byte	.LASF27
 695 01ed 01       		.byte	0x1
 696 01ee F0       		.byte	0xf0
 697 01ef C7010000 		.4byte	0x1c7
 698 01f3 13       		.uleb128 0x13
 699 01f4 E8010000 		.4byte	0x1e8
 700 01f8 03020000 		.4byte	0x203
 701 01fc 14       		.uleb128 0x14
 702 01fd 76000000 		.4byte	0x76
 703 0201 01       		.byte	0x1
 704 0202 00       		.byte	0
 705 0203 15       		.uleb128 0x15
 706 0204 1E000000 		.4byte	.LASF28
 707 0208 01       		.byte	0x1
 708 0209 F2       		.byte	0xf2
 709 020a 14020000 		.4byte	0x214
 710 020e 05       		.uleb128 0x5
 711 020f 03       		.byte	0x3
 712 0210 00000000 		.4byte	cfg_memset_list.4725
 713 0214 16       		.uleb128 0x16
 714 0215 F3010000 		.4byte	0x1f3
 715 0219 17       		.uleb128 0x17
 716 021a 6900     		.ascii	"i\000"
 717 021c 01       		.byte	0x1
 718 021d F8       		.byte	0xf8
 719 021e 86000000 		.4byte	0x86
 720 0222 02       		.uleb128 0x2
 721 0223 91       		.byte	0x91
ARM GAS  C:\Users\Joseph\AppData\Local\Temp\cc73aynR.s 			page 19


 722 0224 77       		.sleb128 -9
 723 0225 10       		.uleb128 0x10
 724 0226 8C000000 		.4byte	.LBB3
 725 022a 3E000000 		.4byte	.LBE3-.LBB3
 726 022e 17       		.uleb128 0x17
 727 022f 6D7300   		.ascii	"ms\000"
 728 0232 01       		.byte	0x1
 729 0233 FD       		.byte	0xfd
 730 0234 3B020000 		.4byte	0x23b
 731 0238 02       		.uleb128 0x2
 732 0239 91       		.byte	0x91
 733 023a 70       		.sleb128 -16
 734 023b 0B       		.uleb128 0xb
 735 023c 04       		.byte	0x4
 736 023d 41020000 		.4byte	0x241
 737 0241 16       		.uleb128 0x16
 738 0242 E8010000 		.4byte	0x1e8
 739 0246 00       		.byte	0
 740 0247 00       		.byte	0
 741 0248 00       		.byte	0
 742 0249 00       		.byte	0
 743              		.section	.debug_abbrev,"",%progbits
 744              	.Ldebug_abbrev0:
 745 0000 01       		.uleb128 0x1
 746 0001 11       		.uleb128 0x11
 747 0002 01       		.byte	0x1
 748 0003 25       		.uleb128 0x25
 749 0004 0E       		.uleb128 0xe
 750 0005 13       		.uleb128 0x13
 751 0006 0B       		.uleb128 0xb
 752 0007 03       		.uleb128 0x3
 753 0008 0E       		.uleb128 0xe
 754 0009 1B       		.uleb128 0x1b
 755 000a 0E       		.uleb128 0xe
 756 000b 55       		.uleb128 0x55
 757 000c 17       		.uleb128 0x17
 758 000d 11       		.uleb128 0x11
 759 000e 01       		.uleb128 0x1
 760 000f 10       		.uleb128 0x10
 761 0010 17       		.uleb128 0x17
 762 0011 00       		.byte	0
 763 0012 00       		.byte	0
 764 0013 02       		.uleb128 0x2
 765 0014 24       		.uleb128 0x24
 766 0015 00       		.byte	0
 767 0016 0B       		.uleb128 0xb
 768 0017 0B       		.uleb128 0xb
 769 0018 3E       		.uleb128 0x3e
 770 0019 0B       		.uleb128 0xb
 771 001a 03       		.uleb128 0x3
 772 001b 08       		.uleb128 0x8
 773 001c 00       		.byte	0
 774 001d 00       		.byte	0
 775 001e 03       		.uleb128 0x3
 776 001f 16       		.uleb128 0x16
 777 0020 00       		.byte	0
 778 0021 03       		.uleb128 0x3
ARM GAS  C:\Users\Joseph\AppData\Local\Temp\cc73aynR.s 			page 20


 779 0022 0E       		.uleb128 0xe
 780 0023 3A       		.uleb128 0x3a
 781 0024 0B       		.uleb128 0xb
 782 0025 3B       		.uleb128 0x3b
 783 0026 0B       		.uleb128 0xb
 784 0027 49       		.uleb128 0x49
 785 0028 13       		.uleb128 0x13
 786 0029 00       		.byte	0
 787 002a 00       		.byte	0
 788 002b 04       		.uleb128 0x4
 789 002c 24       		.uleb128 0x24
 790 002d 00       		.byte	0
 791 002e 0B       		.uleb128 0xb
 792 002f 0B       		.uleb128 0xb
 793 0030 3E       		.uleb128 0x3e
 794 0031 0B       		.uleb128 0xb
 795 0032 03       		.uleb128 0x3
 796 0033 0E       		.uleb128 0xe
 797 0034 00       		.byte	0
 798 0035 00       		.byte	0
 799 0036 05       		.uleb128 0x5
 800 0037 0F       		.uleb128 0xf
 801 0038 00       		.byte	0
 802 0039 0B       		.uleb128 0xb
 803 003a 0B       		.uleb128 0xb
 804 003b 00       		.byte	0
 805 003c 00       		.byte	0
 806 003d 06       		.uleb128 0x6
 807 003e 16       		.uleb128 0x16
 808 003f 00       		.byte	0
 809 0040 03       		.uleb128 0x3
 810 0041 0E       		.uleb128 0xe
 811 0042 3A       		.uleb128 0x3a
 812 0043 0B       		.uleb128 0xb
 813 0044 3B       		.uleb128 0x3b
 814 0045 05       		.uleb128 0x5
 815 0046 49       		.uleb128 0x49
 816 0047 13       		.uleb128 0x13
 817 0048 00       		.byte	0
 818 0049 00       		.byte	0
 819 004a 07       		.uleb128 0x7
 820 004b 35       		.uleb128 0x35
 821 004c 00       		.byte	0
 822 004d 49       		.uleb128 0x49
 823 004e 13       		.uleb128 0x13
 824 004f 00       		.byte	0
 825 0050 00       		.byte	0
 826 0051 08       		.uleb128 0x8
 827 0052 2E       		.uleb128 0x2e
 828 0053 01       		.byte	0x1
 829 0054 03       		.uleb128 0x3
 830 0055 0E       		.uleb128 0xe
 831 0056 3A       		.uleb128 0x3a
 832 0057 0B       		.uleb128 0xb
 833 0058 3B       		.uleb128 0x3b
 834 0059 0B       		.uleb128 0xb
 835 005a 27       		.uleb128 0x27
ARM GAS  C:\Users\Joseph\AppData\Local\Temp\cc73aynR.s 			page 21


 836 005b 19       		.uleb128 0x19
 837 005c 11       		.uleb128 0x11
 838 005d 01       		.uleb128 0x1
 839 005e 12       		.uleb128 0x12
 840 005f 06       		.uleb128 0x6
 841 0060 40       		.uleb128 0x40
 842 0061 18       		.uleb128 0x18
 843 0062 9642     		.uleb128 0x2116
 844 0064 19       		.uleb128 0x19
 845 0065 01       		.uleb128 0x1
 846 0066 13       		.uleb128 0x13
 847 0067 00       		.byte	0
 848 0068 00       		.byte	0
 849 0069 09       		.uleb128 0x9
 850 006a 05       		.uleb128 0x5
 851 006b 00       		.byte	0
 852 006c 03       		.uleb128 0x3
 853 006d 08       		.uleb128 0x8
 854 006e 3A       		.uleb128 0x3a
 855 006f 0B       		.uleb128 0xb
 856 0070 3B       		.uleb128 0x3b
 857 0071 0B       		.uleb128 0xb
 858 0072 49       		.uleb128 0x49
 859 0073 13       		.uleb128 0x13
 860 0074 02       		.uleb128 0x2
 861 0075 18       		.uleb128 0x18
 862 0076 00       		.byte	0
 863 0077 00       		.byte	0
 864 0078 0A       		.uleb128 0xa
 865 0079 05       		.uleb128 0x5
 866 007a 00       		.byte	0
 867 007b 03       		.uleb128 0x3
 868 007c 0E       		.uleb128 0xe
 869 007d 3A       		.uleb128 0x3a
 870 007e 0B       		.uleb128 0xb
 871 007f 3B       		.uleb128 0x3b
 872 0080 0B       		.uleb128 0xb
 873 0081 49       		.uleb128 0x49
 874 0082 13       		.uleb128 0x13
 875 0083 02       		.uleb128 0x2
 876 0084 18       		.uleb128 0x18
 877 0085 00       		.byte	0
 878 0086 00       		.byte	0
 879 0087 0B       		.uleb128 0xb
 880 0088 0F       		.uleb128 0xf
 881 0089 00       		.byte	0
 882 008a 0B       		.uleb128 0xb
 883 008b 0B       		.uleb128 0xb
 884 008c 49       		.uleb128 0x49
 885 008d 13       		.uleb128 0x13
 886 008e 00       		.byte	0
 887 008f 00       		.byte	0
 888 0090 0C       		.uleb128 0xc
 889 0091 26       		.uleb128 0x26
 890 0092 00       		.byte	0
 891 0093 00       		.byte	0
 892 0094 00       		.byte	0
ARM GAS  C:\Users\Joseph\AppData\Local\Temp\cc73aynR.s 			page 22


 893 0095 0D       		.uleb128 0xd
 894 0096 2E       		.uleb128 0x2e
 895 0097 00       		.byte	0
 896 0098 03       		.uleb128 0x3
 897 0099 0E       		.uleb128 0xe
 898 009a 3A       		.uleb128 0x3a
 899 009b 0B       		.uleb128 0xb
 900 009c 3B       		.uleb128 0x3b
 901 009d 0B       		.uleb128 0xb
 902 009e 27       		.uleb128 0x27
 903 009f 19       		.uleb128 0x19
 904 00a0 11       		.uleb128 0x11
 905 00a1 01       		.uleb128 0x1
 906 00a2 12       		.uleb128 0x12
 907 00a3 06       		.uleb128 0x6
 908 00a4 40       		.uleb128 0x40
 909 00a5 18       		.uleb128 0x18
 910 00a6 9642     		.uleb128 0x2116
 911 00a8 19       		.uleb128 0x19
 912 00a9 00       		.byte	0
 913 00aa 00       		.byte	0
 914 00ab 0E       		.uleb128 0xe
 915 00ac 2E       		.uleb128 0x2e
 916 00ad 00       		.byte	0
 917 00ae 03       		.uleb128 0x3
 918 00af 0E       		.uleb128 0xe
 919 00b0 3A       		.uleb128 0x3a
 920 00b1 0B       		.uleb128 0xb
 921 00b2 3B       		.uleb128 0x3b
 922 00b3 0B       		.uleb128 0xb
 923 00b4 27       		.uleb128 0x27
 924 00b5 19       		.uleb128 0x19
 925 00b6 11       		.uleb128 0x11
 926 00b7 01       		.uleb128 0x1
 927 00b8 12       		.uleb128 0x12
 928 00b9 06       		.uleb128 0x6
 929 00ba 40       		.uleb128 0x40
 930 00bb 18       		.uleb128 0x18
 931 00bc 9742     		.uleb128 0x2117
 932 00be 19       		.uleb128 0x19
 933 00bf 00       		.byte	0
 934 00c0 00       		.byte	0
 935 00c1 0F       		.uleb128 0xf
 936 00c2 2E       		.uleb128 0x2e
 937 00c3 01       		.byte	0x1
 938 00c4 3F       		.uleb128 0x3f
 939 00c5 19       		.uleb128 0x19
 940 00c6 03       		.uleb128 0x3
 941 00c7 0E       		.uleb128 0xe
 942 00c8 3A       		.uleb128 0x3a
 943 00c9 0B       		.uleb128 0xb
 944 00ca 3B       		.uleb128 0x3b
 945 00cb 0B       		.uleb128 0xb
 946 00cc 27       		.uleb128 0x27
 947 00cd 19       		.uleb128 0x19
 948 00ce 11       		.uleb128 0x11
 949 00cf 01       		.uleb128 0x1
ARM GAS  C:\Users\Joseph\AppData\Local\Temp\cc73aynR.s 			page 23


 950 00d0 12       		.uleb128 0x12
 951 00d1 06       		.uleb128 0x6
 952 00d2 40       		.uleb128 0x40
 953 00d3 18       		.uleb128 0x18
 954 00d4 9642     		.uleb128 0x2116
 955 00d6 19       		.uleb128 0x19
 956 00d7 00       		.byte	0
 957 00d8 00       		.byte	0
 958 00d9 10       		.uleb128 0x10
 959 00da 0B       		.uleb128 0xb
 960 00db 01       		.byte	0x1
 961 00dc 11       		.uleb128 0x11
 962 00dd 01       		.uleb128 0x1
 963 00de 12       		.uleb128 0x12
 964 00df 06       		.uleb128 0x6
 965 00e0 00       		.byte	0
 966 00e1 00       		.byte	0
 967 00e2 11       		.uleb128 0x11
 968 00e3 13       		.uleb128 0x13
 969 00e4 01       		.byte	0x1
 970 00e5 0B       		.uleb128 0xb
 971 00e6 0B       		.uleb128 0xb
 972 00e7 3A       		.uleb128 0x3a
 973 00e8 0B       		.uleb128 0xb
 974 00e9 3B       		.uleb128 0x3b
 975 00ea 0B       		.uleb128 0xb
 976 00eb 01       		.uleb128 0x1
 977 00ec 13       		.uleb128 0x13
 978 00ed 00       		.byte	0
 979 00ee 00       		.byte	0
 980 00ef 12       		.uleb128 0x12
 981 00f0 0D       		.uleb128 0xd
 982 00f1 00       		.byte	0
 983 00f2 03       		.uleb128 0x3
 984 00f3 0E       		.uleb128 0xe
 985 00f4 3A       		.uleb128 0x3a
 986 00f5 0B       		.uleb128 0xb
 987 00f6 3B       		.uleb128 0x3b
 988 00f7 0B       		.uleb128 0xb
 989 00f8 49       		.uleb128 0x49
 990 00f9 13       		.uleb128 0x13
 991 00fa 38       		.uleb128 0x38
 992 00fb 0B       		.uleb128 0xb
 993 00fc 00       		.byte	0
 994 00fd 00       		.byte	0
 995 00fe 13       		.uleb128 0x13
 996 00ff 01       		.uleb128 0x1
 997 0100 01       		.byte	0x1
 998 0101 49       		.uleb128 0x49
 999 0102 13       		.uleb128 0x13
 1000 0103 01       		.uleb128 0x1
 1001 0104 13       		.uleb128 0x13
 1002 0105 00       		.byte	0
 1003 0106 00       		.byte	0
 1004 0107 14       		.uleb128 0x14
 1005 0108 21       		.uleb128 0x21
 1006 0109 00       		.byte	0
ARM GAS  C:\Users\Joseph\AppData\Local\Temp\cc73aynR.s 			page 24


 1007 010a 49       		.uleb128 0x49
 1008 010b 13       		.uleb128 0x13
 1009 010c 2F       		.uleb128 0x2f
 1010 010d 0B       		.uleb128 0xb
 1011 010e 00       		.byte	0
 1012 010f 00       		.byte	0
 1013 0110 15       		.uleb128 0x15
 1014 0111 34       		.uleb128 0x34
 1015 0112 00       		.byte	0
 1016 0113 03       		.uleb128 0x3
 1017 0114 0E       		.uleb128 0xe
 1018 0115 3A       		.uleb128 0x3a
 1019 0116 0B       		.uleb128 0xb
 1020 0117 3B       		.uleb128 0x3b
 1021 0118 0B       		.uleb128 0xb
 1022 0119 49       		.uleb128 0x49
 1023 011a 13       		.uleb128 0x13
 1024 011b 02       		.uleb128 0x2
 1025 011c 18       		.uleb128 0x18
 1026 011d 00       		.byte	0
 1027 011e 00       		.byte	0
 1028 011f 16       		.uleb128 0x16
 1029 0120 26       		.uleb128 0x26
 1030 0121 00       		.byte	0
 1031 0122 49       		.uleb128 0x49
 1032 0123 13       		.uleb128 0x13
 1033 0124 00       		.byte	0
 1034 0125 00       		.byte	0
 1035 0126 17       		.uleb128 0x17
 1036 0127 34       		.uleb128 0x34
 1037 0128 00       		.byte	0
 1038 0129 03       		.uleb128 0x3
 1039 012a 08       		.uleb128 0x8
 1040 012b 3A       		.uleb128 0x3a
 1041 012c 0B       		.uleb128 0xb
 1042 012d 3B       		.uleb128 0x3b
 1043 012e 0B       		.uleb128 0xb
 1044 012f 49       		.uleb128 0x49
 1045 0130 13       		.uleb128 0x13
 1046 0131 02       		.uleb128 0x2
 1047 0132 18       		.uleb128 0x18
 1048 0133 00       		.byte	0
 1049 0134 00       		.byte	0
 1050 0135 00       		.byte	0
 1051              		.section	.debug_aranges,"",%progbits
 1052 0000 44000000 		.4byte	0x44
 1053 0004 0200     		.2byte	0x2
 1054 0006 00000000 		.4byte	.Ldebug_info0
 1055 000a 04       		.byte	0x4
 1056 000b 00       		.byte	0
 1057 000c 0000     		.2byte	0
 1058 000e 0000     		.2byte	0
 1059 0010 00000000 		.4byte	.LFB0
 1060 0014 1E000000 		.4byte	.LFE0-.LFB0
 1061 0018 00000000 		.4byte	.LFB1
 1062 001c 22000000 		.4byte	.LFE1-.LFB1
 1063 0020 00000000 		.4byte	.LFB2
ARM GAS  C:\Users\Joseph\AppData\Local\Temp\cc73aynR.s 			page 25


 1064 0024 22000000 		.4byte	.LFE2-.LFB2
 1065 0028 00000000 		.4byte	.LFB3
 1066 002c 7C000000 		.4byte	.LFE3-.LFB3
 1067 0030 00000000 		.4byte	.LFB4
 1068 0034 08000000 		.4byte	.LFE4-.LFB4
 1069 0038 7C000000 		.4byte	.LFB5
 1070 003c 58010000 		.4byte	.LFE5-.LFB5
 1071 0040 00000000 		.4byte	0
 1072 0044 00000000 		.4byte	0
 1073              		.section	.debug_ranges,"",%progbits
 1074              	.Ldebug_ranges0:
 1075 0000 00000000 		.4byte	.LFB0
 1076 0004 1E000000 		.4byte	.LFE0
 1077 0008 00000000 		.4byte	.LFB1
 1078 000c 22000000 		.4byte	.LFE1
 1079 0010 00000000 		.4byte	.LFB2
 1080 0014 22000000 		.4byte	.LFE2
 1081 0018 00000000 		.4byte	.LFB3
 1082 001c 7C000000 		.4byte	.LFE3
 1083 0020 00000000 		.4byte	.LFB4
 1084 0024 08000000 		.4byte	.LFE4
 1085 0028 7C000000 		.4byte	.LFB5
 1086 002c D4010000 		.4byte	.LFE5
 1087 0030 00000000 		.4byte	0
 1088 0034 00000000 		.4byte	0
 1089              		.section	.debug_line,"",%progbits
 1090              	.Ldebug_line0:
 1091 0000 65010000 		.section	.debug_str,"MS",%progbits,1
 1091      0200CB00 
 1091      00000201 
 1091      FB0E0D00 
 1091      01010101 
 1092              	.LASF18:
 1093 0000 72656733 		.ascii	"reg32\000"
 1093      3200
 1094              	.LASF11:
 1095 0006 73697A65 		.ascii	"size_t\000"
 1095      5F7400
 1096              	.LASF24:
 1097 000d 416E616C 		.ascii	"AnalogSetDefault\000"
 1097      6F675365 
 1097      74446566 
 1097      61756C74 
 1097      00
 1098              	.LASF28:
 1099 001e 6366675F 		.ascii	"cfg_memset_list\000"
 1099      6D656D73 
 1099      65745F6C 
 1099      69737400 
 1100              	.LASF23:
 1101 002e 436C6F63 		.ascii	"ClockSetup\000"
 1101      6B536574 
 1101      757000
 1102              	.LASF4:
 1103 0039 73686F72 		.ascii	"short unsigned int\000"
 1103      7420756E 
 1103      7369676E 
ARM GAS  C:\Users\Joseph\AppData\Local\Temp\cc73aynR.s 			page 26


 1103      65642069 
 1103      6E7400
 1104              	.LASF15:
 1105 004c 666C6F61 		.ascii	"float\000"
 1105      7400
 1106              	.LASF21:
 1107 0052 64657374 		.ascii	"dest\000"
 1107      00
 1108              	.LASF26:
 1109 0057 73697A65 		.ascii	"size\000"
 1109      00
 1110              	.LASF17:
 1111 005c 72656738 		.ascii	"reg8\000"
 1111      00
 1112              	.LASF6:
 1113 0061 6C6F6E67 		.ascii	"long unsigned int\000"
 1113      20756E73 
 1113      69676E65 
 1113      6420696E 
 1113      7400
 1114              	.LASF12:
 1115 0073 75696E74 		.ascii	"uint8\000"
 1115      3800
 1116              	.LASF19:
 1117 0079 43594D45 		.ascii	"CYMEMZERO\000"
 1117      4D5A4552 
 1117      4F00
 1118              	.LASF2:
 1119 0083 756E7369 		.ascii	"unsigned char\000"
 1119      676E6564 
 1119      20636861 
 1119      7200
 1120              	.LASF16:
 1121 0091 646F7562 		.ascii	"double\000"
 1121      6C6500
 1122              	.LASF32:
 1123 0098 63796669 		.ascii	"cyfitter_cfg\000"
 1123      74746572 
 1123      5F636667 
 1123      00
 1124              	.LASF29:
 1125 00a5 474E5520 		.ascii	"GNU C 4.9.3 20150303 (release) [ARM/embedded-4_9-br"
 1125      4320342E 
 1125      392E3320 
 1125      32303135 
 1125      30333033 
 1126 00d8 616E6368 		.ascii	"anch revision 221220] -mcpu=cortex-m0 -mthumb -g -O"
 1126      20726576 
 1126      6973696F 
 1126      6E203232 
 1126      31323230 
 1127 010b 30202D66 		.ascii	"0 -ffunction-sections -ffat-lto-objects\000"
 1127      66756E63 
 1127      74696F6E 
 1127      2D736563 
 1127      74696F6E 
 1128              	.LASF13:
ARM GAS  C:\Users\Joseph\AppData\Local\Temp\cc73aynR.s 			page 27


 1129 0133 75696E74 		.ascii	"uint16\000"
 1129      313600
 1130              	.LASF31:
 1131 013a 433A5C55 		.ascii	"C:\\Users\\Joseph\\Documents\\CY8CKIT-049-42xx\\1.0"
 1131      73657273 
 1131      5C4A6F73 
 1131      6570685C 
 1131      446F6375 
 1132 0168 5C466972 		.ascii	"\\Firmware\\SCB_Bootloader\\Sunrise Clock.cydsn\000"
 1132      6D776172 
 1132      655C5343 
 1132      425F426F 
 1132      6F746C6F 
 1133              	.LASF14:
 1134 0195 75696E74 		.ascii	"uint32\000"
 1134      333200
 1135              	.LASF0:
 1136 019c 756E7369 		.ascii	"unsigned int\000"
 1136      676E6564 
 1136      20696E74 
 1136      00
 1137              	.LASF25:
 1138 01a9 61646472 		.ascii	"address\000"
 1138      65737300 
 1139              	.LASF8:
 1140 01b1 6C6F6E67 		.ascii	"long long unsigned int\000"
 1140      206C6F6E 
 1140      6720756E 
 1140      7369676E 
 1140      65642069 
 1141              	.LASF27:
 1142 01c8 6366675F 		.ascii	"cfg_memset_t\000"
 1142      6D656D73 
 1142      65745F74 
 1142      00
 1143              	.LASF9:
 1144 01d5 73697A65 		.ascii	"sizetype\000"
 1144      74797065 
 1144      00
 1145              	.LASF7:
 1146 01de 6C6F6E67 		.ascii	"long long int\000"
 1146      206C6F6E 
 1146      6720696E 
 1146      7400
 1147              	.LASF10:
 1148 01ec 63686172 		.ascii	"char\000"
 1148      00
 1149              	.LASF3:
 1150 01f1 73686F72 		.ascii	"short int\000"
 1150      7420696E 
 1150      7400
 1151              	.LASF5:
 1152 01fb 6C6F6E67 		.ascii	"long int\000"
 1152      20696E74 
 1152      00
 1153              	.LASF1:
 1154 0204 7369676E 		.ascii	"signed char\000"
ARM GAS  C:\Users\Joseph\AppData\Local\Temp\cc73aynR.s 			page 28


 1154      65642063 
 1154      68617200 
 1155              	.LASF30:
 1156 0210 47656E65 		.ascii	"Generated_Source\\PSoC4\\cyfitter_cfg.c\000"
 1156      72617465 
 1156      645F536F 
 1156      75726365 
 1156      5C50536F 
 1157              	.LASF22:
 1158 0236 4359434F 		.ascii	"CYCONFIGCPYCODE\000"
 1158      4E464947 
 1158      43505943 
 1158      4F444500 
 1159              	.LASF20:
 1160 0246 4359434F 		.ascii	"CYCONFIGCPY\000"
 1160      4E464947 
 1160      43505900 
 1161              		.ident	"GCC: (GNU Tools for ARM Embedded Processors) 4.9.3 20150303 (release) [ARM/embedded-4_9-br
