Archive member included because of file (symbol)

.\CortexM0\ARM_GCC_493\Debug\Sunrise Clock.a(cyfitter_cfg.o)
                              .\CortexM0\ARM_GCC_493\Debug\Cm0Start.o (cyfitter_cfg)
.\CortexM0\ARM_GCC_493\Debug\Sunrise Clock.a(CyLib.o)
                              .\CortexM0\ARM_GCC_493\Debug\Sunrise Clock.a(cyfitter_cfg.o) (CySysClkWriteImoFreq)
.\CortexM0\ARM_GCC_493\Debug\Sunrise Clock.a(I2C.o)
                              .\CortexM0\ARM_GCC_493\Debug\main.o (I2C_Start)
.\CortexM0\ARM_GCC_493\Debug\Sunrise Clock.a(I2C_I2C.o)
                              .\CortexM0\ARM_GCC_493\Debug\Sunrise Clock.a(I2C.o) (I2C_I2CInit)
.\CortexM0\ARM_GCC_493\Debug\Sunrise Clock.a(I2C_I2C_MASTER.o)
                              .\CortexM0\ARM_GCC_493\Debug\Sunrise Clock.a(I2C_I2C.o) (I2C_mstrStatus)
.\CortexM0\ARM_GCC_493\Debug\Sunrise Clock.a(I2C_sda.o)
                              .\CortexM0\ARM_GCC_493\Debug\Sunrise Clock.a(I2C_I2C_MASTER.o) (I2C_sda_Read)
.\CortexM0\ARM_GCC_493\Debug\Sunrise Clock.a(I2C_scl.o)
                              .\CortexM0\ARM_GCC_493\Debug\Sunrise Clock.a(I2C_I2C_MASTER.o) (I2C_scl_Write)
.\CortexM0\ARM_GCC_493\Debug\Sunrise Clock.a(UART_1.o)
                              .\CortexM0\ARM_GCC_493\Debug\main.o (UART_1_Start)
.\CortexM0\ARM_GCC_493\Debug\Sunrise Clock.a(UART_1_UART.o)
                              .\CortexM0\ARM_GCC_493\Debug\Sunrise Clock.a(UART_1.o) (UART_1_UartInit)
.\CortexM0\ARM_GCC_493\Debug\Sunrise Clock.a(Pin_1.o)
                              .\CortexM0\ARM_GCC_493\Debug\main.o (Pin_1_Write)
.\CortexM0\ARM_GCC_493\Debug\Sunrise Clock.a(Pin_2.o)
                              .\CortexM0\ARM_GCC_493\Debug\main.o (Pin_2_Write)
.\CortexM0\ARM_GCC_493\Debug\Sunrise Clock.a(Pin_3.o)
                              .\CortexM0\ARM_GCC_493\Debug\main.o (Pin_3_Write)
.\CortexM0\ARM_GCC_493\Debug\Sunrise Clock.a(Pin_4.o)
                              .\CortexM0\ARM_GCC_493\Debug\main.o (Pin_4_Write)
.\CortexM0\ARM_GCC_493\Debug\Sunrise Clock.a(Pin_5.o)
                              .\CortexM0\ARM_GCC_493\Debug\main.o (Pin_5_Write)
.\CortexM0\ARM_GCC_493\Debug\Sunrise Clock.a(AlarmInterrupt.o)
                              .\CortexM0\ARM_GCC_493\Debug\main.o (AlarmInterrupt_Write)
.\CortexM0\ARM_GCC_493\Debug\Sunrise Clock.a(CalibrateInterrupt.o)
                              .\CortexM0\ARM_GCC_493\Debug\main.o (CalibrateInterrupt_Write)
.\CortexM0\ARM_GCC_493\Debug\Sunrise Clock.a(SelectPin.o)
                              .\CortexM0\ARM_GCC_493\Debug\main.o (SelectPin_Write)
.\CortexM0\ARM_GCC_493\Debug\Sunrise Clock.a(ClockPin.o)
                              .\CortexM0\ARM_GCC_493\Debug\main.o (ClockPin_Write)
.\CortexM0\ARM_GCC_493\Debug\Sunrise Clock.a(CyBootAsmGnu.o)
                              .\CortexM0\ARM_GCC_493\Debug\Sunrise Clock.a(CyLib.o) (CyDelayCycles)
.\CortexM0\ARM_GCC_493\Debug\Sunrise Clock.a(I2C_I2C_INT.o)
                              .\CortexM0\ARM_GCC_493\Debug\Sunrise Clock.a(I2C_I2C.o) (I2C_I2C_ISR)
.\CortexM0\ARM_GCC_493\Debug\Sunrise Clock.a(UART_1_SPI_UART.o)
                              .\CortexM0\ARM_GCC_493\Debug\Sunrise Clock.a(UART_1_UART.o) (UART_1_SpiUartReadRxData)
.\CortexM0\ARM_GCC_493\Debug\Sunrise Clock.a(UART_1_SPI_UART_INT.o)
                              .\CortexM0\ARM_GCC_493\Debug\Sunrise Clock.a(UART_1_UART.o) (UART_1_SPI_UART_ISR)
c:/program files (x86)/cypress/psoc creator/4.0/psoc creator/import/gnu/arm/4.9.3/bin/../lib/gcc/arm-none-eabi/4.9.3/armv6-m\libgcc.a(_udivsi3.o)
                              .\CortexM0\ARM_GCC_493\Debug\TimeFunctions.o (__aeabi_uidiv)
c:/program files (x86)/cypress/psoc creator/4.0/psoc creator/import/gnu/arm/4.9.3/bin/../lib/gcc/arm-none-eabi/4.9.3/armv6-m\libgcc.a(_divsi3.o)
                              .\CortexM0\ARM_GCC_493\Debug\main.o (__aeabi_idivmod)
c:/program files (x86)/cypress/psoc creator/4.0/psoc creator/import/gnu/arm/4.9.3/bin/../lib/gcc/arm-none-eabi/4.9.3/armv6-m\libgcc.a(_dvmd_tls.o)
                              c:/program files (x86)/cypress/psoc creator/4.0/psoc creator/import/gnu/arm/4.9.3/bin/../lib/gcc/arm-none-eabi/4.9.3/armv6-m\libgcc.a(_udivsi3.o) (__aeabi_idiv0)
c:/program files (x86)/cypress/psoc creator/4.0/psoc creator/import/gnu/arm/4.9.3/bin/../lib/gcc/arm-none-eabi/4.9.3/../../../../arm-none-eabi/lib/armv6-m\libg_nano.a(lib_a-errno.o)
                              .\CortexM0\ARM_GCC_493\Debug\Cm0Start.o (__errno)
c:/program files (x86)/cypress/psoc creator/4.0/psoc creator/import/gnu/arm/4.9.3/bin/../lib/gcc/arm-none-eabi/4.9.3/../../../../arm-none-eabi/lib/armv6-m\libg_nano.a(lib_a-exit.o)
                              c:/program files (x86)/cypress/psoc creator/4.0/psoc creator/import/gnu/arm/4.9.3/bin/../lib/gcc/arm-none-eabi/4.9.3/../../../../arm-none-eabi/lib/armv6-m/crt0.o (exit)
[...]
Memory Configuration

Name             Origin             Length             Attributes
rom              0x00000000         0x00008000         xr
ram              0x20000000         0x00001000         xrw
*default*        0x00000000         0xffffffff

Linker script and memory map

LOAD c:/program files (x86)/cypress/psoc creator/4.0/psoc creator/import/gnu/arm/4.9.3/bin/../lib/gcc/arm-none-eabi/4.9.3/armv6-m/crti.o
LOAD c:/program files (x86)/cypress/psoc creator/4.0/psoc creator/import/gnu/arm/4.9.3/bin/../lib/gcc/arm-none-eabi/4.9.3/armv6-m/crtbegin.o
LOAD c:/program files (x86)/cypress/psoc creator/4.0/psoc creator/import/gnu/arm/4.9.3/bin/../lib/gcc/arm-none-eabi/4.9.3/../../../../arm-none-eabi/lib/armv6-m/crt0.o
START GROUP
LOAD .\CortexM0\ARM_GCC_493\Debug\main.o
LOAD .\CortexM0\ARM_GCC_493\Debug\i2cClock.o
LOAD .\CortexM0\ARM_GCC_493\Debug\RTC.o
LOAD .\CortexM0\ARM_GCC_493\Debug\TimeFunctions.o
LOAD .\CortexM0\ARM_GCC_493\Debug\SerialPrint.o
LOAD .\CortexM0\ARM_GCC_493\Debug\Interrupts.o
LOAD .\CortexM0\ARM_GCC_493\Debug\cybootloader.o
LOAD .\CortexM0\ARM_GCC_493\Debug\cymetadata.o
LOAD .\CortexM0\ARM_GCC_493\Debug\Cm0Start.o
LOAD .\CortexM0\ARM_GCC_493\Debug\Sunrise Clock.a
LOAD C:\Program Files (x86)\Cypress\PSoC Creator\4.0\PSoC Creator\psoc\content\cycomponentlibrary\CyComponentLibrary.cylib\CortexM0\ARM_GCC_493\Debug\CyComponentLibrary.a
END GROUP
START GROUP
LOAD c:/program files (x86)/cypress/psoc creator/4.0/psoc creator/import/gnu/arm/4.9.3/bin/../lib/gcc/arm-none-eabi/4.9.3/armv6-m\libgcc.a
LOAD c:/program files (x86)/cypress/psoc creator/4.0/psoc creator/import/gnu/arm/4.9.3/bin/../lib/gcc/arm-none-eabi/4.9.3/../../../../arm-none-eabi/lib/armv6-m\libg_nano.a
LOAD c:/program files (x86)/cypress/psoc creator/4.0/psoc creator/import/gnu/arm/4.9.3/bin/../lib/gcc/arm-none-eabi/4.9.3/../../../../arm-none-eabi/lib/armv6-m\libc_nano.a
END GROUP
START GROUP
LOAD c:/program files (x86)/cypress/psoc creator/4.0/psoc creator/import/gnu/arm/4.9.3/bin/../lib/gcc/arm-none-eabi/4.9.3/armv6-m\libgcc.a
LOAD c:/program files (x86)/cypress/psoc creator/4.0/psoc creator/import/gnu/arm/4.9.3/bin/../lib/gcc/arm-none-eabi/4.9.3/../../../../arm-none-eabi/lib/armv6-m\libc_nano.a
END GROUP
LOAD c:/program files (x86)/cypress/psoc creator/4.0/psoc creator/import/gnu/arm/4.9.3/bin/../lib/gcc/arm-none-eabi/4.9.3/armv6-m/crtend.o
LOAD c:/program files (x86)/cypress/psoc creator/4.0/psoc creator/import/gnu/arm/4.9.3/bin/../lib/gcc/arm-none-eabi/4.9.3/armv6-m/crtn.o
START GROUP
LOAD c:/program files (x86)/cypress/psoc creator/4.0/psoc creator/import/gnu/arm/4.9.3/bin/../lib/gcc/arm-none-eabi/4.9.3/armv6-m\libgcc.a
LOAD c:/program files (x86)/cypress/psoc creator/4.0/psoc creator/import/gnu/arm/4.9.3/bin/../lib/gcc/arm-none-eabi/4.9.3/../../../../arm-none-eabi/lib/armv6-m\libc.a
LOAD c:/program files (x86)/cypress/psoc creator/4.0/psoc creator/import/gnu/arm/4.9.3/bin/../lib/gcc/arm-none-eabi/4.9.3/../../../../arm-none-eabi/lib/armv6-m\libnosys.a
END GROUP
                0x00000000                CY_APPL_ORIGIN = 0x0
                0x00000080                CY_FLASH_ROW_SIZE = 0x80
                0x00000001                CY_APPL_NUM = 0x1
                0x00000001                CY_APPL_MAX = 0x1
                0x00000040                CY_METADATA_SIZE = 0x40
                0x00000001                CY_APPL_LOADABLE = 0x1
                0x00000000                CY_CHECKSUM_EXCLUDE_SIZE = ALIGN (0x0, CY_FLASH_ROW_SIZE)
                0x00000000                CY_APP_FOR_STACK_AND_COPIER = 0x0
                0x200001d8                PROVIDE (__cy_heap_start, _end)
                0x00000001                PROVIDE (__cy_region_num, ((__cy_regions_end - __cy_regions) / 0x10))
                0x20001000                PROVIDE (__cy_stack, (ORIGIN (ram) + 0x1000))
                0x20000c00                PROVIDE (__cy_heap_end, (__cy_stack - 0x400))

.cybootloader   0x00000000     0x1400
 *(.cybootloader)
 .cybootloader  0x00000000     0x1400 .\CortexM0\ARM_GCC_493\Debug\cybootloader.o
                0x00000000                cy_bootloader
                0x00001400                appl1_start = CY_APPL_ORIGIN?CY_APPL_ORIGIN:ALIGN (CY_FLASH_ROW_SIZE)
                0x00004980                appl2_start = (appl1_start + ALIGN ((((0x8000 - appl1_start) - (0x2 * CY_FLASH_ROW_SIZE)) / 0x2), CY_FLASH_ROW_SIZE))
                0x00001400                appl_start = (CY_APPL_NUM == 0x1)?appl1_start:appl2_start
                0x00000000                cy_project_type_bootloader = (appl_start == 0x0)?0x1:0x0
                0x00000000                cy_project_type_app_for_stack_and_copier = (CY_APP_FOR_STACK_AND_COPIER == 0x1)?0x1:0x0

.text           0x00001400     0x3066
 CREATE_OBJECT_SYMBOLS
                0x00001400                PROVIDE (__cy_interrupt_vector, RomVectors)
 *(.romvectors)
 .romvectors    0x00001400       0x10 .\CortexM0\ARM_GCC_493\Debug\Cm0Start.o
                0x00001400                RomVectors
                0x00000001                ASSERT ((. != __cy_interrupt_vector), No interrupt vector)
                0x00000001                ASSERT (CY_APPL_ORIGIN?(SIZEOF (.cybootloader) <= CY_APPL_ORIGIN):0x1, Wrong image location)
                0x00001410                PROVIDE (__cy_reset, Reset)
 *(.text.Reset)
 .text.Reset    0x00001410       0x14 .\CortexM0\ARM_GCC_493\Debug\Cm0Start.o
                0x00001410                Reset
                0x00000001                ASSERT ((. != __cy_reset), No reset code)
 *(.psocinit)
 .psocinit      0x00001424      0x1d4 .\CortexM0\ARM_GCC_493\Debug\Sunrise Clock.a(cyfitter_cfg.o)
                0x000014a0                cyfitter_cfg
                0x000015f8                . = MAX (., 0x100)
 *(.text .text.* .gnu.linkonce.t.*)
 .text          0x000015f8       0x60 c:/program files (x86)/cypress/psoc creator/4.0/psoc creator/import/gnu/arm/4.9.3/bin/../lib/gcc/arm-none-eabi/4.9.3/armv6-m/crtbegin.o
 .text.updateDisplay
                0x00001658       0x9c .\CortexM0\ARM_GCC_493\Debug\main.o
                0x00001658                updateDisplay
 .text.main     0x000016f4      0x49c .\CortexM0\ARM_GCC_493\Debug\main.o
                0x000016f4                main
 .text.readReg  0x00001b90       0x70 .\CortexM0\ARM_GCC_493\Debug\i2cClock.o
                0x00001b90                readReg
 .text.writeReg
                0x00001c00       0x4c .\CortexM0\ARM_GCC_493\Debug\i2cClock.o
                0x00001c00                writeReg
 .text.setSec   0x00001c4c       0x34 .\CortexM0\ARM_GCC_493\Debug\RTC.o
                0x00001c4c                setSec
 .text.getSec   0x00001c80       0x1c .\CortexM0\ARM_GCC_493\Debug\RTC.o
                0x00001c80                getSec
 .text.setMin   0x00001c9c       0x34 .\CortexM0\ARM_GCC_493\Debug\RTC.o
                0x00001c9c                setMin
 .text.getMin   0x00001cd0       0x1c .\CortexM0\ARM_GCC_493\Debug\RTC.o
                0x00001cd0                getMin
 .text.getHours
                0x00001cec       0x28 .\CortexM0\ARM_GCC_493\Debug\RTC.o
                0x00001cec                getHours
 .text.getDay   0x00001d14       0x28 .\CortexM0\ARM_GCC_493\Debug\RTC.o
                0x00001d14                getDay
 .text.getWkDay
                0x00001d3c       0x28 .\CortexM0\ARM_GCC_493\Debug\RTC.o
                0x00001d3c                getWkDay
 .text.getMonth
                0x00001d64       0x28 .\CortexM0\ARM_GCC_493\Debug\RTC.o
                0x00001d64                getMonth
 .text.getYear  0x00001d8c       0x28 .\CortexM0\ARM_GCC_493\Debug\RTC.o
                0x00001d8c                getYear
 .text.getTime  0x00001db4       0x64 .\CortexM0\ARM_GCC_493\Debug\RTC.o
                0x00001db4                getTime
 .text.createAlarm
                0x00001e18       0x58 .\CortexM0\ARM_GCC_493\Debug\RTC.o
                0x00001e18                createAlarm
 .text.createAlarmTEST
                0x00001e70       0x4c .\CortexM0\ARM_GCC_493\Debug\RTC.o
                0x00001e70                createAlarmTEST
 .text.checkAlarm
                0x00001ebc      0x118 .\CortexM0\ARM_GCC_493\Debug\RTC.o
                0x00001ebc                checkAlarm
 .text.printTime
                0x00001fd4       0x70 .\CortexM0\ARM_GCC_493\Debug\RTC.o
                0x00001fd4                printTime
 .text.decodeSec
                0x00002044       0x70 .\CortexM0\ARM_GCC_493\Debug\TimeFunctions.o
                0x00002044                decodeSec
 .text.encodeSec
                0x000020b4       0x58 .\CortexM0\ARM_GCC_493\Debug\TimeFunctions.o
                0x000020b4                encodeSec
 .text.decodeMin
                0x0000210c       0x70 .\CortexM0\ARM_GCC_493\Debug\TimeFunctions.o
                0x0000210c                decodeMin
 .text.encodeMin
                0x0000217c       0x58 .\CortexM0\ARM_GCC_493\Debug\TimeFunctions.o
                0x0000217c                encodeMin
 .text.decodeHours24
                0x000021d4       0x70 .\CortexM0\ARM_GCC_493\Debug\TimeFunctions.o
                0x000021d4                decodeHours24
 .text.decodeWeekDay
                0x00002244       0x34 .\CortexM0\ARM_GCC_493\Debug\TimeFunctions.o
                0x00002244                decodeWeekDay
 .text.decodeMonth
                0x00002278       0x70 .\CortexM0\ARM_GCC_493\Debug\TimeFunctions.o
                0x00002278                decodeMonth
 .text.decodeYear
                0x000022e8       0x70 .\CortexM0\ARM_GCC_493\Debug\TimeFunctions.o
                0x000022e8                decodeYear
 .text.printlnNum
                0x00002358       0x50 .\CortexM0\ARM_GCC_493\Debug\SerialPrint.o
                0x00002358                printlnNum
 .text.ReceiveISR
                0x000023a8       0xb8 .\CortexM0\ARM_GCC_493\Debug\Interrupts.o
                0x000023a8                ReceiveISR
 .text.IntDefaultHandler
                0x00002460       0x14 .\CortexM0\ARM_GCC_493\Debug\Cm0Start.o
                0x00002460                IntDefaultHandler
 .text._sbrk    0x00002474       0x50 .\CortexM0\ARM_GCC_493\Debug\Cm0Start.o
                0x00002474                _sbrk
 .text.Start_c  0x000024c4       0x98 .\CortexM0\ARM_GCC_493\Debug\Cm0Start.o
                0x000024c4                Start_c
 .text.initialize_psoc
                0x0000255c       0x74 .\CortexM0\ARM_GCC_493\Debug\Cm0Start.o
                0x0000255c                initialize_psoc
 .text.CYMEMZERO
                0x000025d0       0x20 .\CortexM0\ARM_GCC_493\Debug\Sunrise Clock.a(cyfitter_cfg.o)
 .text.AnalogSetDefault
                0x000025f0        0x8 .\CortexM0\ARM_GCC_493\Debug\Sunrise Clock.a(cyfitter_cfg.o)
 .text.CySysClkWriteImoFreq
                0x000025f8      0x1ec .\CortexM0\ARM_GCC_493\Debug\Sunrise Clock.a(CyLib.o)
                0x000025f8                CySysClkWriteImoFreq
 .text.CyIntSetVector
                0x000027e4       0x4c .\CortexM0\ARM_GCC_493\Debug\Sunrise Clock.a(CyLib.o)
                0x000027e4                CyIntSetVector
 .text.CyIntSetPriority
                0x00002830       0xa8 .\CortexM0\ARM_GCC_493\Debug\Sunrise Clock.a(CyLib.o)
                0x00002830                CyIntSetPriority
 .text.CyIntEnable
                0x000028d8       0x28 .\CortexM0\ARM_GCC_493\Debug\Sunrise Clock.a(CyLib.o)
                0x000028d8                CyIntEnable
 .text.CyIntDisable
                0x00002900       0x28 .\CortexM0\ARM_GCC_493\Debug\Sunrise Clock.a(CyLib.o)
                0x00002900                CyIntDisable
 .text.CyHalt   0x00002928       0x14 .\CortexM0\ARM_GCC_493\Debug\Sunrise Clock.a(CyLib.o)
                0x00002928                CyHalt
 .text.CyDelay  0x0000293c       0x48 .\CortexM0\ARM_GCC_493\Debug\Sunrise Clock.a(CyLib.o)
                0x0000293c                CyDelay
 .text.CyDelayUs
                0x00002984       0x28 .\CortexM0\ARM_GCC_493\Debug\Sunrise Clock.a(CyLib.o)
                0x00002984                CyDelayUs
 .text.I2C_Init
                0x000029ac        0xc .\CortexM0\ARM_GCC_493\Debug\Sunrise Clock.a(I2C.o)
                0x000029ac                I2C_Init
 .text.I2C_Enable
                0x000029b8       0x24 .\CortexM0\ARM_GCC_493\Debug\Sunrise Clock.a(I2C.o)
                0x000029b8                I2C_Enable
 .text.I2C_Start
                0x000029dc       0x24 .\CortexM0\ARM_GCC_493\Debug\Sunrise Clock.a(I2C.o)
                0x000029dc                I2C_Start
 .text.I2C_ScbEnableIntr
                0x00002a00       0x10 .\CortexM0\ARM_GCC_493\Debug\Sunrise Clock.a(I2C.o)
 .text.I2C_ScbModePostEnable
                0x00002a10        0x8 .\CortexM0\ARM_GCC_493\Debug\Sunrise Clock.a(I2C.o)
 .text.I2C_I2CInit
                0x00002a18       0xe8 .\CortexM0\ARM_GCC_493\Debug\Sunrise Clock.a(I2C_I2C.o)
                0x00002a18                I2C_I2CInit
 .text.I2C_I2CMasterWriteBuf
                0x00002b00      0x11c .\CortexM0\ARM_GCC_493\Debug\Sunrise Clock.a(I2C_I2C_MASTER.o)
                0x00002b00                I2C_I2CMasterWriteBuf
 .text.I2C_I2CMasterReadBuf
                0x00002c1c      0x12c .\CortexM0\ARM_GCC_493\Debug\Sunrise Clock.a(I2C_I2C_MASTER.o)
                0x00002c1c                I2C_I2CMasterReadBuf
 .text.I2C_I2CMasterStatus
                0x00002d48       0x44 .\CortexM0\ARM_GCC_493\Debug\Sunrise Clock.a(I2C_I2C_MASTER.o)
                0x00002d48                I2C_I2CMasterStatus
 .text.I2C_I2CReStartGeneration
                0x00002d8c       0xb0 .\CortexM0\ARM_GCC_493\Debug\Sunrise Clock.a(I2C_I2C_MASTER.o)
                0x00002d8c                I2C_I2CReStartGeneration
 .text.I2C_sda_Read
                0x00002e3c       0x1c .\CortexM0\ARM_GCC_493\Debug\Sunrise Clock.a(I2C_sda.o)
                0x00002e3c                I2C_sda_Read
 .text.I2C_scl_Write
                0x00002e58       0x4c .\CortexM0\ARM_GCC_493\Debug\Sunrise Clock.a(I2C_scl.o)
                0x00002e58                I2C_scl_Write
 .text.I2C_scl_Read
                0x00002ea4       0x1c .\CortexM0\ARM_GCC_493\Debug\Sunrise Clock.a(I2C_scl.o)
                0x00002ea4                I2C_scl_Read
 .text.UART_1_Init
                0x00002ec0        0xc .\CortexM0\ARM_GCC_493\Debug\Sunrise Clock.a(UART_1.o)
                0x00002ec0                UART_1_Init
 .text.UART_1_Enable
                0x00002ecc       0x24 .\CortexM0\ARM_GCC_493\Debug\Sunrise Clock.a(UART_1.o)
                0x00002ecc                UART_1_Enable
 .text.UART_1_Start
                0x00002ef0       0x24 .\CortexM0\ARM_GCC_493\Debug\Sunrise Clock.a(UART_1.o)
                0x00002ef0                UART_1_Start
 .text.UART_1_SetCustomInterruptHandler
                0x00002f14       0x18 .\CortexM0\ARM_GCC_493\Debug\Sunrise Clock.a(UART_1.o)
                0x00002f14                UART_1_SetCustomInterruptHandler
 .text.UART_1_ScbEnableIntr
                0x00002f2c       0x10 .\CortexM0\ARM_GCC_493\Debug\Sunrise Clock.a(UART_1.o)
 .text.UART_1_ScbModePostEnable
                0x00002f3c        0xc .\CortexM0\ARM_GCC_493\Debug\Sunrise Clock.a(UART_1.o)
 .text.UART_1_UartInit
                0x00002f48       0xd0 .\CortexM0\ARM_GCC_493\Debug\Sunrise Clock.a(UART_1_UART.o)
                0x00002f48                UART_1_UartInit
 .text.UART_1_UartPostEnable
                0x00003018       0x2c .\CortexM0\ARM_GCC_493\Debug\Sunrise Clock.a(UART_1_UART.o)
                0x00003018                UART_1_UartPostEnable
 .text.UART_1_UartGetByte
                0x00003044       0x50 .\CortexM0\ARM_GCC_493\Debug\Sunrise Clock.a(UART_1_UART.o)
                0x00003044                UART_1_UartGetByte
 .text.UART_1_UartPutString
                0x00003094       0x34 .\CortexM0\ARM_GCC_493\Debug\Sunrise Clock.a(UART_1_UART.o)
                0x00003094                UART_1_UartPutString
 .text.Pin_1_Write
                0x000030c8       0x48 .\CortexM0\ARM_GCC_493\Debug\Sunrise Clock.a(Pin_1.o)
                0x000030c8                Pin_1_Write
 .text.Pin_2_Write
                0x00003110       0x4c .\CortexM0\ARM_GCC_493\Debug\Sunrise Clock.a(Pin_2.o)
                0x00003110                Pin_2_Write
 .text.Pin_3_Write
                0x0000315c       0x4c .\CortexM0\ARM_GCC_493\Debug\Sunrise Clock.a(Pin_3.o)
                0x0000315c                Pin_3_Write
 .text.Pin_4_Write
                0x000031a8       0x4c .\CortexM0\ARM_GCC_493\Debug\Sunrise Clock.a(Pin_4.o)
                0x000031a8                Pin_4_Write
 .text.Pin_5_Write
                0x000031f4       0x4c .\CortexM0\ARM_GCC_493\Debug\Sunrise Clock.a(Pin_5.o)
                0x000031f4                Pin_5_Write
 .text.AlarmInterrupt_Write
                0x00003240       0x4c .\CortexM0\ARM_GCC_493\Debug\Sunrise Clock.a(AlarmInterrupt.o)
                0x00003240                AlarmInterrupt_Write
 .text.CalibrateInterrupt_Write
                0x0000328c       0x48 .\CortexM0\ARM_GCC_493\Debug\Sunrise Clock.a(CalibrateInterrupt.o)
                0x0000328c                CalibrateInterrupt_Write
 .text.SelectPin_Write
                0x000032d4       0x4c .\CortexM0\ARM_GCC_493\Debug\Sunrise Clock.a(SelectPin.o)
                0x000032d4                SelectPin_Write
 .text.ClockPin_Write
                0x00003320       0x48 .\CortexM0\ARM_GCC_493\Debug\Sunrise Clock.a(ClockPin.o)
                0x00003320                ClockPin_Write
 .text          0x00003368       0x28 .\CortexM0\ARM_GCC_493\Debug\Sunrise Clock.a(CyBootAsmGnu.o)
                0x00003368                CyDelayCycles
                0x0000337c                CyEnterCriticalSection
                0x00003384                CyExitCriticalSection
 .text.I2C_I2C_ISR
                0x00003390      0x4d0 .\CortexM0\ARM_GCC_493\Debug\Sunrise Clock.a(I2C_I2C_INT.o)
                0x00003390                I2C_I2C_ISR
 .text.UART_1_SpiUartReadRxData
                0x00003860       0x20 .\CortexM0\ARM_GCC_493\Debug\Sunrise Clock.a(UART_1_SPI_UART.o)
                0x00003860                UART_1_SpiUartReadRxData
 .text.UART_1_SpiUartGetRxBufferSize
                0x00003880       0x20 .\CortexM0\ARM_GCC_493\Debug\Sunrise Clock.a(UART_1_SPI_UART.o)
                0x00003880                UART_1_SpiUartGetRxBufferSize
 .text.UART_1_SpiUartWriteTxData
                0x000038a0       0x2c .\CortexM0\ARM_GCC_493\Debug\Sunrise Clock.a(UART_1_SPI_UART.o)
                0x000038a0                UART_1_SpiUartWriteTxData
 .text.UART_1_SPI_UART_ISR
                0x000038cc       0x1c .\CortexM0\ARM_GCC_493\Debug\Sunrise Clock.a(UART_1_SPI_UART_INT.o)
                0x000038cc                UART_1_SPI_UART_ISR
 .text          0x000038e8      0x120 c:/program files (x86)/cypress/psoc creator/4.0/psoc creator/import/gnu/arm/4.9.3/bin/../lib/gcc/arm-none-eabi/4.9.3/armv6-m\libgcc.a(_udivsi3.o)
                0x000038e8                __aeabi_uidiv
                0x000038e8                __udivsi3
                0x000039f4                __aeabi_uidivmod
 .text          0x00003a08      0x1e0 c:/program files (x86)/cypress/psoc creator/4.0/psoc creator/import/gnu/arm/4.9.3/bin/../lib/gcc/arm-none-eabi/4.9.3/armv6-m\libgcc.a(_divsi3.o)
                0x00003a08                __divsi3
                0x00003a08                __aeabi_idiv
                0x00003bd4                __aeabi_idivmod
 .text          0x00003be8        0x4 c:/program files (x86)/cypress/psoc creator/4.0/psoc creator/import/gnu/arm/4.9.3/bin/../lib/gcc/arm-none-eabi/4.9.3/armv6-m\libgcc.a(_dvmd_tls.o)
                0x00003be8                __aeabi_idiv0
                0x00003be8                __aeabi_ldiv0
 .text.__errno  0x00003bec        0xc c:/program files (x86)/cypress/psoc creator/4.0/psoc creator/import/gnu/arm/4.9.3/bin/../lib/gcc/arm-none-eabi/4.9.3/../../../../arm-none-eabi/lib/armv6-m\libg_nano.a(lib_a-errno.o)
                0x00003bec                __errno
 .text.__libc_init_array
                0x00003bf8       0x4c c:/program files (x86)/cypress/psoc creator/4.0/psoc creator/import/gnu/arm/4.9.3/bin/../lib/gcc/arm-none-eabi/4.9.3/../../../../arm-none-eabi/lib/armv6-m\libg_nano.a(lib_a-init.o)
                0x00003bf8                __libc_init_array
 .text.memcpy   0x00003c44       0x12 c:/program files (x86)/cypress/psoc creator/4.0/psoc creator/import/gnu/arm/4.9.3/bin/../lib/gcc/arm-none-eabi/4.9.3/../../../../arm-none-eabi/lib/armv6-m\libg_nano.a(lib_a-memcpy.o)
                0x00003c44                memcpy
 .text.memset   0x00003c56       0x10 c:/program files (x86)/cypress/psoc creator/4.0/psoc creator/import/gnu/arm/4.9.3/bin/../lib/gcc/arm-none-eabi/4.9.3/../../../../arm-none-eabi/lib/armv6-m\libg_nano.a(lib_a-memset.o)
                0x00003c56                memset
 *fill*         0x00003c66        0x2 
 .text.sprintf  0x00003c68       0x44 c:/program files (x86)/cypress/psoc creator/4.0/psoc creator/import/gnu/arm/4.9.3/bin/../lib/gcc/arm-none-eabi/4.9.3/../../../../arm-none-eabi/lib/armv6-m\libg_nano.a(lib_a-sprintf.o)
                0x00003c68                siprintf
                0x00003c68                sprintf
 .text.__ssputs_r
                0x00003cac       0xc0 c:/program files (x86)/cypress/psoc creator/4.0/psoc creator/import/gnu/arm/4.9.3/bin/../lib/gcc/arm-none-eabi/4.9.3/../../../../arm-none-eabi/lib/armv6-m\libg_nano.a(lib_a-nano-svfprintf.o)
                0x00003cac                __ssputs_r
 .text._svfprintf_r
                0x00003d6c      0x1ec c:/program files (x86)/cypress/psoc creator/4.0/psoc creator/import/gnu/arm/4.9.3/bin/../lib/gcc/arm-none-eabi/4.9.3/../../../../arm-none-eabi/lib/armv6-m\libg_nano.a(lib_a-nano-svfprintf.o)
                0x00003d6c                _svfiprintf_r
                0x00003d6c                _svfprintf_r
 .text._printf_common
                0x00003f58       0xdc c:/program files (x86)/cypress/psoc creator/4.0/psoc creator/import/gnu/arm/4.9.3/bin/../lib/gcc/arm-none-eabi/4.9.3/../../../../arm-none-eabi/lib/armv6-m\libg_nano.a(lib_a-nano-vfprintf_i.o)
                0x00003f58                _printf_common
 .text._printf_i
                0x00004034      0x230 c:/program files (x86)/cypress/psoc creator/4.0/psoc creator/import/gnu/arm/4.9.3/bin/../lib/gcc/arm-none-eabi/4.9.3/../../../../arm-none-eabi/lib/armv6-m\libg_nano.a(lib_a-nano-vfprintf_i.o)
                0x00004034                _printf_i
 .text.memchr   0x00004264       0x16 c:/program files (x86)/cypress/psoc creator/4.0/psoc creator/import/gnu/arm/4.9.3/bin/../lib/gcc/arm-none-eabi/4.9.3/../../../../arm-none-eabi/lib/armv6-m\libg_nano.a(lib_a-memchr.o)
                0x00004264                memchr
 .text.memmove  0x0000427a       0x28 c:/program files (x86)/cypress/psoc creator/4.0/psoc creator/import/gnu/arm/4.9.3/bin/../lib/gcc/arm-none-eabi/4.9.3/../../../../arm-none-eabi/lib/armv6-m\libg_nano.a(lib_a-memmove.o)
                0x0000427a                memmove
 *fill*         0x000042a2        0x2 
 .text._free_r  0x000042a4       0x8c c:/program files (x86)/cypress/psoc creator/4.0/psoc creator/import/gnu/arm/4.9.3/bin/../lib/gcc/arm-none-eabi/4.9.3/../../../../arm-none-eabi/lib/armv6-m\libg_nano.a(lib_a-nano-freer.o)
                0x000042a4                _free_r
 .text._malloc_r
                0x00004330       0xb0 c:/program files (x86)/cypress/psoc creator/4.0/psoc creator/import/gnu/arm/4.9.3/bin/../lib/gcc/arm-none-eabi/4.9.3/../../../../arm-none-eabi/lib/armv6-m\libg_nano.a(lib_a-nano-mallocr.o)
                0x00004330                _malloc_r
 .text._realloc_r
                0x000043e0       0x4c c:/program files (x86)/cypress/psoc creator/4.0/psoc creator/import/gnu/arm/4.9.3/bin/../lib/gcc/arm-none-eabi/4.9.3/../../../../arm-none-eabi/lib/armv6-m\libg_nano.a(lib_a-nano-reallocr.o)
                0x000043e0                _realloc_r
 .text._sbrk_r  0x0000442c       0x24 c:/program files (x86)/cypress/psoc creator/4.0/psoc creator/import/gnu/arm/4.9.3/bin/../lib/gcc/arm-none-eabi/4.9.3/../../../../arm-none-eabi/lib/armv6-m\libg_nano.a(lib_a-sbrkr.o)
                0x0000442c                _sbrk_r
 .text._malloc_usable_size_r
                0x00004450       0x16 c:/program files (x86)/cypress/psoc creator/4.0/psoc creator/import/gnu/arm/4.9.3/bin/../lib/gcc/arm-none-eabi/4.9.3/../../../../arm-none-eabi/lib/armv6-m\libg_nano.a(lib_a-nano-msizer.o)
                0x00004450                _malloc_usable_size_r
 *(.plt)
 *(.gnu.warning)
 *(.glue_7t)
 .glue_7t       0x00000000        0x0 linker stubs
 *(.glue_7)
 .glue_7        0x00000000        0x0 linker stubs
 *(.vfp11_veneer)
 .vfp11_veneer  0x00000000        0x0 linker stubs
 *(.bootloader)
 *(.ARM.extab* .gnu.linkonce.armextab.*)
 *(.gcc_except_table)

.v4_bx          0x00004468        0x0
 .v4_bx         0x00000000        0x0 linker stubs

.iplt           0x00004468        0x0
 .iplt          0x00000000        0x0 c:/program files (x86)/cypress/psoc creator/4.0/psoc creator/import/gnu/arm/4.9.3/bin/../lib/gcc/arm-none-eabi/4.9.3/armv6-m/crtbegin.o

.eh_frame_hdr
 *(.eh_frame_hdr)

.eh_frame       0x00004468        0x4
 *(.eh_frame)
 .eh_frame      0x00004468        0x0 c:/program files (x86)/cypress/psoc creator/4.0/psoc creator/import/gnu/arm/4.9.3/bin/../lib/gcc/arm-none-eabi/4.9.3/armv6-m/crtbegin.o
 .eh_frame      0x00004468        0x4 c:/program files (x86)/cypress/psoc creator/4.0/psoc creator/import/gnu/arm/4.9.3/bin/../lib/gcc/arm-none-eabi/4.9.3/armv6-m/crtend.o
                0x0000446c                PROVIDE (__exidx_start, .)

.ARM.exidx
 *(.ARM.exidx* .gnu.linkonce.armexidx.*)
                0x0000446c                __exidx_end = .

.rodata         0x0000446c      0x104
 *(.rodata .rodata.* .gnu.linkonce.r.*)
 .rodata        0x0000446c       0x1c .\CortexM0\ARM_GCC_493\Debug\main.o
 .rodata        0x00004488       0x30 .\CortexM0\ARM_GCC_493\Debug\RTC.o
 .rodata        0x000044b8       0x10 .\CortexM0\ARM_GCC_493\Debug\SerialPrint.o
 .rodata        0x000044c8        0xc .\CortexM0\ARM_GCC_493\Debug\Sunrise Clock.a(cyfitter_cfg.o)
 .rodata        0x000044d4       0x30 .\CortexM0\ARM_GCC_493\Debug\Sunrise Clock.a(CyLib.o)
                0x000044d4                cyImoFreqMhz2Reg
 .rodata.str1.1
                0x00004504        0x2 c:/program files (x86)/cypress/psoc creator/4.0/psoc creator/import/gnu/arm/4.9.3/bin/../lib/gcc/arm-none-eabi/4.9.3/../../../../arm-none-eabi/lib/armv6-m\libg_nano.a(lib_a-impure.o)
 .rodata.str1.1
                0x00004506       0x11 c:/program files (x86)/cypress/psoc creator/4.0/psoc creator/import/gnu/arm/4.9.3/bin/../lib/gcc/arm-none-eabi/4.9.3/../../../../arm-none-eabi/lib/armv6-m\libg_nano.a(lib_a-nano-svfprintf.o)
 .rodata.str1.1
                0x00004517       0x22 c:/program files (x86)/cypress/psoc creator/4.0/psoc creator/import/gnu/arm/4.9.3/bin/../lib/gcc/arm-none-eabi/4.9.3/../../../../arm-none-eabi/lib/armv6-m\libg_nano.a(lib_a-nano-vfprintf_i.o)
                0x0000453c                . = ALIGN (0x4)
 *fill*         0x00004539        0x3 
 *(.init)
 .init          0x0000453c        0x4 c:/program files (x86)/cypress/psoc creator/4.0/psoc creator/import/gnu/arm/4.9.3/bin/../lib/gcc/arm-none-eabi/4.9.3/armv6-m/crti.o
                0x0000453c                _init
 .init          0x00004540        0x8 c:/program files (x86)/cypress/psoc creator/4.0/psoc creator/import/gnu/arm/4.9.3/bin/../lib/gcc/arm-none-eabi/4.9.3/armv6-m/crtn.o
                0x00004548                . = ALIGN (0x4)
                0x00004548                __preinit_array_start = .
 *(.preinit_array)
                0x00004548                __preinit_array_end = .
                0x00004548                . = ALIGN (0x4)
                0x00004548                __init_array_start = .
 *(SORT(.init_array.*))
 *(.init_array)
 .init_array    0x00004548        0x4 c:/program files (x86)/cypress/psoc creator/4.0/psoc creator/import/gnu/arm/4.9.3/bin/../lib/gcc/arm-none-eabi/4.9.3/armv6-m/crtbegin.o
 .init_array    0x0000454c        0x4 .\CortexM0\ARM_GCC_493\Debug\Cm0Start.o
                0x00004550                __init_array_end = .
                0x00004550                . = ALIGN (0x4)
 *(.fini)
 .fini          0x00004550        0x4 c:/program files (x86)/cypress/psoc creator/4.0/psoc creator/import/gnu/arm/4.9.3/bin/../lib/gcc/arm-none-eabi/4.9.3/armv6-m/crti.o
                0x00004550                _fini
 .fini          0x00004554        0x8 c:/program files (x86)/cypress/psoc creator/4.0/psoc creator/import/gnu/arm/4.9.3/bin/../lib/gcc/arm-none-eabi/4.9.3/armv6-m/crtn.o
                0x0000455c                . = ALIGN (0x4)
                0x0000455c                __fini_array_start = .
 *(.fini_array)
 .fini_array    0x0000455c        0x4 c:/program files (x86)/cypress/psoc creator/4.0/psoc creator/import/gnu/arm/4.9.3/bin/../lib/gcc/arm-none-eabi/4.9.3/armv6-m/crtbegin.o
 *(SORT(.fini_array.*))
                0x00004560                __fini_array_end = .
                0x00004560                . = ALIGN (0x4)
 *crtbegin.o(.ctors)
 *(EXCLUDE_FILE(*crtend.o) .ctors)
 *(SORT(.ctors.*))
 *crtend.o(.ctors)
                0x00004560                . = ALIGN (0x4)
 *crtbegin.o(.dtors)
 *(EXCLUDE_FILE(*crtend.o) .dtors)
 *(SORT(.dtors.*))
 *crtend.o(.dtors)
                0x00004560                . = ALIGN (0x4)
                0x00004560                __cy_regions = .
                0x00004560        0x4 LONG 0x4570 __cy_region_init_ram
                0x00004564        0x4 LONG 0x200000d0 __cy_region_start_data
                0x00004568        0x4 LONG 0x88 __cy_region_init_size_ram
                0x0000456c        0x4 LONG 0x80 __cy_region_zero_size_ram
                0x00004570                __cy_regions_end = .
                0x00004570                . = ALIGN (0x8)
                0x00004570                _etext = .

.ramvectors     0x20000000       0xc0
                0x20000000                __cy_region_start_ram = .
 *(.ramvectors)
 .ramvectors    0x20000000       0xc0 .\CortexM0\ARM_GCC_493\Debug\Cm0Start.o
                0x20000000                CyRamVectors

.btldr_run      0x200000c0        0x4
 *(.bootloaderruntype)
 .bootloaderruntype
                0x200000c0        0x4 .\CortexM0\ARM_GCC_493\Debug\Cm0Start.o
                0x200000c0                cyBtldrRunType

.noinit         0x200000c8        0x4
 *(.noinit)
 .noinit        0x200000c8        0x4 .\CortexM0\ARM_GCC_493\Debug\Cm0Start.o

.data           0x200000d0       0x88 load address 0x00004570
                0x200000d0                __cy_region_start_data = .
 *(.jcr)
 .jcr           0x200000d0        0x0 c:/program files (x86)/cypress/psoc creator/4.0/psoc creator/import/gnu/arm/4.9.3/bin/../lib/gcc/arm-none-eabi/4.9.3/armv6-m/crtbegin.o
 .jcr           0x200000d0        0x4 c:/program files (x86)/cypress/psoc creator/4.0/psoc creator/import/gnu/arm/4.9.3/bin/../lib/gcc/arm-none-eabi/4.9.3/armv6-m/crtend.o
 *(.got.plt)
 *(.got)
 *(.shdata)
 *(.data .data.* .gnu.linkonce.d.*)
 .data          0x200000d4        0x2 .\CortexM0\ARM_GCC_493\Debug\main.o
                0x200000d4                ledDelay
                0x200000d5                MAX_ALARMS
 *fill*         0x200000d6        0x2 
 .data          0x200000d8        0x4 .\CortexM0\ARM_GCC_493\Debug\Cm0Start.o
 .data          0x200000dc       0x14 .\CortexM0\ARM_GCC_493\Debug\Sunrise Clock.a(CyLib.o)
                0x200000dc                cydelayFreqHz
                0x200000e0                cydelayFreqKhz
                0x200000e4                cydelayFreqMhz
                0x200000e8                cydelay32kMs
                0x200000ec                CySysClkPumpConfig
 .data.impure_data
                0x200000f0       0x60 c:/program files (x86)/cypress/psoc creator/4.0/psoc creator/import/gnu/arm/4.9.3/bin/../lib/gcc/arm-none-eabi/4.9.3/../../../../arm-none-eabi/lib/armv6-m\libg_nano.a(lib_a-impure.o)
 .data._impure_ptr
                0x20000150        0x4 c:/program files (x86)/cypress/psoc creator/4.0/psoc creator/import/gnu/arm/4.9.3/bin/../lib/gcc/arm-none-eabi/4.9.3/../../../../arm-none-eabi/lib/armv6-m\libg_nano.a(lib_a-impure.o)
                0x20000150                _impure_ptr
                0x20000158                . = ALIGN (0x8)
 *fill*         0x20000154        0x4 
 *(.ram)
                0x20000158                _edata = .

.igot.plt       0x20000158        0x0 load address 0x000045f8
 .igot.plt      0x00000000        0x0 c:/program files (x86)/cypress/psoc creator/4.0/psoc creator/import/gnu/arm/4.9.3/bin/../lib/gcc/arm-none-eabi/4.9.3/armv6-m/crtbegin.o

.bss            0x20000158       0x80 load address 0x000045f8
                0x20000158                PROVIDE (__bss_start__, .)
 *(.shbss)
 *(.bss .bss.* .gnu.linkonce.b.*)
 .bss           0x20000158       0x1c c:/program files (x86)/cypress/psoc creator/4.0/psoc creator/import/gnu/arm/4.9.3/bin/../lib/gcc/arm-none-eabi/4.9.3/armv6-m/crtbegin.o
 .bss           0x20000174        0x3 .\CortexM0\ARM_GCC_493\Debug\main.o
                0x20000174                ReceiveFlag
                0x20000175                byteNum
                0x20000176                numAlarms
 .bss           0x20000177        0x1 .\CortexM0\ARM_GCC_493\Debug\Interrupts.o
                0x20000177                ledState
 .bss           0x20000178        0x8 .\CortexM0\ARM_GCC_493\Debug\Sunrise Clock.a(I2C.o)
                0x20000178                I2C_initVar
                0x2000017c                I2C_customIntrHandler
 .bss           0x20000180        0x8 .\CortexM0\ARM_GCC_493\Debug\Sunrise Clock.a(UART_1.o)
                0x20000180                UART_1_initVar
                0x20000182                UART_1_IntrTxMask
                0x20000184                UART_1_customIntrHandler
 .bss.__malloc_sbrk_start
                0x20000188        0x4 c:/program files (x86)/cypress/psoc creator/4.0/psoc creator/import/gnu/arm/4.9.3/bin/../lib/gcc/arm-none-eabi/4.9.3/../../../../arm-none-eabi/lib/armv6-m\libg_nano.a(lib_a-nano-mallocr.o)
                0x20000188                __malloc_sbrk_start
 .bss.__malloc_free_list
                0x2000018c        0x4 c:/program files (x86)/cypress/psoc creator/4.0/psoc creator/import/gnu/arm/4.9.3/bin/../lib/gcc/arm-none-eabi/4.9.3/../../../../arm-none-eabi/lib/armv6-m\libg_nano.a(lib_a-nano-mallocr.o)
                0x2000018c                __malloc_free_list
 *(COMMON)
 COMMON         0x20000190       0x1f .\CortexM0\ARM_GCC_493\Debug\main.o
                0x20000190                alarms
                0x200001ac                dataIn
 COMMON         0x200001af        0x1 .\CortexM0\ARM_GCC_493\Debug\Sunrise Clock.a(I2C_I2C.o)
                0x200001af                I2C_state
 COMMON         0x200001b0       0x24 .\CortexM0\ARM_GCC_493\Debug\Sunrise Clock.a(I2C_I2C_MASTER.o)
                0x200001b0                I2C_mstrWrBufIndexTmp
                0x200001b4                I2C_mstrWrBufIndex
                0x200001b8                I2C_mstrWrBufSize
                0x200001bc                I2C_mstrStatus
                0x200001c0                I2C_mstrRdBufPtr
                0x200001c4                I2C_mstrControl
                0x200001c8                I2C_mstrRdBufSize
                0x200001cc                I2C_mstrRdBufIndex
                0x200001d0                I2C_mstrWrBufPtr
 COMMON         0x200001d4        0x4 c:/program files (x86)/cypress/psoc creator/4.0/psoc creator/import/gnu/arm/4.9.3/bin/../lib/gcc/arm-none-eabi/4.9.3/../../../../arm-none-eabi/lib/armv6-m\libg_nano.a(lib_a-reent.o)
                0x200001d4                errno
                0x200001d8                . = ALIGN (0x8)
 *(.ram.b)
                0x200001d8                _end = .
                0x200001d8                __end = .
                0x200001d8                PROVIDE (end, .)
                0x200001d8                PROVIDE (__bss_end__, .)
                0x00004570                __cy_region_init_ram = LOADADDR (.data)
                0x00000088                __cy_region_init_size_ram = (_edata - ADDR (.data))
                0x00000080                __cy_region_zero_size_ram = (_end - _edata)

.heap           0x200001d8       0x80 load address 0x000045f8
                0x200001d8                . = _end
                0x20000258                . = (. + 0x80)
 *fill*         0x200001d8       0x80 
                0x20000258                __cy_heap_limit = .

.stack          0x20000c00      0x400
                0x20000c00                __cy_stack_limit = .
                0x20001000                . = (. + 0x400)
 *fill*         0x20000c00      0x400 
                0x00000001                ASSERT ((__cy_stack_limit >= __cy_heap_limit), region RAM overflowed with stack)

.cy_checksum_exclude
                0x00007f80        0x0
 *(.cy_checksum_exclude)
                0x00000000                cy_checksum_exclude_size = (CY_APPL_LOADABLE == 0x1)?SIZEOF (.cy_checksum_exclude):0x0
                0x00000001                ASSERT ((cy_checksum_exclude_size <= CY_CHECKSUM_EXCLUDE_SIZE), CY_BOOT: Section .cy_checksum_exclude size exceedes specified limit.)
                0xf0000000                cyloadermeta_start = (cy_project_type_bootloader || cy_project_type_app_for_stack_and_copier)?(0x8000 - CY_METADATA_SIZE):0xf0000000

.cyloadermeta   0xf0000000       0x40
 *(.cyloadermeta)
 .cyloadermeta  0xf0000000       0x40 .\CortexM0\ARM_GCC_493\Debug\cybootloader.o
                0xf0000000                cy_meta_loader
                0x00007fc0                cyloadablemeta_start = cy_project_type_app_for_stack_and_copier?((0x8000 - CY_FLASH_ROW_SIZE) - CY_METADATA_SIZE):((0x8000 - (CY_FLASH_ROW_SIZE * (CY_APPL_NUM - 0x1))) - CY_METADATA_SIZE)

.cyloadablemeta
                0x00007fc0       0x40
 *(.cyloadablemeta)
 .cyloadablemeta
                0x00007fc0       0x40 .\CortexM0\ARM_GCC_493\Debug\cymetadata.o
                0x00007fc0                cy_meta_loadable

.cyflashprotect
                0x90400000       0x20
 *(.cyflashprotect)
 .cyflashprotect
                0x90400000       0x20 .\CortexM0\ARM_GCC_493\Debug\cybootloader.o
                0x90400000                cy_meta_flashprotect

.cymeta         0x90500000        0xc
 *(.cymeta)
 .cymeta        0x90500000        0xc .\CortexM0\ARM_GCC_493\Debug\cybootloader.o
                0x90500000                cy_metadata

.cychipprotect  0x90600000        0x4
 *(.cychipprotect)
 .cychipprotect
                0x90600000        0x4 .\CortexM0\ARM_GCC_493\Debug\cybootloader.o
                0x90600000                cy_meta_chipprotect

.rel.dyn        0x00008000        0x0 load address 0x90600004
 .rel.iplt      0x00000000        0x0 c:/program files (x86)/cypress/psoc creator/4.0/psoc creator/import/gnu/arm/4.9.3/bin/../lib/gcc/arm-none-eabi/4.9.3/armv6-m/crtbegin.o

.stab
 *(.stab)

.stabstr
 *(.stabstr)

.debug
 *(.debug)

.line
 *(.line)

.debug_srcinfo
 *(.debug_srcinfo)

.debug_sfnames
 *(.debug_sfnames)

.debug_aranges  0x00000000      0xa08
 *(.debug_aranges)
 .debug_aranges
                0x00000000       0x28 .\CortexM0\ARM_GCC_493\Debug\main.o
 .debug_aranges
                0x00000028       0x30 .\CortexM0\ARM_GCC_493\Debug\i2cClock.o
 .debug_aranges
                0x00000058       0xd0 .\CortexM0\ARM_GCC_493\Debug\RTC.o
 .debug_aranges
                0x00000128       0x90 .\CortexM0\ARM_GCC_493\Debug\TimeFunctions.o
 .debug_aranges
                0x000001b8       0x28 .\CortexM0\ARM_GCC_493\Debug\SerialPrint.o
 .debug_aranges
                0x000001e0       0x20 .\CortexM0\ARM_GCC_493\Debug\Interrupts.o
 .debug_aranges
                0x00000200       0x18 .\CortexM0\ARM_GCC_493\Debug\cybootloader.o
 .debug_aranges
                0x00000218       0x18 .\CortexM0\ARM_GCC_493\Debug\cymetadata.o
 .debug_aranges
                0x00000230       0x48 .\CortexM0\ARM_GCC_493\Debug\Cm0Start.o
 .debug_aranges
                0x00000278       0x48 .\CortexM0\ARM_GCC_493\Debug\Sunrise Clock.a(cyfitter_cfg.o)
 .debug_aranges
                0x000002c0      0x180 .\CortexM0\ARM_GCC_493\Debug\Sunrise Clock.a(CyLib.o)
 .debug_aranges
                0x00000440       0x70 .\CortexM0\ARM_GCC_493\Debug\Sunrise Clock.a(I2C.o)
 .debug_aranges
                0x000004b0       0x28 .\CortexM0\ARM_GCC_493\Debug\Sunrise Clock.a(I2C_I2C.o)
 .debug_aranges
                0x000004d8       0x88 .\CortexM0\ARM_GCC_493\Debug\Sunrise Clock.a(I2C_I2C_MASTER.o)
 .debug_aranges
                0x00000560       0x48 .\CortexM0\ARM_GCC_493\Debug\Sunrise Clock.a(I2C_sda.o)
 .debug_aranges
                0x000005a8       0x48 .\CortexM0\ARM_GCC_493\Debug\Sunrise Clock.a(I2C_scl.o)
 .debug_aranges
                0x000005f0       0x70 .\CortexM0\ARM_GCC_493\Debug\Sunrise Clock.a(UART_1.o)
 .debug_aranges
                0x00000660       0x60 .\CortexM0\ARM_GCC_493\Debug\Sunrise Clock.a(UART_1_UART.o)
 .debug_aranges
                0x000006c0       0x48 .\CortexM0\ARM_GCC_493\Debug\Sunrise Clock.a(Pin_1.o)
 .debug_aranges
                0x00000708       0x48 .\CortexM0\ARM_GCC_493\Debug\Sunrise Clock.a(Pin_2.o)
 .debug_aranges
                0x00000750       0x48 .\CortexM0\ARM_GCC_493\Debug\Sunrise Clock.a(Pin_3.o)
 .debug_aranges
                0x00000798       0x48 .\CortexM0\ARM_GCC_493\Debug\Sunrise Clock.a(Pin_4.o)
 .debug_aranges
                0x000007e0       0x48 .\CortexM0\ARM_GCC_493\Debug\Sunrise Clock.a(Pin_5.o)
 .debug_aranges
                0x00000828       0x48 .\CortexM0\ARM_GCC_493\Debug\Sunrise Clock.a(AlarmInterrupt.o)
 .debug_aranges
                0x00000870       0x48 .\CortexM0\ARM_GCC_493\Debug\Sunrise Clock.a(CalibrateInterrupt.o)
 .debug_aranges
                0x000008b8       0x48 .\CortexM0\ARM_GCC_493\Debug\Sunrise Clock.a(SelectPin.o)
 .debug_aranges
                0x00000900       0x48 .\CortexM0\ARM_GCC_493\Debug\Sunrise Clock.a(ClockPin.o)
 .debug_aranges
                0x00000948       0x20 .\CortexM0\ARM_GCC_493\Debug\Sunrise Clock.a(CyBootAsmGnu.o)
 .debug_aranges
                0x00000968       0x20 .\CortexM0\ARM_GCC_493\Debug\Sunrise Clock.a(I2C_I2C_INT.o)
 .debug_aranges
                0x00000988       0x60 .\CortexM0\ARM_GCC_493\Debug\Sunrise Clock.a(UART_1_SPI_UART.o)
 .debug_aranges
                0x000009e8       0x20 .\CortexM0\ARM_GCC_493\Debug\Sunrise Clock.a(UART_1_SPI_UART_INT.o)

.debug_pubnames
 *(.debug_pubnames)

.debug_info     0x00000000     0x4524
 *(.debug_info .gnu.linkonce.wi.*)
 .debug_info    0x00000000      0x3c4 .\CortexM0\ARM_GCC_493\Debug\main.o
 .debug_info    0x000003c4      0x1b2 .\CortexM0\ARM_GCC_493\Debug\i2cClock.o
 .debug_info    0x00000576      0x51a .\CortexM0\ARM_GCC_493\Debug\RTC.o
 .debug_info    0x00000a90      0x550 .\CortexM0\ARM_GCC_493\Debug\TimeFunctions.o
 .debug_info    0x00000fe0      0x15c .\CortexM0\ARM_GCC_493\Debug\SerialPrint.o
 .debug_info    0x0000113c      0x146 .\CortexM0\ARM_GCC_493\Debug\Interrupts.o
 .debug_info    0x00001282      0x14e .\CortexM0\ARM_GCC_493\Debug\cybootloader.o
 .debug_info    0x000013d0       0xb2 .\CortexM0\ARM_GCC_493\Debug\cymetadata.o
 .debug_info    0x00001482      0x311 .\CortexM0\ARM_GCC_493\Debug\Cm0Start.o
 .debug_info    0x00001793      0x24a .\CortexM0\ARM_GCC_493\Debug\Sunrise Clock.a(cyfitter_cfg.o)
 .debug_info    0x000019dd      0x8e3 .\CortexM0\ARM_GCC_493\Debug\Sunrise Clock.a(CyLib.o)
 .debug_info    0x000022c0      0x1f6 .\CortexM0\ARM_GCC_493\Debug\Sunrise Clock.a(I2C.o)
 .debug_info    0x000024b6      0x11c .\CortexM0\ARM_GCC_493\Debug\Sunrise Clock.a(I2C_I2C.o)
 .debug_info    0x000025d2      0x469 .\CortexM0\ARM_GCC_493\Debug\Sunrise Clock.a(I2C_I2C_MASTER.o)
 .debug_info    0x00002a3b      0x19a .\CortexM0\ARM_GCC_493\Debug\Sunrise Clock.a(I2C_sda.o)
 .debug_info    0x00002bd5      0x19a .\CortexM0\ARM_GCC_493\Debug\Sunrise Clock.a(I2C_scl.o)
 .debug_info    0x00002d6f      0x213 .\CortexM0\ARM_GCC_493\Debug\Sunrise Clock.a(UART_1.o)
 .debug_info    0x00002f82      0x23c .\CortexM0\ARM_GCC_493\Debug\Sunrise Clock.a(UART_1_UART.o)
 .debug_info    0x000031be      0x19a .\CortexM0\ARM_GCC_493\Debug\Sunrise Clock.a(Pin_1.o)
 .debug_info    0x00003358      0x19a .\CortexM0\ARM_GCC_493\Debug\Sunrise Clock.a(Pin_2.o)
 .debug_info    0x000034f2      0x19a .\CortexM0\ARM_GCC_493\Debug\Sunrise Clock.a(Pin_3.o)
 .debug_info    0x0000368c      0x19a .\CortexM0\ARM_GCC_493\Debug\Sunrise Clock.a(Pin_4.o)
 .debug_info    0x00003826      0x19a .\CortexM0\ARM_GCC_493\Debug\Sunrise Clock.a(Pin_5.o)
 .debug_info    0x000039c0      0x19a .\CortexM0\ARM_GCC_493\Debug\Sunrise Clock.a(AlarmInterrupt.o)
 .debug_info    0x00003b5a      0x19a .\CortexM0\ARM_GCC_493\Debug\Sunrise Clock.a(CalibrateInterrupt.o)
 .debug_info    0x00003cf4      0x19a .\CortexM0\ARM_GCC_493\Debug\Sunrise Clock.a(SelectPin.o)
 .debug_info    0x00003e8e      0x19a .\CortexM0\ARM_GCC_493\Debug\Sunrise Clock.a(ClockPin.o)
 .debug_info    0x00004028       0xa9 .\CortexM0\ARM_GCC_493\Debug\Sunrise Clock.a(CyBootAsmGnu.o)
 .debug_info    0x000040d1      0x18b .\CortexM0\ARM_GCC_493\Debug\Sunrise Clock.a(I2C_I2C_INT.o)
 .debug_info    0x0000425c      0x211 .\CortexM0\ARM_GCC_493\Debug\Sunrise Clock.a(UART_1_SPI_UART.o)
 .debug_info    0x0000446d       0xb7 .\CortexM0\ARM_GCC_493\Debug\Sunrise Clock.a(UART_1_SPI_UART_INT.o)

.debug_abbrev   0x00000000     0x18d4
 *(.debug_abbrev)
 .debug_abbrev  0x00000000      0x135 .\CortexM0\ARM_GCC_493\Debug\main.o
 .debug_abbrev  0x00000135       0xd4 .\CortexM0\ARM_GCC_493\Debug\i2cClock.o
 .debug_abbrev  0x00000209      0x142 .\CortexM0\ARM_GCC_493\Debug\RTC.o
 .debug_abbrev  0x0000034b       0xa7 .\CortexM0\ARM_GCC_493\Debug\TimeFunctions.o
 .debug_abbrev  0x000003f2       0x88 .\CortexM0\ARM_GCC_493\Debug\SerialPrint.o
 .debug_abbrev  0x0000047a       0xa8 .\CortexM0\ARM_GCC_493\Debug\Interrupts.o
 .debug_abbrev  0x00000522       0x77 .\CortexM0\ARM_GCC_493\Debug\cybootloader.o
 .debug_abbrev  0x00000599       0x5d .\CortexM0\ARM_GCC_493\Debug\cymetadata.o
 .debug_abbrev  0x000005f6      0x1b6 .\CortexM0\ARM_GCC_493\Debug\Cm0Start.o
 .debug_abbrev  0x000007ac      0x136 .\CortexM0\ARM_GCC_493\Debug\Sunrise Clock.a(cyfitter_cfg.o)
 .debug_abbrev  0x000008e2      0x1a7 .\CortexM0\ARM_GCC_493\Debug\Sunrise Clock.a(CyLib.o)
 .debug_abbrev  0x00000a89       0xf3 .\CortexM0\ARM_GCC_493\Debug\Sunrise Clock.a(I2C.o)
 .debug_abbrev  0x00000b7c       0x90 .\CortexM0\ARM_GCC_493\Debug\Sunrise Clock.a(I2C_I2C.o)
 .debug_abbrev  0x00000c0c      0x154 .\CortexM0\ARM_GCC_493\Debug\Sunrise Clock.a(I2C_I2C_MASTER.o)
 .debug_abbrev  0x00000d60       0xaa .\CortexM0\ARM_GCC_493\Debug\Sunrise Clock.a(I2C_sda.o)
 .debug_abbrev  0x00000e0a       0xaa .\CortexM0\ARM_GCC_493\Debug\Sunrise Clock.a(I2C_scl.o)
 .debug_abbrev  0x00000eb4       0xdd .\CortexM0\ARM_GCC_493\Debug\Sunrise Clock.a(UART_1.o)
 .debug_abbrev  0x00000f91       0xfd .\CortexM0\ARM_GCC_493\Debug\Sunrise Clock.a(UART_1_UART.o)
 .debug_abbrev  0x0000108e       0xaa .\CortexM0\ARM_GCC_493\Debug\Sunrise Clock.a(Pin_1.o)
 .debug_abbrev  0x00001138       0xaa .\CortexM0\ARM_GCC_493\Debug\Sunrise Clock.a(Pin_2.o)
 .debug_abbrev  0x000011e2       0xaa .\CortexM0\ARM_GCC_493\Debug\Sunrise Clock.a(Pin_3.o)
 .debug_abbrev  0x0000128c       0xaa .\CortexM0\ARM_GCC_493\Debug\Sunrise Clock.a(Pin_4.o)
 .debug_abbrev  0x00001336       0xaa .\CortexM0\ARM_GCC_493\Debug\Sunrise Clock.a(Pin_5.o)
 .debug_abbrev  0x000013e0       0xaa .\CortexM0\ARM_GCC_493\Debug\Sunrise Clock.a(AlarmInterrupt.o)
 .debug_abbrev  0x0000148a       0xaa .\CortexM0\ARM_GCC_493\Debug\Sunrise Clock.a(CalibrateInterrupt.o)
 .debug_abbrev  0x00001534       0xaa .\CortexM0\ARM_GCC_493\Debug\Sunrise Clock.a(SelectPin.o)
 .debug_abbrev  0x000015de       0xaa .\CortexM0\ARM_GCC_493\Debug\Sunrise Clock.a(ClockPin.o)
 .debug_abbrev  0x00001688       0x14 .\CortexM0\ARM_GCC_493\Debug\Sunrise Clock.a(CyBootAsmGnu.o)
 .debug_abbrev  0x0000169c       0x88 .\CortexM0\ARM_GCC_493\Debug\Sunrise Clock.a(I2C_I2C_INT.o)
 .debug_abbrev  0x00001724      0x140 .\CortexM0\ARM_GCC_493\Debug\Sunrise Clock.a(UART_1_SPI_UART.o)
 .debug_abbrev  0x00001864       0x70 .\CortexM0\ARM_GCC_493\Debug\Sunrise Clock.a(UART_1_SPI_UART_INT.o)

.debug_line     0x00000000     0x2409
 *(.debug_line)
 .debug_line    0x00000000      0x24b .\CortexM0\ARM_GCC_493\Debug\main.o
 .debug_line    0x0000024b       0xc0 .\CortexM0\ARM_GCC_493\Debug\i2cClock.o
 .debug_line    0x0000030b      0x258 .\CortexM0\ARM_GCC_493\Debug\RTC.o
 .debug_line    0x00000563      0x193 .\CortexM0\ARM_GCC_493\Debug\TimeFunctions.o
 .debug_line    0x000006f6       0x78 .\CortexM0\ARM_GCC_493\Debug\SerialPrint.o
 .debug_line    0x0000076e      0x175 .\CortexM0\ARM_GCC_493\Debug\Interrupts.o
 .debug_line    0x000008e3       0x53 .\CortexM0\ARM_GCC_493\Debug\cybootloader.o
 .debug_line    0x00000936       0x51 .\CortexM0\ARM_GCC_493\Debug\cymetadata.o
 .debug_line    0x00000987      0x1d0 .\CortexM0\ARM_GCC_493\Debug\Cm0Start.o
 .debug_line    0x00000b57      0x169 .\CortexM0\ARM_GCC_493\Debug\Sunrise Clock.a(cyfitter_cfg.o)
 .debug_line    0x00000cc0      0x476 .\CortexM0\ARM_GCC_493\Debug\Sunrise Clock.a(CyLib.o)
 .debug_line    0x00001136      0x13b .\CortexM0\ARM_GCC_493\Debug\Sunrise Clock.a(I2C.o)
 .debug_line    0x00001271       0x99 .\CortexM0\ARM_GCC_493\Debug\Sunrise Clock.a(I2C_I2C.o)
 .debug_line    0x0000130a      0x2a2 .\CortexM0\ARM_GCC_493\Debug\Sunrise Clock.a(I2C_I2C_MASTER.o)
 .debug_line    0x000015ac       0xbf .\CortexM0\ARM_GCC_493\Debug\Sunrise Clock.a(I2C_sda.o)
 .debug_line    0x0000166b       0xbf .\CortexM0\ARM_GCC_493\Debug\Sunrise Clock.a(I2C_scl.o)
 .debug_line    0x0000172a      0x13b .\CortexM0\ARM_GCC_493\Debug\Sunrise Clock.a(UART_1.o)
 .debug_line    0x00001865      0x142 .\CortexM0\ARM_GCC_493\Debug\Sunrise Clock.a(UART_1_UART.o)
 .debug_line    0x000019a7       0xbd .\CortexM0\ARM_GCC_493\Debug\Sunrise Clock.a(Pin_1.o)
 .debug_line    0x00001a64       0xbd .\CortexM0\ARM_GCC_493\Debug\Sunrise Clock.a(Pin_2.o)
 .debug_line    0x00001b21       0xbd .\CortexM0\ARM_GCC_493\Debug\Sunrise Clock.a(Pin_3.o)
 .debug_line    0x00001bde       0xbd .\CortexM0\ARM_GCC_493\Debug\Sunrise Clock.a(Pin_4.o)
 .debug_line    0x00001c9b       0xbd .\CortexM0\ARM_GCC_493\Debug\Sunrise Clock.a(Pin_5.o)
 .debug_line    0x00001d58       0xc6 .\CortexM0\ARM_GCC_493\Debug\Sunrise Clock.a(AlarmInterrupt.o)
 .debug_line    0x00001e1e       0xca .\CortexM0\ARM_GCC_493\Debug\Sunrise Clock.a(CalibrateInterrupt.o)
 .debug_line    0x00001ee8       0xc1 .\CortexM0\ARM_GCC_493\Debug\Sunrise Clock.a(SelectPin.o)
 .debug_line    0x00001fa9       0xc0 .\CortexM0\ARM_GCC_493\Debug\Sunrise Clock.a(ClockPin.o)
 .debug_line    0x00002069       0x69 .\CortexM0\ARM_GCC_493\Debug\Sunrise Clock.a(CyBootAsmGnu.o)
 .debug_line    0x000020d2      0x191 .\CortexM0\ARM_GCC_493\Debug\Sunrise Clock.a(I2C_I2C_INT.o)
 .debug_line    0x00002263      0x125 .\CortexM0\ARM_GCC_493\Debug\Sunrise Clock.a(UART_1_SPI_UART.o)
 .debug_line    0x00002388       0x81 .\CortexM0\ARM_GCC_493\Debug\Sunrise Clock.a(UART_1_SPI_UART_INT.o)

.debug_frame    0x00000000     0x20f8
 *(.debug_frame)
 .debug_frame   0x00000000       0x54 .\CortexM0\ARM_GCC_493\Debug\main.o
 .debug_frame   0x00000054       0x78 .\CortexM0\ARM_GCC_493\Debug\i2cClock.o
 .debug_frame   0x000000cc      0x328 .\CortexM0\ARM_GCC_493\Debug\RTC.o
 .debug_frame   0x000003f4      0x208 .\CortexM0\ARM_GCC_493\Debug\TimeFunctions.o
 .debug_frame   0x000005fc       0x50 .\CortexM0\ARM_GCC_493\Debug\SerialPrint.o
 .debug_frame   0x0000064c       0x34 .\CortexM0\ARM_GCC_493\Debug\Interrupts.o
 .debug_frame   0x00000680       0xc8 .\CortexM0\ARM_GCC_493\Debug\Cm0Start.o
 .debug_frame   0x00000748       0xc8 .\CortexM0\ARM_GCC_493\Debug\Sunrise Clock.a(cyfitter_cfg.o)
 .debug_frame   0x00000810      0x588 .\CortexM0\ARM_GCC_493\Debug\Sunrise Clock.a(CyLib.o)
 .debug_frame   0x00000d98      0x150 .\CortexM0\ARM_GCC_493\Debug\Sunrise Clock.a(I2C.o)
 .debug_frame   0x00000ee8       0x48 .\CortexM0\ARM_GCC_493\Debug\Sunrise Clock.a(I2C_I2C.o)
 .debug_frame   0x00000f30      0x1c0 .\CortexM0\ARM_GCC_493\Debug\Sunrise Clock.a(I2C_I2C_MASTER.o)
 .debug_frame   0x000010f0       0xc8 .\CortexM0\ARM_GCC_493\Debug\Sunrise Clock.a(I2C_sda.o)
 .debug_frame   0x000011b8       0xc8 .\CortexM0\ARM_GCC_493\Debug\Sunrise Clock.a(I2C_scl.o)
 .debug_frame   0x00001280      0x150 .\CortexM0\ARM_GCC_493\Debug\Sunrise Clock.a(UART_1.o)
 .debug_frame   0x000013d0      0x124 .\CortexM0\ARM_GCC_493\Debug\Sunrise Clock.a(UART_1_UART.o)
 .debug_frame   0x000014f4       0xc8 .\CortexM0\ARM_GCC_493\Debug\Sunrise Clock.a(Pin_1.o)
 .debug_frame   0x000015bc       0xc8 .\CortexM0\ARM_GCC_493\Debug\Sunrise Clock.a(Pin_2.o)
 .debug_frame   0x00001684       0xc8 .\CortexM0\ARM_GCC_493\Debug\Sunrise Clock.a(Pin_3.o)
 .debug_frame   0x0000174c       0xc8 .\CortexM0\ARM_GCC_493\Debug\Sunrise Clock.a(Pin_4.o)
 .debug_frame   0x00001814       0xc8 .\CortexM0\ARM_GCC_493\Debug\Sunrise Clock.a(Pin_5.o)
 .debug_frame   0x000018dc       0xc8 .\CortexM0\ARM_GCC_493\Debug\Sunrise Clock.a(AlarmInterrupt.o)
 .debug_frame   0x000019a4       0xc8 .\CortexM0\ARM_GCC_493\Debug\Sunrise Clock.a(CalibrateInterrupt.o)
 .debug_frame   0x00001a6c       0xc8 .\CortexM0\ARM_GCC_493\Debug\Sunrise Clock.a(SelectPin.o)
 .debug_frame   0x00001b34       0xc8 .\CortexM0\ARM_GCC_493\Debug\Sunrise Clock.a(ClockPin.o)
 .debug_frame   0x00001bfc       0x30 .\CortexM0\ARM_GCC_493\Debug\Sunrise Clock.a(I2C_I2C_INT.o)
 .debug_frame   0x00001c2c      0x128 .\CortexM0\ARM_GCC_493\Debug\Sunrise Clock.a(UART_1_SPI_UART.o)
 .debug_frame   0x00001d54       0x2c .\CortexM0\ARM_GCC_493\Debug\Sunrise Clock.a(UART_1_SPI_UART_INT.o)
 .debug_frame   0x00001d80       0x20 c:/program files (x86)/cypress/psoc creator/4.0/psoc creator/import/gnu/arm/4.9.3/bin/../lib/gcc/arm-none-eabi/4.9.3/armv6-m\libgcc.a(_udivsi3.o)
 .debug_frame   0x00001da0       0x20 c:/program files (x86)/cypress/psoc creator/4.0/psoc creator/import/gnu/arm/4.9.3/bin/../lib/gcc/arm-none-eabi/4.9.3/armv6-m\libgcc.a(_divsi3.o)
 .debug_frame   0x00001dc0       0x20 c:/program files (x86)/cypress/psoc creator/4.0/psoc creator/import/gnu/arm/4.9.3/bin/../lib/gcc/arm-none-eabi/4.9.3/../../../../arm-none-eabi/lib/armv6-m\libg_nano.a(lib_a-errno.o)
 .debug_frame   0x00001de0       0x28 c:/program files (x86)/cypress/psoc creator/4.0/psoc creator/import/gnu/arm/4.9.3/bin/../lib/gcc/arm-none-eabi/4.9.3/../../../../arm-none-eabi/lib/armv6-m\libg_nano.a(lib_a-exit.o)
 .debug_frame   0x00001e08       0x2c c:/program files (x86)/cypress/psoc creator/4.0/psoc creator/import/gnu/arm/4.9.3/bin/../lib/gcc/arm-none-eabi/4.9.3/../../../../arm-none-eabi/lib/armv6-m\libg_nano.a(lib_a-init.o)
 .debug_frame   0x00001e34       0x28 c:/program files (x86)/cypress/psoc creator/4.0/psoc creator/import/gnu/arm/4.9.3/bin/../lib/gcc/arm-none-eabi/4.9.3/../../../../arm-none-eabi/lib/armv6-m\libg_nano.a(lib_a-memcpy.o)
 .debug_frame   0x00001e5c       0x20 c:/program files (x86)/cypress/psoc creator/4.0/psoc creator/import/gnu/arm/4.9.3/bin/../lib/gcc/arm-none-eabi/4.9.3/../../../../arm-none-eabi/lib/armv6-m\libg_nano.a(lib_a-memset.o)
 .debug_frame   0x00001e7c       0x50 c:/program files (x86)/cypress/psoc creator/4.0/psoc creator/import/gnu/arm/4.9.3/bin/../lib/gcc/arm-none-eabi/4.9.3/../../../../arm-none-eabi/lib/armv6-m\libg_nano.a(lib_a-sprintf.o)
 .debug_frame   0x00001ecc       0x74 c:/program files (x86)/cypress/psoc creator/4.0/psoc creator/import/gnu/arm/4.9.3/bin/../lib/gcc/arm-none-eabi/4.9.3/../../../../arm-none-eabi/lib/armv6-m\libg_nano.a(lib_a-nano-svfprintf.o)
 .debug_frame   0x00001f40       0x54 c:/program files (x86)/cypress/psoc creator/4.0/psoc creator/import/gnu/arm/4.9.3/bin/../lib/gcc/arm-none-eabi/4.9.3/../../../../arm-none-eabi/lib/armv6-m\libg_nano.a(lib_a-nano-vfprintf_i.o)
 .debug_frame   0x00001f94       0x20 c:/program files (x86)/cypress/psoc creator/4.0/psoc creator/import/gnu/arm/4.9.3/bin/../lib/gcc/arm-none-eabi/4.9.3/../../../../arm-none-eabi/lib/armv6-m\libg_nano.a(lib_a-memchr.o)
 .debug_frame   0x00001fb4       0x28 c:/program files (x86)/cypress/psoc creator/4.0/psoc creator/import/gnu/arm/4.9.3/bin/../lib/gcc/arm-none-eabi/4.9.3/../../../../arm-none-eabi/lib/armv6-m\libg_nano.a(lib_a-memmove.o)
 .debug_frame   0x00001fdc       0x2c c:/program files (x86)/cypress/psoc creator/4.0/psoc creator/import/gnu/arm/4.9.3/bin/../lib/gcc/arm-none-eabi/4.9.3/../../../../arm-none-eabi/lib/armv6-m\libg_nano.a(lib_a-nano-freer.o)
 .debug_frame   0x00002008       0x2c c:/program files (x86)/cypress/psoc creator/4.0/psoc creator/import/gnu/arm/4.9.3/bin/../lib/gcc/arm-none-eabi/4.9.3/../../../../arm-none-eabi/lib/armv6-m\libg_nano.a(lib_a-nano-mallocr.o)
 .debug_frame   0x00002034       0x30 c:/program files (x86)/cypress/psoc creator/4.0/psoc creator/import/gnu/arm/4.9.3/bin/../lib/gcc/arm-none-eabi/4.9.3/../../../../arm-none-eabi/lib/armv6-m\libg_nano.a(lib_a-nano-reallocr.o)
 .debug_frame   0x00002064       0x2c c:/program files (x86)/cypress/psoc creator/4.0/psoc creator/import/gnu/arm/4.9.3/bin/../lib/gcc/arm-none-eabi/4.9.3/../../../../arm-none-eabi/lib/armv6-m\libg_nano.a(lib_a-sbrkr.o)
 .debug_frame   0x00002090       0x20 c:/program files (x86)/cypress/psoc creator/4.0/psoc creator/import/gnu/arm/4.9.3/bin/../lib/gcc/arm-none-eabi/4.9.3/../../../../arm-none-eabi/lib/armv6-m\libg_nano.a(lib_a-nano-msizer.o)
 .debug_frame   0x000020b0       0x48 c:/program files (x86)/cypress/psoc creator/4.0/psoc creator/import/gnu/arm/4.9.3/bin/../lib/gcc/arm-none-eabi/4.9.3/../../../../arm-none-eabi/lib/armv6-m\libg_nano.a(lib_a-reent.o)

.debug_str      0x00000000     0x1c00
 *(.debug_str)
 .debug_str     0x00000000      0x2b9 .\CortexM0\ARM_GCC_493\Debug\main.o
                                0x312 (size before relaxing)
 .debug_str     0x000002b9       0x5e .\CortexM0\ARM_GCC_493\Debug\i2cClock.o
                                0x1ec (size before relaxing)
 .debug_str     0x00000317      0x177 .\CortexM0\ARM_GCC_493\Debug\RTC.o
                                0x357 (size before relaxing)
 .debug_str     0x0000048e       0xf2 .\CortexM0\ARM_GCC_493\Debug\TimeFunctions.o
                                0x2aa (size before relaxing)
 .debug_str     0x00000580       0x39 .\CortexM0\ARM_GCC_493\Debug\SerialPrint.o
                                0x1cf (size before relaxing)
 .debug_str     0x000005b9       0x35 .\CortexM0\ARM_GCC_493\Debug\Interrupts.o
                                0x1fa (size before relaxing)
 .debug_str     0x000005ee       0x78 .\CortexM0\ARM_GCC_493\Debug\cybootloader.o
                                0x206 (size before relaxing)
 .debug_str     0x00000666       0x35 .\CortexM0\ARM_GCC_493\Debug\cymetadata.o
                                0x1c3 (size before relaxing)
 .debug_str     0x0000069b      0x136 .\CortexM0\ARM_GCC_493\Debug\Cm0Start.o
                                0x2ea (size before relaxing)
 .debug_str     0x000007d1       0x9c .\CortexM0\ARM_GCC_493\Debug\Sunrise Clock.a(cyfitter_cfg.o)
                                0x252 (size before relaxing)
 .debug_str     0x0000086d      0x4d4 .\CortexM0\ARM_GCC_493\Debug\Sunrise Clock.a(CyLib.o)
                                0x696 (size before relaxing)
 .debug_str     0x00000d41      0x11e .\CortexM0\ARM_GCC_493\Debug\Sunrise Clock.a(I2C.o)
                                0x2b9 (size before relaxing)
 .debug_str     0x00000e5f       0x78 .\CortexM0\ARM_GCC_493\Debug\Sunrise Clock.a(I2C_I2C.o)
                                0x21a (size before relaxing)
 .debug_str     0x00000ed7      0x22a .\CortexM0\ARM_GCC_493\Debug\Sunrise Clock.a(I2C_I2C_MASTER.o)
                                0x417 (size before relaxing)
 .debug_str     0x00001101       0xb9 .\CortexM0\ARM_GCC_493\Debug\Sunrise Clock.a(I2C_sda.o)
                                0x25d (size before relaxing)
 .debug_str     0x000011ba       0x95 .\CortexM0\ARM_GCC_493\Debug\Sunrise Clock.a(I2C_scl.o)
                                0x25d (size before relaxing)
 .debug_str     0x0000124f      0x139 .\CortexM0\ARM_GCC_493\Debug\Sunrise Clock.a(UART_1.o)
                                0x2fc (size before relaxing)
 .debug_str     0x00001388      0x124 .\CortexM0\ARM_GCC_493\Debug\Sunrise Clock.a(UART_1_UART.o)
                                0x2e0 (size before relaxing)
 .debug_str     0x000014ac       0x87 .\CortexM0\ARM_GCC_493\Debug\Sunrise Clock.a(Pin_1.o)
                                0x24f (size before relaxing)
 .debug_str     0x00001533       0x87 .\CortexM0\ARM_GCC_493\Debug\Sunrise Clock.a(Pin_2.o)
                                0x24f (size before relaxing)
 .debug_str     0x000015ba       0x87 .\CortexM0\ARM_GCC_493\Debug\Sunrise Clock.a(Pin_3.o)
                                0x24f (size before relaxing)
 .debug_str     0x00001641       0x87 .\CortexM0\ARM_GCC_493\Debug\Sunrise Clock.a(Pin_4.o)
                                0x24f (size before relaxing)
 .debug_str     0x000016c8       0x87 .\CortexM0\ARM_GCC_493\Debug\Sunrise Clock.a(Pin_5.o)
                                0x24f (size before relaxing)
 .debug_str     0x0000174f       0xc6 .\CortexM0\ARM_GCC_493\Debug\Sunrise Clock.a(AlarmInterrupt.o)
                                0x28e (size before relaxing)
 .debug_str     0x00001815       0xe2 .\CortexM0\ARM_GCC_493\Debug\Sunrise Clock.a(CalibrateInterrupt.o)
                                0x2aa (size before relaxing)
 .debug_str     0x000018f7       0xa3 .\CortexM0\ARM_GCC_493\Debug\Sunrise Clock.a(SelectPin.o)
                                0x26b (size before relaxing)
 .debug_str     0x0000199a       0x9c .\CortexM0\ARM_GCC_493\Debug\Sunrise Clock.a(ClockPin.o)
                                0x264 (size before relaxing)
 .debug_str     0x00001a36       0x47 .\CortexM0\ARM_GCC_493\Debug\Sunrise Clock.a(I2C_I2C_INT.o)
                                0x2b7 (size before relaxing)
 .debug_str     0x00001a7d      0x142 .\CortexM0\ARM_GCC_493\Debug\Sunrise Clock.a(UART_1_SPI_UART.o)
                                0x2ef (size before relaxing)
 .debug_str     0x00001bbf       0x41 .\CortexM0\ARM_GCC_493\Debug\Sunrise Clock.a(UART_1_SPI_UART_INT.o)
                                0x1ef (size before relaxing)

.debug_loc
 *(.debug_loc)

.debug_macinfo
 *(.debug_macinfo)

.debug_ranges   0x00000000      0x7f8
 *(.debug_ranges)
 .debug_ranges  0x00000000       0x18 .\CortexM0\ARM_GCC_493\Debug\main.o
 .debug_ranges  0x00000018       0x20 .\CortexM0\ARM_GCC_493\Debug\i2cClock.o
 .debug_ranges  0x00000038       0xc0 .\CortexM0\ARM_GCC_493\Debug\RTC.o
 .debug_ranges  0x000000f8       0x80 .\CortexM0\ARM_GCC_493\Debug\TimeFunctions.o
 .debug_ranges  0x00000178       0x18 .\CortexM0\ARM_GCC_493\Debug\SerialPrint.o
 .debug_ranges  0x00000190       0x10 .\CortexM0\ARM_GCC_493\Debug\Interrupts.o
 .debug_ranges  0x000001a0       0x38 .\CortexM0\ARM_GCC_493\Debug\Cm0Start.o
 .debug_ranges  0x000001d8       0x38 .\CortexM0\ARM_GCC_493\Debug\Sunrise Clock.a(cyfitter_cfg.o)
 .debug_ranges  0x00000210      0x170 .\CortexM0\ARM_GCC_493\Debug\Sunrise Clock.a(CyLib.o)
 .debug_ranges  0x00000380       0x60 .\CortexM0\ARM_GCC_493\Debug\Sunrise Clock.a(I2C.o)
 .debug_ranges  0x000003e0       0x18 .\CortexM0\ARM_GCC_493\Debug\Sunrise Clock.a(I2C_I2C.o)
 .debug_ranges  0x000003f8       0x78 .\CortexM0\ARM_GCC_493\Debug\Sunrise Clock.a(I2C_I2C_MASTER.o)
 .debug_ranges  0x00000470       0x38 .\CortexM0\ARM_GCC_493\Debug\Sunrise Clock.a(I2C_sda.o)
 .debug_ranges  0x000004a8       0x38 .\CortexM0\ARM_GCC_493\Debug\Sunrise Clock.a(I2C_scl.o)
 .debug_ranges  0x000004e0       0x60 .\CortexM0\ARM_GCC_493\Debug\Sunrise Clock.a(UART_1.o)
 .debug_ranges  0x00000540       0x50 .\CortexM0\ARM_GCC_493\Debug\Sunrise Clock.a(UART_1_UART.o)
 .debug_ranges  0x00000590       0x38 .\CortexM0\ARM_GCC_493\Debug\Sunrise Clock.a(Pin_1.o)
 .debug_ranges  0x000005c8       0x38 .\CortexM0\ARM_GCC_493\Debug\Sunrise Clock.a(Pin_2.o)
 .debug_ranges  0x00000600       0x38 .\CortexM0\ARM_GCC_493\Debug\Sunrise Clock.a(Pin_3.o)
 .debug_ranges  0x00000638       0x38 .\CortexM0\ARM_GCC_493\Debug\Sunrise Clock.a(Pin_4.o)
 .debug_ranges  0x00000670       0x38 .\CortexM0\ARM_GCC_493\Debug\Sunrise Clock.a(Pin_5.o)
 .debug_ranges  0x000006a8       0x38 .\CortexM0\ARM_GCC_493\Debug\Sunrise Clock.a(AlarmInterrupt.o)
 .debug_ranges  0x000006e0       0x38 .\CortexM0\ARM_GCC_493\Debug\Sunrise Clock.a(CalibrateInterrupt.o)
 .debug_ranges  0x00000718       0x38 .\CortexM0\ARM_GCC_493\Debug\Sunrise Clock.a(SelectPin.o)
 .debug_ranges  0x00000750       0x38 .\CortexM0\ARM_GCC_493\Debug\Sunrise Clock.a(ClockPin.o)
 .debug_ranges  0x00000788       0x10 .\CortexM0\ARM_GCC_493\Debug\Sunrise Clock.a(I2C_I2C_INT.o)
 .debug_ranges  0x00000798       0x50 .\CortexM0\ARM_GCC_493\Debug\Sunrise Clock.a(UART_1_SPI_UART.o)
 .debug_ranges  0x000007e8       0x10 .\CortexM0\ARM_GCC_493\Debug\Sunrise Clock.a(UART_1_SPI_UART_INT.o)

.comment        0x00000000       0x70
 .comment       0x00000000       0x70 .\CortexM0\ARM_GCC_493\Debug\main.o
                                 0x71 (size before relaxing)
 .comment       0x00000000       0x71 .\CortexM0\ARM_GCC_493\Debug\i2cClock.o
 .comment       0x00000000       0x71 .\CortexM0\ARM_GCC_493\Debug\RTC.o
 .comment       0x00000000       0x71 .\CortexM0\ARM_GCC_493\Debug\TimeFunctions.o
 .comment       0x00000000       0x71 .\CortexM0\ARM_GCC_493\Debug\SerialPrint.o
 .comment       0x00000000       0x71 .\CortexM0\ARM_GCC_493\Debug\Interrupts.o
 .comment       0x00000000       0x71 .\CortexM0\ARM_GCC_493\Debug\cybootloader.o
 .comment       0x00000000       0x71 .\CortexM0\ARM_GCC_493\Debug\cymetadata.o
 .comment       0x00000000       0x71 .\CortexM0\ARM_GCC_493\Debug\Cm0Start.o
 .comment       0x00000000       0x71 .\CortexM0\ARM_GCC_493\Debug\Sunrise Clock.a(cyfitter_cfg.o)
 .comment       0x00000000       0x71 .\CortexM0\ARM_GCC_493\Debug\Sunrise Clock.a(CyLib.o)
 .comment       0x00000000       0x71 .\CortexM0\ARM_GCC_493\Debug\Sunrise Clock.a(I2C.o)
 .comment       0x00000000       0x71 .\CortexM0\ARM_GCC_493\Debug\Sunrise Clock.a(I2C_I2C.o)
 .comment       0x00000000       0x71 .\CortexM0\ARM_GCC_493\Debug\Sunrise Clock.a(I2C_I2C_MASTER.o)
 .comment       0x00000000       0x71 .\CortexM0\ARM_GCC_493\Debug\Sunrise Clock.a(I2C_sda.o)
 .comment       0x00000000       0x71 .\CortexM0\ARM_GCC_493\Debug\Sunrise Clock.a(I2C_scl.o)
 .comment       0x00000000       0x71 .\CortexM0\ARM_GCC_493\Debug\Sunrise Clock.a(UART_1.o)
 .comment       0x00000000       0x71 .\CortexM0\ARM_GCC_493\Debug\Sunrise Clock.a(UART_1_UART.o)
 .comment       0x00000000       0x71 .\CortexM0\ARM_GCC_493\Debug\Sunrise Clock.a(Pin_1.o)
 .comment       0x00000000       0x71 .\CortexM0\ARM_GCC_493\Debug\Sunrise Clock.a(Pin_2.o)
 .comment       0x00000000       0x71 .\CortexM0\ARM_GCC_493\Debug\Sunrise Clock.a(Pin_3.o)
 .comment       0x00000000       0x71 .\CortexM0\ARM_GCC_493\Debug\Sunrise Clock.a(Pin_4.o)
 .comment       0x00000000       0x71 .\CortexM0\ARM_GCC_493\Debug\Sunrise Clock.a(Pin_5.o)
 .comment       0x00000000       0x71 .\CortexM0\ARM_GCC_493\Debug\Sunrise Clock.a(AlarmInterrupt.o)
 .comment       0x00000000       0x71 .\CortexM0\ARM_GCC_493\Debug\Sunrise Clock.a(CalibrateInterrupt.o)
 .comment       0x00000000       0x71 .\CortexM0\ARM_GCC_493\Debug\Sunrise Clock.a(SelectPin.o)
 .comment       0x00000000       0x71 .\CortexM0\ARM_GCC_493\Debug\Sunrise Clock.a(ClockPin.o)
 .comment       0x00000000       0x71 .\CortexM0\ARM_GCC_493\Debug\Sunrise Clock.a(I2C_I2C_INT.o)
 .comment       0x00000000       0x71 .\CortexM0\ARM_GCC_493\Debug\Sunrise Clock.a(UART_1_SPI_UART.o)
 .comment       0x00000000       0x71 .\CortexM0\ARM_GCC_493\Debug\Sunrise Clock.a(UART_1_SPI_UART_INT.o)

.debug_weaknames
 *(.debug_weaknames)

.debug_funcnames
 *(.debug_funcnames)

.debug_typenames
 *(.debug_typenames)

.debug_varnames
 *(.debug_varnames)

.note.gnu.arm.ident
 *(.note.gnu.arm.ident)

.ARM.attributes
                0x00000000       0x28
 *(.ARM.attributes)
 .ARM.attributes
                0x00000000       0x1e c:/program files (x86)/cypress/psoc creator/4.0/psoc creator/import/gnu/arm/4.9.3/bin/../lib/gcc/arm-none-eabi/4.9.3/armv6-m/crti.o
 .ARM.attributes
                0x0000001e       0x2c c:/program files (x86)/cypress/psoc creator/4.0/psoc creator/import/gnu/arm/4.9.3/bin/../lib/gcc/arm-none-eabi/4.9.3/armv6-m/crtbegin.o
 .ARM.attributes
                0x0000004a       0x1b c:/program files (x86)/cypress/psoc creator/4.0/psoc creator/import/gnu/arm/4.9.3/bin/../lib/gcc/arm-none-eabi/4.9.3/../../../../arm-none-eabi/lib/armv6-m/crt0.o
 .ARM.attributes
                0x00000065       0x31 .\CortexM0\ARM_GCC_493\Debug\main.o
 .ARM.attributes
                0x00000096       0x31 .\CortexM0\ARM_GCC_493\Debug\i2cClock.o
 .ARM.attributes
                0x000000c7       0x31 .\CortexM0\ARM_GCC_493\Debug\RTC.o
 .ARM.attributes
                0x000000f8       0x31 .\CortexM0\ARM_GCC_493\Debug\TimeFunctions.o
 .ARM.attributes
                0x00000129       0x31 .\CortexM0\ARM_GCC_493\Debug\SerialPrint.o
 .ARM.attributes
                0x0000015a       0x31 .\CortexM0\ARM_GCC_493\Debug\Interrupts.o
 .ARM.attributes
                0x0000018b       0x31 .\CortexM0\ARM_GCC_493\Debug\cybootloader.o
 .ARM.attributes
                0x000001bc       0x31 .\CortexM0\ARM_GCC_493\Debug\cymetadata.o
 .ARM.attributes
                0x000001ed       0x31 .\CortexM0\ARM_GCC_493\Debug\Cm0Start.o
 .ARM.attributes
                0x0000021e       0x31 .\CortexM0\ARM_GCC_493\Debug\Sunrise Clock.a(cyfitter_cfg.o)
 .ARM.attributes
                0x0000024f       0x31 .\CortexM0\ARM_GCC_493\Debug\Sunrise Clock.a(CyLib.o)
 .ARM.attributes
                0x00000280       0x31 .\CortexM0\ARM_GCC_493\Debug\Sunrise Clock.a(I2C.o)
 .ARM.attributes
                0x000002b1       0x31 .\CortexM0\ARM_GCC_493\Debug\Sunrise Clock.a(I2C_I2C.o)
 .ARM.attributes
                0x000002e2       0x31 .\CortexM0\ARM_GCC_493\Debug\Sunrise Clock.a(I2C_I2C_MASTER.o)
 .ARM.attributes
                0x00000313       0x31 .\CortexM0\ARM_GCC_493\Debug\Sunrise Clock.a(I2C_sda.o)
 .ARM.attributes
                0x00000344       0x31 .\CortexM0\ARM_GCC_493\Debug\Sunrise Clock.a(I2C_scl.o)
 .ARM.attributes
                0x00000375       0x31 .\CortexM0\ARM_GCC_493\Debug\Sunrise Clock.a(UART_1.o)
 .ARM.attributes
                0x000003a6       0x31 .\CortexM0\ARM_GCC_493\Debug\Sunrise Clock.a(UART_1_UART.o)
 .ARM.attributes
                0x000003d7       0x31 .\CortexM0\ARM_GCC_493\Debug\Sunrise Clock.a(Pin_1.o)
 .ARM.attributes
                0x00000408       0x31 .\CortexM0\ARM_GCC_493\Debug\Sunrise Clock.a(Pin_2.o)
 .ARM.attributes
                0x00000439       0x31 .\CortexM0\ARM_GCC_493\Debug\Sunrise Clock.a(Pin_3.o)
 .ARM.attributes
                0x0000046a       0x31 .\CortexM0\ARM_GCC_493\Debug\Sunrise Clock.a(Pin_4.o)
 .ARM.attributes
                0x0000049b       0x31 .\CortexM0\ARM_GCC_493\Debug\Sunrise Clock.a(Pin_5.o)
 .ARM.attributes
                0x000004cc       0x31 .\CortexM0\ARM_GCC_493\Debug\Sunrise Clock.a(AlarmInterrupt.o)
 .ARM.attributes
                0x000004fd       0x31 .\CortexM0\ARM_GCC_493\Debug\Sunrise Clock.a(CalibrateInterrupt.o)
 .ARM.attributes
                0x0000052e       0x31 .\CortexM0\ARM_GCC_493\Debug\Sunrise Clock.a(SelectPin.o)
 .ARM.attributes
                0x0000055f       0x31 .\CortexM0\ARM_GCC_493\Debug\Sunrise Clock.a(ClockPin.o)
 .ARM.attributes
                0x00000590       0x21 .\CortexM0\ARM_GCC_493\Debug\Sunrise Clock.a(CyBootAsmGnu.o)
 .ARM.attributes
                0x000005b1       0x31 .\CortexM0\ARM_GCC_493\Debug\Sunrise Clock.a(I2C_I2C_INT.o)
 .ARM.attributes
                0x000005e2       0x31 .\CortexM0\ARM_GCC_493\Debug\Sunrise Clock.a(UART_1_SPI_UART.o)
 .ARM.attributes
                0x00000613       0x31 .\CortexM0\ARM_GCC_493\Debug\Sunrise Clock.a(UART_1_SPI_UART_INT.o)
 .ARM.attributes
                0x00000644       0x1e c:/program files (x86)/cypress/psoc creator/4.0/psoc creator/import/gnu/arm/4.9.3/bin/../lib/gcc/arm-none-eabi/4.9.3/armv6-m\libgcc.a(_udivsi3.o)
 .ARM.attributes
                0x00000662       0x1e c:/program files (x86)/cypress/psoc creator/4.0/psoc creator/import/gnu/arm/4.9.3/bin/../lib/gcc/arm-none-eabi/4.9.3/armv6-m\libgcc.a(_divsi3.o)
 .ARM.attributes
                0x00000680       0x1e c:/program files (x86)/cypress/psoc creator/4.0/psoc creator/import/gnu/arm/4.9.3/bin/../lib/gcc/arm-none-eabi/4.9.3/armv6-m\libgcc.a(_dvmd_tls.o)
 .ARM.attributes
                0x0000069e       0x2c c:/program files (x86)/cypress/psoc creator/4.0/psoc creator/import/gnu/arm/4.9.3/bin/../lib/gcc/arm-none-eabi/4.9.3/../../../../arm-none-eabi/lib/armv6-m\libg_nano.a(lib_a-errno.o)
 .ARM.attributes
                0x000006ca       0x2c c:/program files (x86)/cypress/psoc creator/4.0/psoc creator/import/gnu/arm/4.9.3/bin/../lib/gcc/arm-none-eabi/4.9.3/../../../../arm-none-eabi/lib/armv6-m\libg_nano.a(lib_a-exit.o)
 .ARM.attributes
                0x000006f6       0x2c c:/program files (x86)/cypress/psoc creator/4.0/psoc creator/import/gnu/arm/4.9.3/bin/../lib/gcc/arm-none-eabi/4.9.3/../../../../arm-none-eabi/lib/armv6-m\libg_nano.a(lib_a-impure.o)
 .ARM.attributes
                0x00000722       0x2c c:/program files (x86)/cypress/psoc creator/4.0/psoc creator/import/gnu/arm/4.9.3/bin/../lib/gcc/arm-none-eabi/4.9.3/../../../../arm-none-eabi/lib/armv6-m\libg_nano.a(lib_a-init.o)
 .ARM.attributes
                0x0000074e       0x2c c:/program files (x86)/cypress/psoc creator/4.0/psoc creator/import/gnu/arm/4.9.3/bin/../lib/gcc/arm-none-eabi/4.9.3/../../../../arm-none-eabi/lib/armv6-m\libg_nano.a(lib_a-memcpy.o)
 .ARM.attributes
                0x0000077a       0x2c c:/program files (x86)/cypress/psoc creator/4.0/psoc creator/import/gnu/arm/4.9.3/bin/../lib/gcc/arm-none-eabi/4.9.3/../../../../arm-none-eabi/lib/armv6-m\libg_nano.a(lib_a-memset.o)
 .ARM.attributes
                0x000007a6       0x2c c:/program files (x86)/cypress/psoc creator/4.0/psoc creator/import/gnu/arm/4.9.3/bin/../lib/gcc/arm-none-eabi/4.9.3/../../../../arm-none-eabi/lib/armv6-m\libg_nano.a(lib_a-sprintf.o)
 .ARM.attributes
                0x000007d2       0x2c c:/program files (x86)/cypress/psoc creator/4.0/psoc creator/import/gnu/arm/4.9.3/bin/../lib/gcc/arm-none-eabi/4.9.3/../../../../arm-none-eabi/lib/armv6-m\libg_nano.a(lib_a-nano-svfprintf.o)
 .ARM.attributes
                0x000007fe       0x2c c:/program files (x86)/cypress/psoc creator/4.0/psoc creator/import/gnu/arm/4.9.3/bin/../lib/gcc/arm-none-eabi/4.9.3/../../../../arm-none-eabi/lib/armv6-m\libg_nano.a(lib_a-nano-vfprintf_i.o)
 .ARM.attributes
                0x0000082a       0x2c c:/program files (x86)/cypress/psoc creator/4.0/psoc creator/import/gnu/arm/4.9.3/bin/../lib/gcc/arm-none-eabi/4.9.3/../../../../arm-none-eabi/lib/armv6-m\libg_nano.a(lib_a-memchr.o)
 .ARM.attributes
                0x00000856       0x2c c:/program files (x86)/cypress/psoc creator/4.0/psoc creator/import/gnu/arm/4.9.3/bin/../lib/gcc/arm-none-eabi/4.9.3/../../../../arm-none-eabi/lib/armv6-m\libg_nano.a(lib_a-memmove.o)
 .ARM.attributes
                0x00000882       0x2c c:/program files (x86)/cypress/psoc creator/4.0/psoc creator/import/gnu/arm/4.9.3/bin/../lib/gcc/arm-none-eabi/4.9.3/../../../../arm-none-eabi/lib/armv6-m\libg_nano.a(lib_a-nano-freer.o)
 .ARM.attributes
                0x000008ae       0x2c c:/program files (x86)/cypress/psoc creator/4.0/psoc creator/import/gnu/arm/4.9.3/bin/../lib/gcc/arm-none-eabi/4.9.3/../../../../arm-none-eabi/lib/armv6-m\libg_nano.a(lib_a-nano-mallocr.o)
 .ARM.attributes
                0x000008da       0x2c c:/program files (x86)/cypress/psoc creator/4.0/psoc creator/import/gnu/arm/4.9.3/bin/../lib/gcc/arm-none-eabi/4.9.3/../../../../arm-none-eabi/lib/armv6-m\libg_nano.a(lib_a-nano-reallocr.o)
 .ARM.attributes
                0x00000906       0x2c c:/program files (x86)/cypress/psoc creator/4.0/psoc creator/import/gnu/arm/4.9.3/bin/../lib/gcc/arm-none-eabi/4.9.3/../../../../arm-none-eabi/lib/armv6-m\libg_nano.a(lib_a-sbrkr.o)
 .ARM.attributes
                0x00000932       0x2c c:/program files (x86)/cypress/psoc creator/4.0/psoc creator/import/gnu/arm/4.9.3/bin/../lib/gcc/arm-none-eabi/4.9.3/../../../../arm-none-eabi/lib/armv6-m\libg_nano.a(lib_a-nano-msizer.o)
 .ARM.attributes
                0x0000095e       0x2c c:/program files (x86)/cypress/psoc creator/4.0/psoc creator/import/gnu/arm/4.9.3/bin/../lib/gcc/arm-none-eabi/4.9.3/../../../../arm-none-eabi/lib/armv6-m\libg_nano.a(lib_a-reent.o)
 .ARM.attributes
                0x0000098a       0x2c c:/program files (x86)/cypress/psoc creator/4.0/psoc creator/import/gnu/arm/4.9.3/bin/../lib/gcc/arm-none-eabi/4.9.3/armv6-m/crtend.o
 .ARM.attributes
                0x000009b6       0x1e c:/program files (x86)/cypress/psoc creator/4.0/psoc creator/import/gnu/arm/4.9.3/bin/../lib/gcc/arm-none-eabi/4.9.3/armv6-m/crtn.o

/DISCARD/
 *(.note.GNU-stack)
OUTPUT(.\CortexM0\ARM_GCC_493\Debug\Sunrise Clock.elf elf32-littlearm)
