Archive member included because of file (symbol)

.\CortexM0\ARM_GCC_493\Debug\Sunrise Clock.a(cyfitter_cfg.o)
                              .\CortexM0\ARM_GCC_493\Debug\Cm0Start.o (cyfitter_cfg)
.\CortexM0\ARM_GCC_493\Debug\Sunrise Clock.a(CyLib.o)
                              .\CortexM0\ARM_GCC_493\Debug\Sunrise Clock.a(cyfitter_cfg.o) (CySysClkWriteImoFreq)
.\CortexM0\ARM_GCC_493\Debug\Sunrise Clock.a(I2C.o)
                              .\CortexM0\ARM_GCC_493\Debug\main.o (I2C_Start)
.\CortexM0\ARM_GCC_493\Debug\Sunrise Clock.a(I2C_I2C.o)
                              .\CortexM0\ARM_GCC_493\Debug\Sunrise Clock.a(I2C.o) (I2C_I2CInit)
.\CortexM0\ARM_GCC_493\Debug\Sunrise Clock.a(I2C_I2C_MASTER.o)
                              .\CortexM0\ARM_GCC_493\Debug\Sunrise Clock.a(I2C_I2C.o) (I2C_mstrStatus)
.\CortexM0\ARM_GCC_493\Debug\Sunrise Clock.a(I2C_sda.o)
                              .\CortexM0\ARM_GCC_493\Debug\Sunrise Clock.a(I2C_I2C_MASTER.o) (I2C_sda_Read)
.\CortexM0\ARM_GCC_493\Debug\Sunrise Clock.a(I2C_scl.o)
                              .\CortexM0\ARM_GCC_493\Debug\Sunrise Clock.a(I2C_I2C_MASTER.o) (I2C_scl_Write)
.\CortexM0\ARM_GCC_493\Debug\Sunrise Clock.a(UART_1.o)
                              .\CortexM0\ARM_GCC_493\Debug\main.o (UART_1_Start)
.\CortexM0\ARM_GCC_493\Debug\Sunrise Clock.a(UART_1_UART.o)
                              .\CortexM0\ARM_GCC_493\Debug\Sunrise Clock.a(UART_1.o) (UART_1_UartInit)
.\CortexM0\ARM_GCC_493\Debug\Sunrise Clock.a(Pin_2.o)
                              .\CortexM0\ARM_GCC_493\Debug\main.o (Pin_2_Write)
.\CortexM0\ARM_GCC_493\Debug\Sunrise Clock.a(Pin_3.o)
                              .\CortexM0\ARM_GCC_493\Debug\main.o (Pin_3_Write)
.\CortexM0\ARM_GCC_493\Debug\Sunrise Clock.a(CyBootAsmGnu.o)
                              .\CortexM0\ARM_GCC_493\Debug\Sunrise Clock.a(CyLib.o) (CyDelayCycles)
.\CortexM0\ARM_GCC_493\Debug\Sunrise Clock.a(I2C_I2C_INT.o)
                              .\CortexM0\ARM_GCC_493\Debug\Sunrise Clock.a(I2C_I2C.o) (I2C_I2C_ISR)
.\CortexM0\ARM_GCC_493\Debug\Sunrise Clock.a(UART_1_SPI_UART.o)
                              .\CortexM0\ARM_GCC_493\Debug\Sunrise Clock.a(UART_1_UART.o) (UART_1_SpiUartReadRxData)
c:/program files (x86)/cypress/psoc creator/4.0/psoc creator/import/gnu/arm/4.9.3/bin/../lib/gcc/arm-none-eabi/4.9.3/armv6-m\libgcc.a(_udivsi3.o)
                              .\CortexM0\ARM_GCC_493\Debug\TimeFunctions.o (__aeabi_uidiv)
c:/program files (x86)/cypress/psoc creator/4.0/psoc creator/import/gnu/arm/4.9.3/bin/../lib/gcc/arm-none-eabi/4.9.3/armv6-m\libgcc.a(_divsi3.o)
                              .\CortexM0\ARM_GCC_493\Debug\main.o (__aeabi_idivmod)
c:/program files (x86)/cypress/psoc creator/4.0/psoc creator/import/gnu/arm/4.9.3/bin/../lib/gcc/arm-none-eabi/4.9.3/armv6-m\libgcc.a(_dvmd_tls.o)
                              c:/program files (x86)/cypress/psoc creator/4.0/psoc creator/import/gnu/arm/4.9.3/bin/../lib/gcc/arm-none-eabi/4.9.3/armv6-m\libgcc.a(_udivsi3.o) (__aeabi_idiv0)
c:/program files (x86)/cypress/psoc creator/4.0/psoc creator/import/gnu/arm/4.9.3/bin/../lib/gcc/arm-none-eabi/4.9.3/../../../../arm-none-eabi/lib/armv6-m\libg_nano.a(lib_a-errno.o)
                              .\CortexM0\ARM_GCC_493\Debug\Cm0Start.o (__errno)
c:/program files (x86)/cypress/psoc creator/4.0/psoc creator/import/gnu/arm/4.9.3/bin/../lib/gcc/arm-none-eabi/4.9.3/../../../../arm-none-eabi/lib/armv6-m\libg_nano.a(lib_a-exit.o)
                              c:/program files (x86)/cypress/psoc creator/4.0/psoc creator/import/gnu/arm/4.9.3/bin/../lib/gcc/arm-none-eabi/4.9.3/../../../../arm-none-eabi/lib/armv6-m/crt0.o (exit)
c:/program files (x86)/cypress/psoc creator/4.0/psoc creator/import/gnu/arm/4.9.3/bin/../lib/gcc/arm-none-eabi/4.9.3/../../../../arm-none-eabi/lib/armv6-m\libg_nano.a(lib_a-impure.o)
                              c:/program files (x86)/cypress/psoc creator/4.0/psoc creator/import/gnu/arm/4.9.3/bin/../lib/gcc/arm-none-eabi/4.9.3/../../../../arm-none-eabi/lib/armv6-m\libg_nano.a(lib_a-exit.o) (_global_impure_ptr)
c:/program files (x86)/cypress/psoc creator/4.0/psoc creator/import/gnu/arm/4.9.3/bin/../lib/gcc/arm-none-eabi/4.9.3/../../../../arm-none-eabi/lib/armv6-m\libg_nano.a(lib_a-init.o)
                              c:/program files (x86)/cypress/psoc creator/4.0/psoc creator/import/gnu/arm/4.9.3/bin/../lib/gcc/arm-none-eabi/4.9.3/../../../../arm-none-eabi/lib/armv6-m/crt0.o (__libc_init_array)
c:/program files (x86)/cypress/psoc creator/4.0/psoc creator/import/gnu/arm/4.9.3/bin/../lib/gcc/arm-none-eabi/4.9.3/../../../../arm-none-eabi/lib/armv6-m\libg_nano.a(lib_a-memcpy.o)
                              .\CortexM0\ARM_GCC_493\Debug\Sunrise Clock.a(cyfitter_cfg.o) (memcpy)
c:/program files (x86)/cypress/psoc creator/4.0/psoc creator/import/gnu/arm/4.9.3/bin/../lib/gcc/arm-none-eabi/4.9.3/../../../../arm-none-eabi/lib/armv6-m\libg_nano.a(lib_a-memset.o)
[...]
Memory Configuration

Name             Origin             Length             Attributes
rom              0x00000000         0x00008000         xr
ram              0x20000000         0x00001000         xrw
*default*        0x00000000         0xffffffff

Linker script and memory map

LOAD c:/program files (x86)/cypress/psoc creator/4.0/psoc creator/import/gnu/arm/4.9.3/bin/../lib/gcc/arm-none-eabi/4.9.3/armv6-m/crti.o
LOAD c:/program files (x86)/cypress/psoc creator/4.0/psoc creator/import/gnu/arm/4.9.3/bin/../lib/gcc/arm-none-eabi/4.9.3/armv6-m/crtbegin.o
LOAD c:/program files (x86)/cypress/psoc creator/4.0/psoc creator/import/gnu/arm/4.9.3/bin/../lib/gcc/arm-none-eabi/4.9.3/../../../../arm-none-eabi/lib/armv6-m/crt0.o
START GROUP
LOAD .\CortexM0\ARM_GCC_493\Debug\main.o
LOAD .\CortexM0\ARM_GCC_493\Debug\i2cClock.o
LOAD .\CortexM0\ARM_GCC_493\Debug\RTC.o
LOAD .\CortexM0\ARM_GCC_493\Debug\TimeFunctions.o
LOAD .\CortexM0\ARM_GCC_493\Debug\SerialPrint.o
LOAD .\CortexM0\ARM_GCC_493\Debug\cybootloader.o
LOAD .\CortexM0\ARM_GCC_493\Debug\cymetadata.o
LOAD .\CortexM0\ARM_GCC_493\Debug\Cm0Start.o
LOAD .\CortexM0\ARM_GCC_493\Debug\Sunrise Clock.a
LOAD C:\Program Files (x86)\Cypress\PSoC Creator\4.0\PSoC Creator\psoc\content\cycomponentlibrary\CyComponentLibrary.cylib\CortexM0\ARM_GCC_493\Debug\CyComponentLibrary.a
END GROUP
START GROUP
LOAD c:/program files (x86)/cypress/psoc creator/4.0/psoc creator/import/gnu/arm/4.9.3/bin/../lib/gcc/arm-none-eabi/4.9.3/armv6-m\libgcc.a
LOAD c:/program files (x86)/cypress/psoc creator/4.0/psoc creator/import/gnu/arm/4.9.3/bin/../lib/gcc/arm-none-eabi/4.9.3/../../../../arm-none-eabi/lib/armv6-m\libg_nano.a
LOAD c:/program files (x86)/cypress/psoc creator/4.0/psoc creator/import/gnu/arm/4.9.3/bin/../lib/gcc/arm-none-eabi/4.9.3/../../../../arm-none-eabi/lib/armv6-m\libc_nano.a
END GROUP
START GROUP
LOAD c:/program files (x86)/cypress/psoc creator/4.0/psoc creator/import/gnu/arm/4.9.3/bin/../lib/gcc/arm-none-eabi/4.9.3/armv6-m\libgcc.a
LOAD c:/program files (x86)/cypress/psoc creator/4.0/psoc creator/import/gnu/arm/4.9.3/bin/../lib/gcc/arm-none-eabi/4.9.3/../../../../arm-none-eabi/lib/armv6-m\libc_nano.a
END GROUP
LOAD c:/program files (x86)/cypress/psoc creator/4.0/psoc creator/import/gnu/arm/4.9.3/bin/../lib/gcc/arm-none-eabi/4.9.3/armv6-m/crtend.o
LOAD c:/program files (x86)/cypress/psoc creator/4.0/psoc creator/import/gnu/arm/4.9.3/bin/../lib/gcc/arm-none-eabi/4.9.3/armv6-m/crtn.o
START GROUP
LOAD c:/program files (x86)/cypress/psoc creator/4.0/psoc creator/import/gnu/arm/4.9.3/bin/../lib/gcc/arm-none-eabi/4.9.3/armv6-m\libgcc.a
LOAD c:/program files (x86)/cypress/psoc creator/4.0/psoc creator/import/gnu/arm/4.9.3/bin/../lib/gcc/arm-none-eabi/4.9.3/../../../../arm-none-eabi/lib/armv6-m\libc.a
LOAD c:/program files (x86)/cypress/psoc creator/4.0/psoc creator/import/gnu/arm/4.9.3/bin/../lib/gcc/arm-none-eabi/4.9.3/../../../../arm-none-eabi/lib/armv6-m\libnosys.a
END GROUP
                0x00000000                CY_APPL_ORIGIN = 0x0
                0x00000080                CY_FLASH_ROW_SIZE = 0x80
                0x00000001                CY_APPL_NUM = 0x1
                0x00000001                CY_APPL_MAX = 0x1
                0x00000040                CY_METADATA_SIZE = 0x40
                0x00000001                CY_APPL_LOADABLE = 0x1
                0x00000000                CY_CHECKSUM_EXCLUDE_SIZE = ALIGN (0x0, CY_FLASH_ROW_SIZE)
                0x00000000                CY_APP_FOR_STACK_AND_COPIER = 0x0
                0x200001b0                PROVIDE (__cy_heap_start, _end)
                0x00000001                PROVIDE (__cy_region_num, ((__cy_regions_end - __cy_regions) / 0x10))
                0x20001000                PROVIDE (__cy_stack, (ORIGIN (ram) + 0x1000))
                0x20000c00                PROVIDE (__cy_heap_end, (__cy_stack - 0x400))

.cybootloader   0x00000000     0x1400
 *(.cybootloader)
 .cybootloader  0x00000000     0x1400 .\CortexM0\ARM_GCC_493\Debug\cybootloader.o
                0x00000000                cy_bootloader
                0x00001400                appl1_start = CY_APPL_ORIGIN?CY_APPL_ORIGIN:ALIGN (CY_FLASH_ROW_SIZE)
                0x00004980                appl2_start = (appl1_start + ALIGN ((((0x8000 - appl1_start) - (0x2 * CY_FLASH_ROW_SIZE)) / 0x2), CY_FLASH_ROW_SIZE))
                0x00001400                appl_start = (CY_APPL_NUM == 0x1)?appl1_start:appl2_start
                0x00000000                cy_project_type_bootloader = (appl_start == 0x0)?0x1:0x0
                0x00000000                cy_project_type_app_for_stack_and_copier = (CY_APP_FOR_STACK_AND_COPIER == 0x1)?0x1:0x0

.text           0x00001400     0x2a3a
 CREATE_OBJECT_SYMBOLS
                0x00001400                PROVIDE (__cy_interrupt_vector, RomVectors)
 *(.romvectors)
 .romvectors    0x00001400       0x10 .\CortexM0\ARM_GCC_493\Debug\Cm0Start.o
                0x00001400                RomVectors
                0x00000001                ASSERT ((. != __cy_interrupt_vector), No interrupt vector)
                0x00000001                ASSERT (CY_APPL_ORIGIN?(SIZEOF (.cybootloader) <= CY_APPL_ORIGIN):0x1, Wrong image location)
                0x00001410                PROVIDE (__cy_reset, Reset)
 *(.text.Reset)
 .text.Reset    0x00001410       0x14 .\CortexM0\ARM_GCC_493\Debug\Cm0Start.o
                0x00001410                Reset
                0x00000001                ASSERT ((. != __cy_reset), No reset code)
 *(.psocinit)
 .psocinit      0x00001424      0x29c .\CortexM0\ARM_GCC_493\Debug\Sunrise Clock.a(cyfitter_cfg.o)
                0x000014b8                cyfitter_cfg
                0x000016c0                . = MAX (., 0x100)
 *(.text .text.* .gnu.linkonce.t.*)
 .text          0x000016c0       0x60 c:/program files (x86)/cypress/psoc creator/4.0/psoc creator/import/gnu/arm/4.9.3/bin/../lib/gcc/arm-none-eabi/4.9.3/armv6-m/crtbegin.o
 .text.main     0x00001720      0x32c .\CortexM0\ARM_GCC_493\Debug\main.o
                0x00001720                main
 .text.readReg  0x00001a4c       0x70 .\CortexM0\ARM_GCC_493\Debug\i2cClock.o
                0x00001a4c                readReg
 .text.writeReg
                0x00001abc       0x4c .\CortexM0\ARM_GCC_493\Debug\i2cClock.o
                0x00001abc                writeReg
 .text.getSec   0x00001b08       0x1c .\CortexM0\ARM_GCC_493\Debug\RTC.o
                0x00001b08                getSec
 .text.getMin   0x00001b24       0x1c .\CortexM0\ARM_GCC_493\Debug\RTC.o
                0x00001b24                getMin
 .text.getHours
                0x00001b40       0x28 .\CortexM0\ARM_GCC_493\Debug\RTC.o
                0x00001b40                getHours
 .text.getDay   0x00001b68       0x28 .\CortexM0\ARM_GCC_493\Debug\RTC.o
                0x00001b68                getDay
 .text.getWkDay
                0x00001b90       0x28 .\CortexM0\ARM_GCC_493\Debug\RTC.o
                0x00001b90                getWkDay
 .text.getMonth
                0x00001bb8       0x28 .\CortexM0\ARM_GCC_493\Debug\RTC.o
                0x00001bb8                getMonth
 .text.getYear  0x00001be0       0x28 .\CortexM0\ARM_GCC_493\Debug\RTC.o
                0x00001be0                getYear
 .text.getTime  0x00001c08       0x64 .\CortexM0\ARM_GCC_493\Debug\RTC.o
                0x00001c08                getTime
 .text.createAlarmTEST
                0x00001c6c       0x4c .\CortexM0\ARM_GCC_493\Debug\RTC.o
                0x00001c6c                createAlarmTEST
 .text.checkAlarm
                0x00001cb8      0x110 .\CortexM0\ARM_GCC_493\Debug\RTC.o
                0x00001cb8                checkAlarm
 .text.decodeSec
                0x00001dc8       0x70 .\CortexM0\ARM_GCC_493\Debug\TimeFunctions.o
                0x00001dc8                decodeSec
 .text.decodeMin
                0x00001e38       0x70 .\CortexM0\ARM_GCC_493\Debug\TimeFunctions.o
                0x00001e38                decodeMin
 .text.decodeHours24
                0x00001ea8       0x70 .\CortexM0\ARM_GCC_493\Debug\TimeFunctions.o
                0x00001ea8                decodeHours24
 .text.decodeWeekDay
                0x00001f18       0x34 .\CortexM0\ARM_GCC_493\Debug\TimeFunctions.o
                0x00001f18                decodeWeekDay
 .text.decodeMonth
                0x00001f4c       0x70 .\CortexM0\ARM_GCC_493\Debug\TimeFunctions.o
                0x00001f4c                decodeMonth
 .text.decodeYear
                0x00001fbc       0x70 .\CortexM0\ARM_GCC_493\Debug\TimeFunctions.o
                0x00001fbc                decodeYear
 .text.printlnNum
                0x0000202c       0x50 .\CortexM0\ARM_GCC_493\Debug\SerialPrint.o
                0x0000202c                printlnNum
 .text.IntDefaultHandler
                0x0000207c       0x14 .\CortexM0\ARM_GCC_493\Debug\Cm0Start.o
                0x0000207c                IntDefaultHandler
 .text._sbrk    0x00002090       0x50 .\CortexM0\ARM_GCC_493\Debug\Cm0Start.o
                0x00002090                _sbrk
 .text.Start_c  0x000020e0       0x98 .\CortexM0\ARM_GCC_493\Debug\Cm0Start.o
                0x000020e0                Start_c
 .text.initialize_psoc
                0x00002178       0x74 .\CortexM0\ARM_GCC_493\Debug\Cm0Start.o
                0x00002178                initialize_psoc
 .text.CYMEMZERO
                0x000021ec       0x20 .\CortexM0\ARM_GCC_493\Debug\Sunrise Clock.a(cyfitter_cfg.o)
 .text.CYCONFIGCPYCODE
                0x0000220c       0x24 .\CortexM0\ARM_GCC_493\Debug\Sunrise Clock.a(cyfitter_cfg.o)
 .text.cfg_write_bytes32
                0x00002230       0x80 .\CortexM0\ARM_GCC_493\Debug\Sunrise Clock.a(cyfitter_cfg.o)
 .text.AnalogSetDefault
                0x000022b0        0x8 .\CortexM0\ARM_GCC_493\Debug\Sunrise Clock.a(cyfitter_cfg.o)
 .text.CySysClkWriteImoFreq
                0x000022b8      0x1ec .\CortexM0\ARM_GCC_493\Debug\Sunrise Clock.a(CyLib.o)
                0x000022b8                CySysClkWriteImoFreq
 .text.CyIntSetVector
                0x000024a4       0x4c .\CortexM0\ARM_GCC_493\Debug\Sunrise Clock.a(CyLib.o)
                0x000024a4                CyIntSetVector
 .text.CyIntSetPriority
                0x000024f0       0xa8 .\CortexM0\ARM_GCC_493\Debug\Sunrise Clock.a(CyLib.o)
                0x000024f0                CyIntSetPriority
 .text.CyIntEnable
                0x00002598       0x28 .\CortexM0\ARM_GCC_493\Debug\Sunrise Clock.a(CyLib.o)
                0x00002598                CyIntEnable
 .text.CyIntDisable
                0x000025c0       0x28 .\CortexM0\ARM_GCC_493\Debug\Sunrise Clock.a(CyLib.o)
                0x000025c0                CyIntDisable
 .text.CyHalt   0x000025e8       0x14 .\CortexM0\ARM_GCC_493\Debug\Sunrise Clock.a(CyLib.o)
                0x000025e8                CyHalt
 .text.CyDelay  0x000025fc       0x48 .\CortexM0\ARM_GCC_493\Debug\Sunrise Clock.a(CyLib.o)
                0x000025fc                CyDelay
 .text.CyDelayUs
                0x00002644       0x28 .\CortexM0\ARM_GCC_493\Debug\Sunrise Clock.a(CyLib.o)
                0x00002644                CyDelayUs
 .text.I2C_Init
                0x0000266c        0xc .\CortexM0\ARM_GCC_493\Debug\Sunrise Clock.a(I2C.o)
                0x0000266c                I2C_Init
 .text.I2C_Enable
                0x00002678       0x24 .\CortexM0\ARM_GCC_493\Debug\Sunrise Clock.a(I2C.o)
                0x00002678                I2C_Enable
 .text.I2C_Start
                0x0000269c       0x24 .\CortexM0\ARM_GCC_493\Debug\Sunrise Clock.a(I2C.o)
                0x0000269c                I2C_Start
 .text.I2C_ScbEnableIntr
                0x000026c0       0x10 .\CortexM0\ARM_GCC_493\Debug\Sunrise Clock.a(I2C.o)
 .text.I2C_ScbModePostEnable
                0x000026d0        0x8 .\CortexM0\ARM_GCC_493\Debug\Sunrise Clock.a(I2C.o)
 .text.I2C_I2CInit
                0x000026d8       0xe8 .\CortexM0\ARM_GCC_493\Debug\Sunrise Clock.a(I2C_I2C.o)
                0x000026d8                I2C_I2CInit
 .text.I2C_I2CMasterWriteBuf
                0x000027c0      0x11c .\CortexM0\ARM_GCC_493\Debug\Sunrise Clock.a(I2C_I2C_MASTER.o)
                0x000027c0                I2C_I2CMasterWriteBuf
 .text.I2C_I2CMasterReadBuf
                0x000028dc      0x12c .\CortexM0\ARM_GCC_493\Debug\Sunrise Clock.a(I2C_I2C_MASTER.o)
                0x000028dc                I2C_I2CMasterReadBuf
 .text.I2C_I2CMasterStatus
                0x00002a08       0x44 .\CortexM0\ARM_GCC_493\Debug\Sunrise Clock.a(I2C_I2C_MASTER.o)
                0x00002a08                I2C_I2CMasterStatus
 .text.I2C_I2CReStartGeneration
                0x00002a4c       0xb0 .\CortexM0\ARM_GCC_493\Debug\Sunrise Clock.a(I2C_I2C_MASTER.o)
                0x00002a4c                I2C_I2CReStartGeneration
 .text.I2C_sda_Read
                0x00002afc       0x1c .\CortexM0\ARM_GCC_493\Debug\Sunrise Clock.a(I2C_sda.o)
                0x00002afc                I2C_sda_Read
 .text.I2C_scl_Write
                0x00002b18       0x4c .\CortexM0\ARM_GCC_493\Debug\Sunrise Clock.a(I2C_scl.o)
                0x00002b18                I2C_scl_Write
 .text.I2C_scl_Read
                0x00002b64       0x1c .\CortexM0\ARM_GCC_493\Debug\Sunrise Clock.a(I2C_scl.o)
                0x00002b64                I2C_scl_Read
 .text.UART_1_Init
                0x00002b80        0xc .\CortexM0\ARM_GCC_493\Debug\Sunrise Clock.a(UART_1.o)
                0x00002b80                UART_1_Init
 .text.UART_1_Enable
                0x00002b8c       0x24 .\CortexM0\ARM_GCC_493\Debug\Sunrise Clock.a(UART_1.o)
                0x00002b8c                UART_1_Enable
 .text.UART_1_Start
                0x00002bb0       0x24 .\CortexM0\ARM_GCC_493\Debug\Sunrise Clock.a(UART_1.o)
                0x00002bb0                UART_1_Start
 .text.UART_1_ScbEnableIntr
                0x00002bd4        0x8 .\CortexM0\ARM_GCC_493\Debug\Sunrise Clock.a(UART_1.o)
 .text.UART_1_ScbModePostEnable
                0x00002bdc        0xc .\CortexM0\ARM_GCC_493\Debug\Sunrise Clock.a(UART_1.o)
 .text.UART_1_UartInit
                0x00002be8       0xb4 .\CortexM0\ARM_GCC_493\Debug\Sunrise Clock.a(UART_1_UART.o)
                0x00002be8                UART_1_UartInit
 .text.UART_1_UartPostEnable
                0x00002c9c       0x2c .\CortexM0\ARM_GCC_493\Debug\Sunrise Clock.a(UART_1_UART.o)
                0x00002c9c                UART_1_UartPostEnable
 .text.UART_1_UartPutString
                0x00002cc8       0x34 .\CortexM0\ARM_GCC_493\Debug\Sunrise Clock.a(UART_1_UART.o)
                0x00002cc8                UART_1_UartPutString
 .text.Pin_2_Write
                0x00002cfc       0x4c .\CortexM0\ARM_GCC_493\Debug\Sunrise Clock.a(Pin_2.o)
                0x00002cfc                Pin_2_Write
 .text.Pin_3_Write
                0x00002d48       0x4c .\CortexM0\ARM_GCC_493\Debug\Sunrise Clock.a(Pin_3.o)
                0x00002d48                Pin_3_Write
 *fill*         0x00002d94        0x4 
 .text          0x00002d98       0x28 .\CortexM0\ARM_GCC_493\Debug\Sunrise Clock.a(CyBootAsmGnu.o)
                0x00002d98                CyDelayCycles
                0x00002dac                CyEnterCriticalSection
                0x00002db4                CyExitCriticalSection
 .text.I2C_I2C_ISR
                0x00002dc0      0x4d0 .\CortexM0\ARM_GCC_493\Debug\Sunrise Clock.a(I2C_I2C_INT.o)
                0x00002dc0                I2C_I2C_ISR
 .text.UART_1_SpiUartWriteTxData
                0x00003290       0x2c .\CortexM0\ARM_GCC_493\Debug\Sunrise Clock.a(UART_1_SPI_UART.o)
                0x00003290                UART_1_SpiUartWriteTxData
 .text          0x000032bc      0x120 c:/program files (x86)/cypress/psoc creator/4.0/psoc creator/import/gnu/arm/4.9.3/bin/../lib/gcc/arm-none-eabi/4.9.3/armv6-m\libgcc.a(_udivsi3.o)
                0x000032bc                __aeabi_uidiv
                0x000032bc                __udivsi3
                0x000033c8                __aeabi_uidivmod
 .text          0x000033dc      0x1e0 c:/program files (x86)/cypress/psoc creator/4.0/psoc creator/import/gnu/arm/4.9.3/bin/../lib/gcc/arm-none-eabi/4.9.3/armv6-m\libgcc.a(_divsi3.o)
                0x000033dc                __divsi3
                0x000033dc                __aeabi_idiv
                0x000035a8                __aeabi_idivmod
 .text          0x000035bc        0x4 c:/program files (x86)/cypress/psoc creator/4.0/psoc creator/import/gnu/arm/4.9.3/bin/../lib/gcc/arm-none-eabi/4.9.3/armv6-m\libgcc.a(_dvmd_tls.o)
                0x000035bc                __aeabi_idiv0
                0x000035bc                __aeabi_ldiv0
 .text.__errno  0x000035c0        0xc c:/program files (x86)/cypress/psoc creator/4.0/psoc creator/import/gnu/arm/4.9.3/bin/../lib/gcc/arm-none-eabi/4.9.3/../../../../arm-none-eabi/lib/armv6-m\libg_nano.a(lib_a-errno.o)
                0x000035c0                __errno
 .text.__libc_init_array
                0x000035cc       0x4c c:/program files (x86)/cypress/psoc creator/4.0/psoc creator/import/gnu/arm/4.9.3/bin/../lib/gcc/arm-none-eabi/4.9.3/../../../../arm-none-eabi/lib/armv6-m\libg_nano.a(lib_a-init.o)
                0x000035cc                __libc_init_array
 .text.memcpy   0x00003618       0x12 c:/program files (x86)/cypress/psoc creator/4.0/psoc creator/import/gnu/arm/4.9.3/bin/../lib/gcc/arm-none-eabi/4.9.3/../../../../arm-none-eabi/lib/armv6-m\libg_nano.a(lib_a-memcpy.o)
                0x00003618                memcpy
 .text.memset   0x0000362a       0x10 c:/program files (x86)/cypress/psoc creator/4.0/psoc creator/import/gnu/arm/4.9.3/bin/../lib/gcc/arm-none-eabi/4.9.3/../../../../arm-none-eabi/lib/armv6-m\libg_nano.a(lib_a-memset.o)
                0x0000362a                memset
 *fill*         0x0000363a        0x2 
 .text.sprintf  0x0000363c       0x44 c:/program files (x86)/cypress/psoc creator/4.0/psoc creator/import/gnu/arm/4.9.3/bin/../lib/gcc/arm-none-eabi/4.9.3/../../../../arm-none-eabi/lib/armv6-m\libg_nano.a(lib_a-sprintf.o)
                0x0000363c                siprintf
                0x0000363c                sprintf
 .text.__ssputs_r
                0x00003680       0xc0 c:/program files (x86)/cypress/psoc creator/4.0/psoc creator/import/gnu/arm/4.9.3/bin/../lib/gcc/arm-none-eabi/4.9.3/../../../../arm-none-eabi/lib/armv6-m\libg_nano.a(lib_a-nano-svfprintf.o)
                0x00003680                __ssputs_r
 .text._svfprintf_r
                0x00003740      0x1ec c:/program files (x86)/cypress/psoc creator/4.0/psoc creator/import/gnu/arm/4.9.3/bin/../lib/gcc/arm-none-eabi/4.9.3/../../../../arm-none-eabi/lib/armv6-m\libg_nano.a(lib_a-nano-svfprintf.o)
                0x00003740                _svfiprintf_r
                0x00003740                _svfprintf_r
 .text._printf_common
                0x0000392c       0xdc c:/program files (x86)/cypress/psoc creator/4.0/psoc creator/import/gnu/arm/4.9.3/bin/../lib/gcc/arm-none-eabi/4.9.3/../../../../arm-none-eabi/lib/armv6-m\libg_nano.a(lib_a-nano-vfprintf_i.o)
                0x0000392c                _printf_common
 .text._printf_i
                0x00003a08      0x230 c:/program files (x86)/cypress/psoc creator/4.0/psoc creator/import/gnu/arm/4.9.3/bin/../lib/gcc/arm-none-eabi/4.9.3/../../../../arm-none-eabi/lib/armv6-m\libg_nano.a(lib_a-nano-vfprintf_i.o)
                0x00003a08                _printf_i
 .text.memchr   0x00003c38       0x16 c:/program files (x86)/cypress/psoc creator/4.0/psoc creator/import/gnu/arm/4.9.3/bin/../lib/gcc/arm-none-eabi/4.9.3/../../../../arm-none-eabi/lib/armv6-m\libg_nano.a(lib_a-memchr.o)
                0x00003c38                memchr
 .text.memmove  0x00003c4e       0x28 c:/program files (x86)/cypress/psoc creator/4.0/psoc creator/import/gnu/arm/4.9.3/bin/../lib/gcc/arm-none-eabi/4.9.3/../../../../arm-none-eabi/lib/armv6-m\libg_nano.a(lib_a-memmove.o)
                0x00003c4e                memmove
 *fill*         0x00003c76        0x2 
 .text._free_r  0x00003c78       0x8c c:/program files (x86)/cypress/psoc creator/4.0/psoc creator/import/gnu/arm/4.9.3/bin/../lib/gcc/arm-none-eabi/4.9.3/../../../../arm-none-eabi/lib/armv6-m\libg_nano.a(lib_a-nano-freer.o)
                0x00003c78                _free_r
 .text._malloc_r
                0x00003d04       0xb0 c:/program files (x86)/cypress/psoc creator/4.0/psoc creator/import/gnu/arm/4.9.3/bin/../lib/gcc/arm-none-eabi/4.9.3/../../../../arm-none-eabi/lib/armv6-m\libg_nano.a(lib_a-nano-mallocr.o)
                0x00003d04                _malloc_r
 .text._realloc_r
                0x00003db4       0x4c c:/program files (x86)/cypress/psoc creator/4.0/psoc creator/import/gnu/arm/4.9.3/bin/../lib/gcc/arm-none-eabi/4.9.3/../../../../arm-none-eabi/lib/armv6-m\libg_nano.a(lib_a-nano-reallocr.o)
                0x00003db4                _realloc_r
 .text._sbrk_r  0x00003e00       0x24 c:/program files (x86)/cypress/psoc creator/4.0/psoc creator/import/gnu/arm/4.9.3/bin/../lib/gcc/arm-none-eabi/4.9.3/../../../../arm-none-eabi/lib/armv6-m\libg_nano.a(lib_a-sbrkr.o)
                0x00003e00                _sbrk_r
 .text._malloc_usable_size_r
                0x00003e24       0x16 c:/program files (x86)/cypress/psoc creator/4.0/psoc creator/import/gnu/arm/4.9.3/bin/../lib/gcc/arm-none-eabi/4.9.3/../../../../arm-none-eabi/lib/armv6-m\libg_nano.a(lib_a-nano-msizer.o)
                0x00003e24                _malloc_usable_size_r
 *(.plt)
 *(.gnu.warning)
 *(.glue_7t)
 .glue_7t       0x00000000        0x0 linker stubs
 *(.glue_7)
 .glue_7        0x00000000        0x0 linker stubs
 *(.vfp11_veneer)
 .vfp11_veneer  0x00000000        0x0 linker stubs
 *(.bootloader)
 *(.ARM.extab* .gnu.linkonce.armextab.*)
 *(.gcc_except_table)

.v4_bx          0x00003e3c        0x0
 .v4_bx         0x00000000        0x0 linker stubs

.iplt           0x00003e3c        0x0
 .iplt          0x00000000        0x0 c:/program files (x86)/cypress/psoc creator/4.0/psoc creator/import/gnu/arm/4.9.3/bin/../lib/gcc/arm-none-eabi/4.9.3/armv6-m/crtbegin.o

.eh_frame_hdr
 *(.eh_frame_hdr)

.eh_frame       0x00003e3c        0x4
 *(.eh_frame)
 .eh_frame      0x00003e3c        0x0 c:/program files (x86)/cypress/psoc creator/4.0/psoc creator/import/gnu/arm/4.9.3/bin/../lib/gcc/arm-none-eabi/4.9.3/armv6-m/crtbegin.o
 .eh_frame      0x00003e3c        0x4 c:/program files (x86)/cypress/psoc creator/4.0/psoc creator/import/gnu/arm/4.9.3/bin/../lib/gcc/arm-none-eabi/4.9.3/armv6-m/crtend.o
                0x00003e40                PROVIDE (__exidx_start, .)

.ARM.exidx
 *(.ARM.exidx* .gnu.linkonce.armexidx.*)
                0x00003e40                __exidx_end = .

.rodata         0x00003e40      0x360
 *(.rodata .rodata.* .gnu.linkonce.r.*)
 .rodata        0x00003e40       0xa0 .\CortexM0\ARM_GCC_493\Debug\main.o
 .rodata        0x00003ee0       0x10 .\CortexM0\ARM_GCC_493\Debug\SerialPrint.o
 .rodata        0x00003ef0      0x214 .\CortexM0\ARM_GCC_493\Debug\Sunrise Clock.a(cyfitter_cfg.o)
 .rodata        0x00004104       0x30 .\CortexM0\ARM_GCC_493\Debug\Sunrise Clock.a(CyLib.o)
                0x00004104                cyImoFreqMhz2Reg
 .rodata.str1.1
                0x00004134        0x2 c:/program files (x86)/cypress/psoc creator/4.0/psoc creator/import/gnu/arm/4.9.3/bin/../lib/gcc/arm-none-eabi/4.9.3/../../../../arm-none-eabi/lib/armv6-m\libg_nano.a(lib_a-impure.o)
 .rodata.str1.1
                0x00004136       0x11 c:/program files (x86)/cypress/psoc creator/4.0/psoc creator/import/gnu/arm/4.9.3/bin/../lib/gcc/arm-none-eabi/4.9.3/../../../../arm-none-eabi/lib/armv6-m\libg_nano.a(lib_a-nano-svfprintf.o)
 .rodata.str1.1
                0x00004147       0x22 c:/program files (x86)/cypress/psoc creator/4.0/psoc creator/import/gnu/arm/4.9.3/bin/../lib/gcc/arm-none-eabi/4.9.3/../../../../arm-none-eabi/lib/armv6-m\libg_nano.a(lib_a-nano-vfprintf_i.o)
                0x0000416c                . = ALIGN (0x4)
 *fill*         0x00004169        0x3 
 *(.init)
 .init          0x0000416c        0x4 c:/program files (x86)/cypress/psoc creator/4.0/psoc creator/import/gnu/arm/4.9.3/bin/../lib/gcc/arm-none-eabi/4.9.3/armv6-m/crti.o
                0x0000416c                _init
 .init          0x00004170        0x8 c:/program files (x86)/cypress/psoc creator/4.0/psoc creator/import/gnu/arm/4.9.3/bin/../lib/gcc/arm-none-eabi/4.9.3/armv6-m/crtn.o
                0x00004178                . = ALIGN (0x4)
                0x00004178                __preinit_array_start = .
 *(.preinit_array)
                0x00004178                __preinit_array_end = .
                0x00004178                . = ALIGN (0x4)
                0x00004178                __init_array_start = .
 *(SORT(.init_array.*))
 *(.init_array)
 .init_array    0x00004178        0x4 c:/program files (x86)/cypress/psoc creator/4.0/psoc creator/import/gnu/arm/4.9.3/bin/../lib/gcc/arm-none-eabi/4.9.3/armv6-m/crtbegin.o
 .init_array    0x0000417c        0x4 .\CortexM0\ARM_GCC_493\Debug\Cm0Start.o
                0x00004180                __init_array_end = .
                0x00004180                . = ALIGN (0x4)
 *(.fini)
 .fini          0x00004180        0x4 c:/program files (x86)/cypress/psoc creator/4.0/psoc creator/import/gnu/arm/4.9.3/bin/../lib/gcc/arm-none-eabi/4.9.3/armv6-m/crti.o
                0x00004180                _fini
 .fini          0x00004184        0x8 c:/program files (x86)/cypress/psoc creator/4.0/psoc creator/import/gnu/arm/4.9.3/bin/../lib/gcc/arm-none-eabi/4.9.3/armv6-m/crtn.o
                0x0000418c                . = ALIGN (0x4)
                0x0000418c                __fini_array_start = .
 *(.fini_array)
 .fini_array    0x0000418c        0x4 c:/program files (x86)/cypress/psoc creator/4.0/psoc creator/import/gnu/arm/4.9.3/bin/../lib/gcc/arm-none-eabi/4.9.3/armv6-m/crtbegin.o
 *(SORT(.fini_array.*))
                0x00004190                __fini_array_end = .
                0x00004190                . = ALIGN (0x4)
 *crtbegin.o(.ctors)
 *(EXCLUDE_FILE(*crtend.o) .ctors)
 *(SORT(.ctors.*))
 *crtend.o(.ctors)
                0x00004190                . = ALIGN (0x4)
 *crtbegin.o(.dtors)
 *(EXCLUDE_FILE(*crtend.o) .dtors)
 *(SORT(.dtors.*))
 *crtend.o(.dtors)
                0x00004190                . = ALIGN (0x4)
                0x00004190                __cy_regions = .
                0x00004190        0x4 LONG 0x41a0 __cy_region_init_ram
                0x00004194        0x4 LONG 0x200000d0 __cy_region_start_data
                0x00004198        0x4 LONG 0x80 __cy_region_init_size_ram
                0x0000419c        0x4 LONG 0x60 __cy_region_zero_size_ram
                0x000041a0                __cy_regions_end = .
                0x000041a0                . = ALIGN (0x8)
                0x000041a0                _etext = .

.ramvectors     0x20000000       0xc0
                0x20000000                __cy_region_start_ram = .
 *(.ramvectors)
 .ramvectors    0x20000000       0xc0 .\CortexM0\ARM_GCC_493\Debug\Cm0Start.o
                0x20000000                CyRamVectors

.btldr_run      0x200000c0        0x4
 *(.bootloaderruntype)
 .bootloaderruntype
                0x200000c0        0x4 .\CortexM0\ARM_GCC_493\Debug\Cm0Start.o
                0x200000c0                cyBtldrRunType

.noinit         0x200000c8        0x4
 *(.noinit)
 .noinit        0x200000c8        0x4 .\CortexM0\ARM_GCC_493\Debug\Cm0Start.o

.data           0x200000d0       0x80 load address 0x000041a0
                0x200000d0                __cy_region_start_data = .
 *(.jcr)
 .jcr           0x200000d0        0x0 c:/program files (x86)/cypress/psoc creator/4.0/psoc creator/import/gnu/arm/4.9.3/bin/../lib/gcc/arm-none-eabi/4.9.3/armv6-m/crtbegin.o
 .jcr           0x200000d0        0x4 c:/program files (x86)/cypress/psoc creator/4.0/psoc creator/import/gnu/arm/4.9.3/bin/../lib/gcc/arm-none-eabi/4.9.3/armv6-m/crtend.o
 *(.got.plt)
 *(.got)
 *(.shdata)
 *(.data .data.* .gnu.linkonce.d.*)
 .data          0x200000d4        0x4 .\CortexM0\ARM_GCC_493\Debug\Cm0Start.o
 .data          0x200000d8       0x14 .\CortexM0\ARM_GCC_493\Debug\Sunrise Clock.a(CyLib.o)
                0x200000d8                cydelayFreqHz
                0x200000dc                cydelayFreqKhz
                0x200000e0                cydelayFreqMhz
                0x200000e4                cydelay32kMs
                0x200000e8                CySysClkPumpConfig
 .data.impure_data
                0x200000ec       0x60 c:/program files (x86)/cypress/psoc creator/4.0/psoc creator/import/gnu/arm/4.9.3/bin/../lib/gcc/arm-none-eabi/4.9.3/../../../../arm-none-eabi/lib/armv6-m\libg_nano.a(lib_a-impure.o)
 .data._impure_ptr
                0x2000014c        0x4 c:/program files (x86)/cypress/psoc creator/4.0/psoc creator/import/gnu/arm/4.9.3/bin/../lib/gcc/arm-none-eabi/4.9.3/../../../../arm-none-eabi/lib/armv6-m\libg_nano.a(lib_a-impure.o)
                0x2000014c                _impure_ptr
                0x20000150                . = ALIGN (0x8)
 *(.ram)
                0x20000150                _edata = .

.igot.plt       0x20000150        0x0 load address 0x00004220
 .igot.plt      0x00000000        0x0 c:/program files (x86)/cypress/psoc creator/4.0/psoc creator/import/gnu/arm/4.9.3/bin/../lib/gcc/arm-none-eabi/4.9.3/armv6-m/crtbegin.o

.bss            0x20000150       0x60 load address 0x00004220
                0x20000150                PROVIDE (__bss_start__, .)
 *(.shbss)
 *(.bss .bss.* .gnu.linkonce.b.*)
 .bss           0x20000150       0x1c c:/program files (x86)/cypress/psoc creator/4.0/psoc creator/import/gnu/arm/4.9.3/bin/../lib/gcc/arm-none-eabi/4.9.3/armv6-m/crtbegin.o
 .bss           0x2000016c        0x8 .\CortexM0\ARM_GCC_493\Debug\Sunrise Clock.a(I2C.o)
                0x2000016c                I2C_initVar
                0x20000170                I2C_customIntrHandler
 .bss           0x20000174        0x4 .\CortexM0\ARM_GCC_493\Debug\Sunrise Clock.a(UART_1.o)
                0x20000174                UART_1_initVar
                0x20000176                UART_1_IntrTxMask
 .bss.__malloc_sbrk_start
                0x20000178        0x4 c:/program files (x86)/cypress/psoc creator/4.0/psoc creator/import/gnu/arm/4.9.3/bin/../lib/gcc/arm-none-eabi/4.9.3/../../../../arm-none-eabi/lib/armv6-m\libg_nano.a(lib_a-nano-mallocr.o)
                0x20000178                __malloc_sbrk_start
 .bss.__malloc_free_list
                0x2000017c        0x4 c:/program files (x86)/cypress/psoc creator/4.0/psoc creator/import/gnu/arm/4.9.3/bin/../lib/gcc/arm-none-eabi/4.9.3/../../../../arm-none-eabi/lib/armv6-m\libg_nano.a(lib_a-nano-mallocr.o)
                0x2000017c                __malloc_free_list
 *(COMMON)
 COMMON         0x20000180        0x1 .\CortexM0\ARM_GCC_493\Debug\Sunrise Clock.a(I2C_I2C.o)
                0x20000180                I2C_state
 *fill*         0x20000181        0x3 
 COMMON         0x20000184       0x24 .\CortexM0\ARM_GCC_493\Debug\Sunrise Clock.a(I2C_I2C_MASTER.o)
                0x20000184                I2C_mstrWrBufIndexTmp
                0x20000188                I2C_mstrWrBufIndex
                0x2000018c                I2C_mstrWrBufSize
                0x20000190                I2C_mstrStatus
                0x20000194                I2C_mstrRdBufPtr
                0x20000198                I2C_mstrControl
                0x2000019c                I2C_mstrRdBufSize
                0x200001a0                I2C_mstrRdBufIndex
                0x200001a4                I2C_mstrWrBufPtr
 COMMON         0x200001a8        0x4 c:/program files (x86)/cypress/psoc creator/4.0/psoc creator/import/gnu/arm/4.9.3/bin/../lib/gcc/arm-none-eabi/4.9.3/../../../../arm-none-eabi/lib/armv6-m\libg_nano.a(lib_a-reent.o)
                0x200001a8                errno
                0x200001b0                . = ALIGN (0x8)
 *fill*         0x200001ac        0x4 
 *(.ram.b)
                0x200001b0                _end = .
                0x200001b0                __end = .
                0x200001b0                PROVIDE (end, .)
                0x200001b0                PROVIDE (__bss_end__, .)
                0x000041a0                __cy_region_init_ram = LOADADDR (.data)
                0x00000080                __cy_region_init_size_ram = (_edata - ADDR (.data))
                0x00000060                __cy_region_zero_size_ram = (_end - _edata)

.heap           0x200001b0       0x80 load address 0x00004220
                0x200001b0                . = _end
                0x20000230                . = (. + 0x80)
 *fill*         0x200001b0       0x80 
                0x20000230                __cy_heap_limit = .

.stack          0x20000c00      0x400
                0x20000c00                __cy_stack_limit = .
                0x20001000                . = (. + 0x400)
 *fill*         0x20000c00      0x400 
                0x00000001                ASSERT ((__cy_stack_limit >= __cy_heap_limit), region RAM overflowed with stack)

.cy_checksum_exclude
                0x00007f80        0x0
 *(.cy_checksum_exclude)
                0x00000000                cy_checksum_exclude_size = (CY_APPL_LOADABLE == 0x1)?SIZEOF (.cy_checksum_exclude):0x0
                0x00000001                ASSERT ((cy_checksum_exclude_size <= CY_CHECKSUM_EXCLUDE_SIZE), CY_BOOT: Section .cy_checksum_exclude size exceedes specified limit.)
                0xf0000000                cyloadermeta_start = (cy_project_type_bootloader || cy_project_type_app_for_stack_and_copier)?(0x8000 - CY_METADATA_SIZE):0xf0000000

.cyloadermeta   0xf0000000       0x40
 *(.cyloadermeta)
 .cyloadermeta  0xf0000000       0x40 .\CortexM0\ARM_GCC_493\Debug\cybootloader.o
                0xf0000000                cy_meta_loader
                0x00007fc0                cyloadablemeta_start = cy_project_type_app_for_stack_and_copier?((0x8000 - CY_FLASH_ROW_SIZE) - CY_METADATA_SIZE):((0x8000 - (CY_FLASH_ROW_SIZE * (CY_APPL_NUM - 0x1))) - CY_METADATA_SIZE)

.cyloadablemeta
                0x00007fc0       0x40
 *(.cyloadablemeta)
 .cyloadablemeta
                0x00007fc0       0x40 .\CortexM0\ARM_GCC_493\Debug\cymetadata.o
                0x00007fc0                cy_meta_loadable

.cyflashprotect
                0x90400000       0x20
 *(.cyflashprotect)
 .cyflashprotect
                0x90400000       0x20 .\CortexM0\ARM_GCC_493\Debug\cybootloader.o
                0x90400000                cy_meta_flashprotect

.cymeta         0x90500000        0xc
 *(.cymeta)
 .cymeta        0x90500000        0xc .\CortexM0\ARM_GCC_493\Debug\cybootloader.o
                0x90500000                cy_metadata

.cychipprotect  0x90600000        0x4
 *(.cychipprotect)
 .cychipprotect
                0x90600000        0x4 .\CortexM0\ARM_GCC_493\Debug\cybootloader.o
                0x90600000                cy_meta_chipprotect

.rel.dyn        0x00008000        0x0 load address 0x90600004
 .rel.iplt      0x00000000        0x0 c:/program files (x86)/cypress/psoc creator/4.0/psoc creator/import/gnu/arm/4.9.3/bin/../lib/gcc/arm-none-eabi/4.9.3/armv6-m/crtbegin.o

.stab
 *(.stab)

.stabstr
 *(.stabstr)

.debug
 *(.debug)

.line
 *(.line)

.debug_srcinfo
 *(.debug_srcinfo)

.debug_sfnames
 *(.debug_sfnames)

.debug_aranges  0x00000000      0x7c0
 *(.debug_aranges)
 .debug_aranges
                0x00000000       0x20 .\CortexM0\ARM_GCC_493\Debug\main.o
 .debug_aranges
                0x00000020       0x30 .\CortexM0\ARM_GCC_493\Debug\i2cClock.o
 .debug_aranges
                0x00000050       0xc8 .\CortexM0\ARM_GCC_493\Debug\RTC.o
 .debug_aranges
                0x00000118       0x90 .\CortexM0\ARM_GCC_493\Debug\TimeFunctions.o
 .debug_aranges
                0x000001a8       0x28 .\CortexM0\ARM_GCC_493\Debug\SerialPrint.o
 .debug_aranges
                0x000001d0       0x18 .\CortexM0\ARM_GCC_493\Debug\cybootloader.o
 .debug_aranges
                0x000001e8       0x18 .\CortexM0\ARM_GCC_493\Debug\cymetadata.o
 .debug_aranges
                0x00000200       0x48 .\CortexM0\ARM_GCC_493\Debug\Cm0Start.o
 .debug_aranges
                0x00000248       0x50 .\CortexM0\ARM_GCC_493\Debug\Sunrise Clock.a(cyfitter_cfg.o)
 .debug_aranges
                0x00000298      0x180 .\CortexM0\ARM_GCC_493\Debug\Sunrise Clock.a(CyLib.o)
 .debug_aranges
                0x00000418       0x70 .\CortexM0\ARM_GCC_493\Debug\Sunrise Clock.a(I2C.o)
 .debug_aranges
                0x00000488       0x28 .\CortexM0\ARM_GCC_493\Debug\Sunrise Clock.a(I2C_I2C.o)
 .debug_aranges
                0x000004b0       0x88 .\CortexM0\ARM_GCC_493\Debug\Sunrise Clock.a(I2C_I2C_MASTER.o)
 .debug_aranges
                0x00000538       0x48 .\CortexM0\ARM_GCC_493\Debug\Sunrise Clock.a(I2C_sda.o)
 .debug_aranges
                0x00000580       0x48 .\CortexM0\ARM_GCC_493\Debug\Sunrise Clock.a(I2C_scl.o)
 .debug_aranges
                0x000005c8       0x68 .\CortexM0\ARM_GCC_493\Debug\Sunrise Clock.a(UART_1.o)
 .debug_aranges
                0x00000630       0x60 .\CortexM0\ARM_GCC_493\Debug\Sunrise Clock.a(UART_1_UART.o)
 .debug_aranges
                0x00000690       0x48 .\CortexM0\ARM_GCC_493\Debug\Sunrise Clock.a(Pin_2.o)
 .debug_aranges
                0x000006d8       0x48 .\CortexM0\ARM_GCC_493\Debug\Sunrise Clock.a(Pin_3.o)
 .debug_aranges
                0x00000720       0x20 .\CortexM0\ARM_GCC_493\Debug\Sunrise Clock.a(CyBootAsmGnu.o)
 .debug_aranges
                0x00000740       0x20 .\CortexM0\ARM_GCC_493\Debug\Sunrise Clock.a(I2C_I2C_INT.o)
 .debug_aranges
                0x00000760       0x60 .\CortexM0\ARM_GCC_493\Debug\Sunrise Clock.a(UART_1_SPI_UART.o)

.debug_pubnames
 *(.debug_pubnames)

.debug_info     0x00000000     0x3788
 *(.debug_info .gnu.linkonce.wi.*)
 .debug_info    0x00000000      0x1fa .\CortexM0\ARM_GCC_493\Debug\main.o
 .debug_info    0x000001fa      0x1b2 .\CortexM0\ARM_GCC_493\Debug\i2cClock.o
 .debug_info    0x000003ac      0x4da .\CortexM0\ARM_GCC_493\Debug\RTC.o
 .debug_info    0x00000886      0x550 .\CortexM0\ARM_GCC_493\Debug\TimeFunctions.o
 .debug_info    0x00000dd6      0x15c .\CortexM0\ARM_GCC_493\Debug\SerialPrint.o
 .debug_info    0x00000f32      0x14e .\CortexM0\ARM_GCC_493\Debug\cybootloader.o
 .debug_info    0x00001080       0xb2 .\CortexM0\ARM_GCC_493\Debug\cymetadata.o
 .debug_info    0x00001132      0x311 .\CortexM0\ARM_GCC_493\Debug\Cm0Start.o
 .debug_info    0x00001443      0x435 .\CortexM0\ARM_GCC_493\Debug\Sunrise Clock.a(cyfitter_cfg.o)
 .debug_info    0x00001878      0x8e3 .\CortexM0\ARM_GCC_493\Debug\Sunrise Clock.a(CyLib.o)
 .debug_info    0x0000215b      0x1f6 .\CortexM0\ARM_GCC_493\Debug\Sunrise Clock.a(I2C.o)
 .debug_info    0x00002351      0x11c .\CortexM0\ARM_GCC_493\Debug\Sunrise Clock.a(I2C_I2C.o)
 .debug_info    0x0000246d      0x469 .\CortexM0\ARM_GCC_493\Debug\Sunrise Clock.a(I2C_I2C_MASTER.o)
 .debug_info    0x000028d6      0x19a .\CortexM0\ARM_GCC_493\Debug\Sunrise Clock.a(I2C_sda.o)
 .debug_info    0x00002a70      0x19a .\CortexM0\ARM_GCC_493\Debug\Sunrise Clock.a(I2C_scl.o)
 .debug_info    0x00002c0a      0x1d5 .\CortexM0\ARM_GCC_493\Debug\Sunrise Clock.a(UART_1.o)
 .debug_info    0x00002ddf      0x230 .\CortexM0\ARM_GCC_493\Debug\Sunrise Clock.a(UART_1_UART.o)
 .debug_info    0x0000300f      0x19a .\CortexM0\ARM_GCC_493\Debug\Sunrise Clock.a(Pin_2.o)
 .debug_info    0x000031a9      0x19a .\CortexM0\ARM_GCC_493\Debug\Sunrise Clock.a(Pin_3.o)
 .debug_info    0x00003343       0xa9 .\CortexM0\ARM_GCC_493\Debug\Sunrise Clock.a(CyBootAsmGnu.o)
 .debug_info    0x000033ec      0x18b .\CortexM0\ARM_GCC_493\Debug\Sunrise Clock.a(I2C_I2C_INT.o)
 .debug_info    0x00003577      0x211 .\CortexM0\ARM_GCC_493\Debug\Sunrise Clock.a(UART_1_SPI_UART.o)

.debug_abbrev   0x00000000     0x1319
 *(.debug_abbrev)
 .debug_abbrev  0x00000000       0xd4 .\CortexM0\ARM_GCC_493\Debug\main.o
 .debug_abbrev  0x000000d4       0xd4 .\CortexM0\ARM_GCC_493\Debug\i2cClock.o
 .debug_abbrev  0x000001a8      0x132 .\CortexM0\ARM_GCC_493\Debug\RTC.o
 .debug_abbrev  0x000002da       0xa7 .\CortexM0\ARM_GCC_493\Debug\TimeFunctions.o
 .debug_abbrev  0x00000381       0x88 .\CortexM0\ARM_GCC_493\Debug\SerialPrint.o
 .debug_abbrev  0x00000409       0x77 .\CortexM0\ARM_GCC_493\Debug\cybootloader.o
 .debug_abbrev  0x00000480       0x5d .\CortexM0\ARM_GCC_493\Debug\cymetadata.o
 .debug_abbrev  0x000004dd      0x1b6 .\CortexM0\ARM_GCC_493\Debug\Cm0Start.o
 .debug_abbrev  0x00000693      0x1a4 .\CortexM0\ARM_GCC_493\Debug\Sunrise Clock.a(cyfitter_cfg.o)
 .debug_abbrev  0x00000837      0x1a7 .\CortexM0\ARM_GCC_493\Debug\Sunrise Clock.a(CyLib.o)
 .debug_abbrev  0x000009de       0xf3 .\CortexM0\ARM_GCC_493\Debug\Sunrise Clock.a(I2C.o)
 .debug_abbrev  0x00000ad1       0x90 .\CortexM0\ARM_GCC_493\Debug\Sunrise Clock.a(I2C_I2C.o)
 .debug_abbrev  0x00000b61      0x154 .\CortexM0\ARM_GCC_493\Debug\Sunrise Clock.a(I2C_I2C_MASTER.o)
 .debug_abbrev  0x00000cb5       0xaa .\CortexM0\ARM_GCC_493\Debug\Sunrise Clock.a(I2C_sda.o)
 .debug_abbrev  0x00000d5f       0xaa .\CortexM0\ARM_GCC_493\Debug\Sunrise Clock.a(I2C_scl.o)
 .debug_abbrev  0x00000e09       0xe3 .\CortexM0\ARM_GCC_493\Debug\Sunrise Clock.a(UART_1.o)
 .debug_abbrev  0x00000eec       0xfd .\CortexM0\ARM_GCC_493\Debug\Sunrise Clock.a(UART_1_UART.o)
 .debug_abbrev  0x00000fe9       0xaa .\CortexM0\ARM_GCC_493\Debug\Sunrise Clock.a(Pin_2.o)
 .debug_abbrev  0x00001093       0xaa .\CortexM0\ARM_GCC_493\Debug\Sunrise Clock.a(Pin_3.o)
 .debug_abbrev  0x0000113d       0x14 .\CortexM0\ARM_GCC_493\Debug\Sunrise Clock.a(CyBootAsmGnu.o)
 .debug_abbrev  0x00001151       0x88 .\CortexM0\ARM_GCC_493\Debug\Sunrise Clock.a(I2C_I2C_INT.o)
 .debug_abbrev  0x000011d9      0x140 .\CortexM0\ARM_GCC_493\Debug\Sunrise Clock.a(UART_1_SPI_UART.o)

.debug_line     0x00000000     0x1c43
 *(.debug_line)
 .debug_line    0x00000000      0x198 .\CortexM0\ARM_GCC_493\Debug\main.o
 .debug_line    0x00000198       0xc0 .\CortexM0\ARM_GCC_493\Debug\i2cClock.o
 .debug_line    0x00000258      0x243 .\CortexM0\ARM_GCC_493\Debug\RTC.o
 .debug_line    0x0000049b      0x193 .\CortexM0\ARM_GCC_493\Debug\TimeFunctions.o
 .debug_line    0x0000062e       0x78 .\CortexM0\ARM_GCC_493\Debug\SerialPrint.o
 .debug_line    0x000006a6       0x53 .\CortexM0\ARM_GCC_493\Debug\cybootloader.o
 .debug_line    0x000006f9       0x51 .\CortexM0\ARM_GCC_493\Debug\cymetadata.o
 .debug_line    0x0000074a      0x1d0 .\CortexM0\ARM_GCC_493\Debug\Cm0Start.o
 .debug_line    0x0000091a      0x1c1 .\CortexM0\ARM_GCC_493\Debug\Sunrise Clock.a(cyfitter_cfg.o)
 .debug_line    0x00000adb      0x476 .\CortexM0\ARM_GCC_493\Debug\Sunrise Clock.a(CyLib.o)
 .debug_line    0x00000f51      0x13b .\CortexM0\ARM_GCC_493\Debug\Sunrise Clock.a(I2C.o)
 .debug_line    0x0000108c       0x99 .\CortexM0\ARM_GCC_493\Debug\Sunrise Clock.a(I2C_I2C.o)
 .debug_line    0x00001125      0x2a2 .\CortexM0\ARM_GCC_493\Debug\Sunrise Clock.a(I2C_I2C_MASTER.o)
 .debug_line    0x000013c7       0xbf .\CortexM0\ARM_GCC_493\Debug\Sunrise Clock.a(I2C_sda.o)
 .debug_line    0x00001486       0xbf .\CortexM0\ARM_GCC_493\Debug\Sunrise Clock.a(I2C_scl.o)
 .debug_line    0x00001545      0x126 .\CortexM0\ARM_GCC_493\Debug\Sunrise Clock.a(UART_1.o)
 .debug_line    0x0000166b      0x13f .\CortexM0\ARM_GCC_493\Debug\Sunrise Clock.a(UART_1_UART.o)
 .debug_line    0x000017aa       0xbd .\CortexM0\ARM_GCC_493\Debug\Sunrise Clock.a(Pin_2.o)
 .debug_line    0x00001867       0xbd .\CortexM0\ARM_GCC_493\Debug\Sunrise Clock.a(Pin_3.o)
 .debug_line    0x00001924       0x69 .\CortexM0\ARM_GCC_493\Debug\Sunrise Clock.a(CyBootAsmGnu.o)
 .debug_line    0x0000198d      0x191 .\CortexM0\ARM_GCC_493\Debug\Sunrise Clock.a(I2C_I2C_INT.o)
 .debug_line    0x00001b1e      0x125 .\CortexM0\ARM_GCC_493\Debug\Sunrise Clock.a(UART_1_SPI_UART.o)

.debug_frame    0x00000000     0x1adc
 *(.debug_frame)
 .debug_frame   0x00000000       0x3c .\CortexM0\ARM_GCC_493\Debug\main.o
 .debug_frame   0x0000003c       0x78 .\CortexM0\ARM_GCC_493\Debug\i2cClock.o
 .debug_frame   0x000000b4      0x2fc .\CortexM0\ARM_GCC_493\Debug\RTC.o
 .debug_frame   0x000003b0      0x208 .\CortexM0\ARM_GCC_493\Debug\TimeFunctions.o
 .debug_frame   0x000005b8       0x50 .\CortexM0\ARM_GCC_493\Debug\SerialPrint.o
 .debug_frame   0x00000608       0xc8 .\CortexM0\ARM_GCC_493\Debug\Cm0Start.o
 .debug_frame   0x000006d0       0xe8 .\CortexM0\ARM_GCC_493\Debug\Sunrise Clock.a(cyfitter_cfg.o)
 .debug_frame   0x000007b8      0x588 .\CortexM0\ARM_GCC_493\Debug\Sunrise Clock.a(CyLib.o)
 .debug_frame   0x00000d40      0x150 .\CortexM0\ARM_GCC_493\Debug\Sunrise Clock.a(I2C.o)
 .debug_frame   0x00000e90       0x48 .\CortexM0\ARM_GCC_493\Debug\Sunrise Clock.a(I2C_I2C.o)
 .debug_frame   0x00000ed8      0x1c0 .\CortexM0\ARM_GCC_493\Debug\Sunrise Clock.a(I2C_I2C_MASTER.o)
 .debug_frame   0x00001098       0xc8 .\CortexM0\ARM_GCC_493\Debug\Sunrise Clock.a(I2C_sda.o)
 .debug_frame   0x00001160       0xc8 .\CortexM0\ARM_GCC_493\Debug\Sunrise Clock.a(I2C_scl.o)
 .debug_frame   0x00001228      0x130 .\CortexM0\ARM_GCC_493\Debug\Sunrise Clock.a(UART_1.o)
 .debug_frame   0x00001358      0x124 .\CortexM0\ARM_GCC_493\Debug\Sunrise Clock.a(UART_1_UART.o)
 .debug_frame   0x0000147c       0xc8 .\CortexM0\ARM_GCC_493\Debug\Sunrise Clock.a(Pin_2.o)
 .debug_frame   0x00001544       0xc8 .\CortexM0\ARM_GCC_493\Debug\Sunrise Clock.a(Pin_3.o)
 .debug_frame   0x0000160c       0x30 .\CortexM0\ARM_GCC_493\Debug\Sunrise Clock.a(I2C_I2C_INT.o)
 .debug_frame   0x0000163c      0x128 .\CortexM0\ARM_GCC_493\Debug\Sunrise Clock.a(UART_1_SPI_UART.o)
 .debug_frame   0x00001764       0x20 c:/program files (x86)/cypress/psoc creator/4.0/psoc creator/import/gnu/arm/4.9.3/bin/../lib/gcc/arm-none-eabi/4.9.3/armv6-m\libgcc.a(_udivsi3.o)
 .debug_frame   0x00001784       0x20 c:/program files (x86)/cypress/psoc creator/4.0/psoc creator/import/gnu/arm/4.9.3/bin/../lib/gcc/arm-none-eabi/4.9.3/armv6-m\libgcc.a(_divsi3.o)
 .debug_frame   0x000017a4       0x20 c:/program files (x86)/cypress/psoc creator/4.0/psoc creator/import/gnu/arm/4.9.3/bin/../lib/gcc/arm-none-eabi/4.9.3/../../../../arm-none-eabi/lib/armv6-m\libg_nano.a(lib_a-errno.o)
 .debug_frame   0x000017c4       0x28 c:/program files (x86)/cypress/psoc creator/4.0/psoc creator/import/gnu/arm/4.9.3/bin/../lib/gcc/arm-none-eabi/4.9.3/../../../../arm-none-eabi/lib/armv6-m\libg_nano.a(lib_a-exit.o)
 .debug_frame   0x000017ec       0x2c c:/program files (x86)/cypress/psoc creator/4.0/psoc creator/import/gnu/arm/4.9.3/bin/../lib/gcc/arm-none-eabi/4.9.3/../../../../arm-none-eabi/lib/armv6-m\libg_nano.a(lib_a-init.o)
 .debug_frame   0x00001818       0x28 c:/program files (x86)/cypress/psoc creator/4.0/psoc creator/import/gnu/arm/4.9.3/bin/../lib/gcc/arm-none-eabi/4.9.3/../../../../arm-none-eabi/lib/armv6-m\libg_nano.a(lib_a-memcpy.o)
 .debug_frame   0x00001840       0x20 c:/program files (x86)/cypress/psoc creator/4.0/psoc creator/import/gnu/arm/4.9.3/bin/../lib/gcc/arm-none-eabi/4.9.3/../../../../arm-none-eabi/lib/armv6-m\libg_nano.a(lib_a-memset.o)
 .debug_frame   0x00001860       0x50 c:/program files (x86)/cypress/psoc creator/4.0/psoc creator/import/gnu/arm/4.9.3/bin/../lib/gcc/arm-none-eabi/4.9.3/../../../../arm-none-eabi/lib/armv6-m\libg_nano.a(lib_a-sprintf.o)
 .debug_frame   0x000018b0       0x74 c:/program files (x86)/cypress/psoc creator/4.0/psoc creator/import/gnu/arm/4.9.3/bin/../lib/gcc/arm-none-eabi/4.9.3/../../../../arm-none-eabi/lib/armv6-m\libg_nano.a(lib_a-nano-svfprintf.o)
 .debug_frame   0x00001924       0x54 c:/program files (x86)/cypress/psoc creator/4.0/psoc creator/import/gnu/arm/4.9.3/bin/../lib/gcc/arm-none-eabi/4.9.3/../../../../arm-none-eabi/lib/armv6-m\libg_nano.a(lib_a-nano-vfprintf_i.o)
 .debug_frame   0x00001978       0x20 c:/program files (x86)/cypress/psoc creator/4.0/psoc creator/import/gnu/arm/4.9.3/bin/../lib/gcc/arm-none-eabi/4.9.3/../../../../arm-none-eabi/lib/armv6-m\libg_nano.a(lib_a-memchr.o)
 .debug_frame   0x00001998       0x28 c:/program files (x86)/cypress/psoc creator/4.0/psoc creator/import/gnu/arm/4.9.3/bin/../lib/gcc/arm-none-eabi/4.9.3/../../../../arm-none-eabi/lib/armv6-m\libg_nano.a(lib_a-memmove.o)
 .debug_frame   0x000019c0       0x2c c:/program files (x86)/cypress/psoc creator/4.0/psoc creator/import/gnu/arm/4.9.3/bin/../lib/gcc/arm-none-eabi/4.9.3/../../../../arm-none-eabi/lib/armv6-m\libg_nano.a(lib_a-nano-freer.o)
 .debug_frame   0x000019ec       0x2c c:/program files (x86)/cypress/psoc creator/4.0/psoc creator/import/gnu/arm/4.9.3/bin/../lib/gcc/arm-none-eabi/4.9.3/../../../../arm-none-eabi/lib/armv6-m\libg_nano.a(lib_a-nano-mallocr.o)
 .debug_frame   0x00001a18       0x30 c:/program files (x86)/cypress/psoc creator/4.0/psoc creator/import/gnu/arm/4.9.3/bin/../lib/gcc/arm-none-eabi/4.9.3/../../../../arm-none-eabi/lib/armv6-m\libg_nano.a(lib_a-nano-reallocr.o)
 .debug_frame   0x00001a48       0x2c c:/program files (x86)/cypress/psoc creator/4.0/psoc creator/import/gnu/arm/4.9.3/bin/../lib/gcc/arm-none-eabi/4.9.3/../../../../arm-none-eabi/lib/armv6-m\libg_nano.a(lib_a-sbrkr.o)
 .debug_frame   0x00001a74       0x20 c:/program files (x86)/cypress/psoc creator/4.0/psoc creator/import/gnu/arm/4.9.3/bin/../lib/gcc/arm-none-eabi/4.9.3/../../../../arm-none-eabi/lib/armv6-m\libg_nano.a(lib_a-nano-msizer.o)
 .debug_frame   0x00001a94       0x48 c:/program files (x86)/cypress/psoc creator/4.0/psoc creator/import/gnu/arm/4.9.3/bin/../lib/gcc/arm-none-eabi/4.9.3/../../../../arm-none-eabi/lib/armv6-m\libg_nano.a(lib_a-reent.o)

.debug_str      0x00000000     0x16a6
 *(.debug_str)
 .debug_str     0x00000000      0x1e2 .\CortexM0\ARM_GCC_493\Debug\main.o
                                0x22b (size before relaxing)
 .debug_str     0x000001e2       0x5e .\CortexM0\ARM_GCC_493\Debug\i2cClock.o
                                0x1ec (size before relaxing)
 .debug_str     0x00000240      0x16d .\CortexM0\ARM_GCC_493\Debug\RTC.o
                                0x346 (size before relaxing)
 .debug_str     0x000003ad       0xf2 .\CortexM0\ARM_GCC_493\Debug\TimeFunctions.o
                                0x2aa (size before relaxing)
 .debug_str     0x0000049f       0x39 .\CortexM0\ARM_GCC_493\Debug\SerialPrint.o
                                0x1cf (size before relaxing)
 .debug_str     0x000004d8       0x78 .\CortexM0\ARM_GCC_493\Debug\cybootloader.o
                                0x206 (size before relaxing)
 .debug_str     0x00000550       0x35 .\CortexM0\ARM_GCC_493\Debug\cymetadata.o
                                0x1c3 (size before relaxing)
 .debug_str     0x00000585      0x143 .\CortexM0\ARM_GCC_493\Debug\Cm0Start.o
                                0x2ea (size before relaxing)
 .debug_str     0x000006c8      0x142 .\CortexM0\ARM_GCC_493\Debug\Sunrise Clock.a(cyfitter_cfg.o)
                                0x31a (size before relaxing)
 .debug_str     0x0000080a      0x4d4 .\CortexM0\ARM_GCC_493\Debug\Sunrise Clock.a(CyLib.o)
                                0x696 (size before relaxing)
 .debug_str     0x00000cde      0x11e .\CortexM0\ARM_GCC_493\Debug\Sunrise Clock.a(I2C.o)
                                0x2b9 (size before relaxing)
 .debug_str     0x00000dfc       0x78 .\CortexM0\ARM_GCC_493\Debug\Sunrise Clock.a(I2C_I2C.o)
                                0x21a (size before relaxing)
 .debug_str     0x00000e74      0x22a .\CortexM0\ARM_GCC_493\Debug\Sunrise Clock.a(I2C_I2C_MASTER.o)
                                0x417 (size before relaxing)
 .debug_str     0x0000109e       0xb9 .\CortexM0\ARM_GCC_493\Debug\Sunrise Clock.a(I2C_sda.o)
                                0x25d (size before relaxing)
 .debug_str     0x00001157       0x95 .\CortexM0\ARM_GCC_493\Debug\Sunrise Clock.a(I2C_scl.o)
                                0x25d (size before relaxing)
 .debug_str     0x000011ec       0xff .\CortexM0\ARM_GCC_493\Debug\Sunrise Clock.a(UART_1.o)
                                0x2bd (size before relaxing)
 .debug_str     0x000012eb      0x124 .\CortexM0\ARM_GCC_493\Debug\Sunrise Clock.a(UART_1_UART.o)
                                0x2da (size before relaxing)
 .debug_str     0x0000140f       0x87 .\CortexM0\ARM_GCC_493\Debug\Sunrise Clock.a(Pin_2.o)
                                0x24f (size before relaxing)
 .debug_str     0x00001496       0x87 .\CortexM0\ARM_GCC_493\Debug\Sunrise Clock.a(Pin_3.o)
                                0x24f (size before relaxing)
 .debug_str     0x0000151d       0x47 .\CortexM0\ARM_GCC_493\Debug\Sunrise Clock.a(I2C_I2C_INT.o)
                                0x2b7 (size before relaxing)
 .debug_str     0x00001564      0x142 .\CortexM0\ARM_GCC_493\Debug\Sunrise Clock.a(UART_1_SPI_UART.o)
                                0x2ef (size before relaxing)

.debug_loc
 *(.debug_loc)

.debug_macinfo
 *(.debug_macinfo)

.debug_ranges   0x00000000      0x640
 *(.debug_ranges)
 .debug_ranges  0x00000000       0x10 .\CortexM0\ARM_GCC_493\Debug\main.o
 .debug_ranges  0x00000010       0x20 .\CortexM0\ARM_GCC_493\Debug\i2cClock.o
 .debug_ranges  0x00000030       0xb8 .\CortexM0\ARM_GCC_493\Debug\RTC.o
 .debug_ranges  0x000000e8       0x80 .\CortexM0\ARM_GCC_493\Debug\TimeFunctions.o
 .debug_ranges  0x00000168       0x18 .\CortexM0\ARM_GCC_493\Debug\SerialPrint.o
 .debug_ranges  0x00000180       0x38 .\CortexM0\ARM_GCC_493\Debug\Cm0Start.o
 .debug_ranges  0x000001b8       0x40 .\CortexM0\ARM_GCC_493\Debug\Sunrise Clock.a(cyfitter_cfg.o)
 .debug_ranges  0x000001f8      0x170 .\CortexM0\ARM_GCC_493\Debug\Sunrise Clock.a(CyLib.o)
 .debug_ranges  0x00000368       0x60 .\CortexM0\ARM_GCC_493\Debug\Sunrise Clock.a(I2C.o)
 .debug_ranges  0x000003c8       0x18 .\CortexM0\ARM_GCC_493\Debug\Sunrise Clock.a(I2C_I2C.o)
 .debug_ranges  0x000003e0       0x78 .\CortexM0\ARM_GCC_493\Debug\Sunrise Clock.a(I2C_I2C_MASTER.o)
 .debug_ranges  0x00000458       0x38 .\CortexM0\ARM_GCC_493\Debug\Sunrise Clock.a(I2C_sda.o)
 .debug_ranges  0x00000490       0x38 .\CortexM0\ARM_GCC_493\Debug\Sunrise Clock.a(I2C_scl.o)
 .debug_ranges  0x000004c8       0x58 .\CortexM0\ARM_GCC_493\Debug\Sunrise Clock.a(UART_1.o)
 .debug_ranges  0x00000520       0x50 .\CortexM0\ARM_GCC_493\Debug\Sunrise Clock.a(UART_1_UART.o)
 .debug_ranges  0x00000570       0x38 .\CortexM0\ARM_GCC_493\Debug\Sunrise Clock.a(Pin_2.o)
 .debug_ranges  0x000005a8       0x38 .\CortexM0\ARM_GCC_493\Debug\Sunrise Clock.a(Pin_3.o)
 .debug_ranges  0x000005e0       0x10 .\CortexM0\ARM_GCC_493\Debug\Sunrise Clock.a(I2C_I2C_INT.o)
 .debug_ranges  0x000005f0       0x50 .\CortexM0\ARM_GCC_493\Debug\Sunrise Clock.a(UART_1_SPI_UART.o)

.comment        0x00000000       0x70
 .comment       0x00000000       0x70 .\CortexM0\ARM_GCC_493\Debug\main.o
                                 0x71 (size before relaxing)
 .comment       0x00000000       0x71 .\CortexM0\ARM_GCC_493\Debug\i2cClock.o
 .comment       0x00000000       0x71 .\CortexM0\ARM_GCC_493\Debug\RTC.o
 .comment       0x00000000       0x71 .\CortexM0\ARM_GCC_493\Debug\TimeFunctions.o
 .comment       0x00000000       0x71 .\CortexM0\ARM_GCC_493\Debug\SerialPrint.o
 .comment       0x00000000       0x71 .\CortexM0\ARM_GCC_493\Debug\cybootloader.o
 .comment       0x00000000       0x71 .\CortexM0\ARM_GCC_493\Debug\cymetadata.o
 .comment       0x00000000       0x71 .\CortexM0\ARM_GCC_493\Debug\Cm0Start.o
 .comment       0x00000000       0x71 .\CortexM0\ARM_GCC_493\Debug\Sunrise Clock.a(cyfitter_cfg.o)
 .comment       0x00000000       0x71 .\CortexM0\ARM_GCC_493\Debug\Sunrise Clock.a(CyLib.o)
 .comment       0x00000000       0x71 .\CortexM0\ARM_GCC_493\Debug\Sunrise Clock.a(I2C.o)
 .comment       0x00000000       0x71 .\CortexM0\ARM_GCC_493\Debug\Sunrise Clock.a(I2C_I2C.o)
 .comment       0x00000000       0x71 .\CortexM0\ARM_GCC_493\Debug\Sunrise Clock.a(I2C_I2C_MASTER.o)
 .comment       0x00000000       0x71 .\CortexM0\ARM_GCC_493\Debug\Sunrise Clock.a(I2C_sda.o)
 .comment       0x00000000       0x71 .\CortexM0\ARM_GCC_493\Debug\Sunrise Clock.a(I2C_scl.o)
 .comment       0x00000000       0x71 .\CortexM0\ARM_GCC_493\Debug\Sunrise Clock.a(UART_1.o)
 .comment       0x00000000       0x71 .\CortexM0\ARM_GCC_493\Debug\Sunrise Clock.a(UART_1_UART.o)
 .comment       0x00000000       0x71 .\CortexM0\ARM_GCC_493\Debug\Sunrise Clock.a(Pin_2.o)
 .comment       0x00000000       0x71 .\CortexM0\ARM_GCC_493\Debug\Sunrise Clock.a(Pin_3.o)
 .comment       0x00000000       0x71 .\CortexM0\ARM_GCC_493\Debug\Sunrise Clock.a(I2C_I2C_INT.o)
 .comment       0x00000000       0x71 .\CortexM0\ARM_GCC_493\Debug\Sunrise Clock.a(UART_1_SPI_UART.o)

.debug_weaknames
 *(.debug_weaknames)

.debug_funcnames
 *(.debug_funcnames)

.debug_typenames
 *(.debug_typenames)

.debug_varnames
 *(.debug_varnames)

.note.gnu.arm.ident
 *(.note.gnu.arm.ident)

.ARM.attributes
                0x00000000       0x28
 *(.ARM.attributes)
 .ARM.attributes
                0x00000000       0x1e c:/program files (x86)/cypress/psoc creator/4.0/psoc creator/import/gnu/arm/4.9.3/bin/../lib/gcc/arm-none-eabi/4.9.3/armv6-m/crti.o
 .ARM.attributes
                0x0000001e       0x2c c:/program files (x86)/cypress/psoc creator/4.0/psoc creator/import/gnu/arm/4.9.3/bin/../lib/gcc/arm-none-eabi/4.9.3/armv6-m/crtbegin.o
 .ARM.attributes
                0x0000004a       0x1b c:/program files (x86)/cypress/psoc creator/4.0/psoc creator/import/gnu/arm/4.9.3/bin/../lib/gcc/arm-none-eabi/4.9.3/../../../../arm-none-eabi/lib/armv6-m/crt0.o
 .ARM.attributes
                0x00000065       0x31 .\CortexM0\ARM_GCC_493\Debug\main.o
 .ARM.attributes
                0x00000096       0x31 .\CortexM0\ARM_GCC_493\Debug\i2cClock.o
 .ARM.attributes
                0x000000c7       0x31 .\CortexM0\ARM_GCC_493\Debug\RTC.o
 .ARM.attributes
                0x000000f8       0x31 .\CortexM0\ARM_GCC_493\Debug\TimeFunctions.o
 .ARM.attributes
                0x00000129       0x31 .\CortexM0\ARM_GCC_493\Debug\SerialPrint.o
 .ARM.attributes
                0x0000015a       0x31 .\CortexM0\ARM_GCC_493\Debug\cybootloader.o
 .ARM.attributes
                0x0000018b       0x31 .\CortexM0\ARM_GCC_493\Debug\cymetadata.o
 .ARM.attributes
                0x000001bc       0x31 .\CortexM0\ARM_GCC_493\Debug\Cm0Start.o
 .ARM.attributes
                0x000001ed       0x31 .\CortexM0\ARM_GCC_493\Debug\Sunrise Clock.a(cyfitter_cfg.o)
 .ARM.attributes
                0x0000021e       0x31 .\CortexM0\ARM_GCC_493\Debug\Sunrise Clock.a(CyLib.o)
 .ARM.attributes
                0x0000024f       0x31 .\CortexM0\ARM_GCC_493\Debug\Sunrise Clock.a(I2C.o)
 .ARM.attributes
                0x00000280       0x31 .\CortexM0\ARM_GCC_493\Debug\Sunrise Clock.a(I2C_I2C.o)
 .ARM.attributes
                0x000002b1       0x31 .\CortexM0\ARM_GCC_493\Debug\Sunrise Clock.a(I2C_I2C_MASTER.o)
 .ARM.attributes
                0x000002e2       0x31 .\CortexM0\ARM_GCC_493\Debug\Sunrise Clock.a(I2C_sda.o)
 .ARM.attributes
                0x00000313       0x31 .\CortexM0\ARM_GCC_493\Debug\Sunrise Clock.a(I2C_scl.o)
 .ARM.attributes
                0x00000344       0x31 .\CortexM0\ARM_GCC_493\Debug\Sunrise Clock.a(UART_1.o)
 .ARM.attributes
                0x00000375       0x31 .\CortexM0\ARM_GCC_493\Debug\Sunrise Clock.a(UART_1_UART.o)
 .ARM.attributes
                0x000003a6       0x31 .\CortexM0\ARM_GCC_493\Debug\Sunrise Clock.a(Pin_2.o)
 .ARM.attributes
                0x000003d7       0x31 .\CortexM0\ARM_GCC_493\Debug\Sunrise Clock.a(Pin_3.o)
 .ARM.attributes
                0x00000408       0x21 .\CortexM0\ARM_GCC_493\Debug\Sunrise Clock.a(CyBootAsmGnu.o)
 .ARM.attributes
                0x00000429       0x31 .\CortexM0\ARM_GCC_493\Debug\Sunrise Clock.a(I2C_I2C_INT.o)
 .ARM.attributes
                0x0000045a       0x31 .\CortexM0\ARM_GCC_493\Debug\Sunrise Clock.a(UART_1_SPI_UART.o)
 .ARM.attributes
                0x0000048b       0x1e c:/program files (x86)/cypress/psoc creator/4.0/psoc creator/import/gnu/arm/4.9.3/bin/../lib/gcc/arm-none-eabi/4.9.3/armv6-m\libgcc.a(_udivsi3.o)
 .ARM.attributes
                0x000004a9       0x1e c:/program files (x86)/cypress/psoc creator/4.0/psoc creator/import/gnu/arm/4.9.3/bin/../lib/gcc/arm-none-eabi/4.9.3/armv6-m\libgcc.a(_divsi3.o)
 .ARM.attributes
                0x000004c7       0x1e c:/program files (x86)/cypress/psoc creator/4.0/psoc creator/import/gnu/arm/4.9.3/bin/../lib/gcc/arm-none-eabi/4.9.3/armv6-m\libgcc.a(_dvmd_tls.o)
 .ARM.attributes
                0x000004e5       0x2c c:/program files (x86)/cypress/psoc creator/4.0/psoc creator/import/gnu/arm/4.9.3/bin/../lib/gcc/arm-none-eabi/4.9.3/../../../../arm-none-eabi/lib/armv6-m\libg_nano.a(lib_a-errno.o)
 .ARM.attributes
                0x00000511       0x2c c:/program files (x86)/cypress/psoc creator/4.0/psoc creator/import/gnu/arm/4.9.3/bin/../lib/gcc/arm-none-eabi/4.9.3/../../../../arm-none-eabi/lib/armv6-m\libg_nano.a(lib_a-exit.o)
 .ARM.attributes
                0x0000053d       0x2c c:/program files (x86)/cypress/psoc creator/4.0/psoc creator/import/gnu/arm/4.9.3/bin/../lib/gcc/arm-none-eabi/4.9.3/../../../../arm-none-eabi/lib/armv6-m\libg_nano.a(lib_a-impure.o)
 .ARM.attributes
                0x00000569       0x2c c:/program files (x86)/cypress/psoc creator/4.0/psoc creator/import/gnu/arm/4.9.3/bin/../lib/gcc/arm-none-eabi/4.9.3/../../../../arm-none-eabi/lib/armv6-m\libg_nano.a(lib_a-init.o)
 .ARM.attributes
                0x00000595       0x2c c:/program files (x86)/cypress/psoc creator/4.0/psoc creator/import/gnu/arm/4.9.3/bin/../lib/gcc/arm-none-eabi/4.9.3/../../../../arm-none-eabi/lib/armv6-m\libg_nano.a(lib_a-memcpy.o)
 .ARM.attributes
                0x000005c1       0x2c c:/program files (x86)/cypress/psoc creator/4.0/psoc creator/import/gnu/arm/4.9.3/bin/../lib/gcc/arm-none-eabi/4.9.3/../../../../arm-none-eabi/lib/armv6-m\libg_nano.a(lib_a-memset.o)
 .ARM.attributes
                0x000005ed       0x2c c:/program files (x86)/cypress/psoc creator/4.0/psoc creator/import/gnu/arm/4.9.3/bin/../lib/gcc/arm-none-eabi/4.9.3/../../../../arm-none-eabi/lib/armv6-m\libg_nano.a(lib_a-sprintf.o)
 .ARM.attributes
                0x00000619       0x2c c:/program files (x86)/cypress/psoc creator/4.0/psoc creator/import/gnu/arm/4.9.3/bin/../lib/gcc/arm-none-eabi/4.9.3/../../../../arm-none-eabi/lib/armv6-m\libg_nano.a(lib_a-nano-svfprintf.o)
 .ARM.attributes
                0x00000645       0x2c c:/program files (x86)/cypress/psoc creator/4.0/psoc creator/import/gnu/arm/4.9.3/bin/../lib/gcc/arm-none-eabi/4.9.3/../../../../arm-none-eabi/lib/armv6-m\libg_nano.a(lib_a-nano-vfprintf_i.o)
 .ARM.attributes
                0x00000671       0x2c c:/program files (x86)/cypress/psoc creator/4.0/psoc creator/import/gnu/arm/4.9.3/bin/../lib/gcc/arm-none-eabi/4.9.3/../../../../arm-none-eabi/lib/armv6-m\libg_nano.a(lib_a-memchr.o)
 .ARM.attributes
                0x0000069d       0x2c c:/program files (x86)/cypress/psoc creator/4.0/psoc creator/import/gnu/arm/4.9.3/bin/../lib/gcc/arm-none-eabi/4.9.3/../../../../arm-none-eabi/lib/armv6-m\libg_nano.a(lib_a-memmove.o)
 .ARM.attributes
                0x000006c9       0x2c c:/program files (x86)/cypress/psoc creator/4.0/psoc creator/import/gnu/arm/4.9.3/bin/../lib/gcc/arm-none-eabi/4.9.3/../../../../arm-none-eabi/lib/armv6-m\libg_nano.a(lib_a-nano-freer.o)
 .ARM.attributes
                0x000006f5       0x2c c:/program files (x86)/cypress/psoc creator/4.0/psoc creator/import/gnu/arm/4.9.3/bin/../lib/gcc/arm-none-eabi/4.9.3/../../../../arm-none-eabi/lib/armv6-m\libg_nano.a(lib_a-nano-mallocr.o)
 .ARM.attributes
                0x00000721       0x2c c:/program files (x86)/cypress/psoc creator/4.0/psoc creator/import/gnu/arm/4.9.3/bin/../lib/gcc/arm-none-eabi/4.9.3/../../../../arm-none-eabi/lib/armv6-m\libg_nano.a(lib_a-nano-reallocr.o)
 .ARM.attributes
                0x0000074d       0x2c c:/program files (x86)/cypress/psoc creator/4.0/psoc creator/import/gnu/arm/4.9.3/bin/../lib/gcc/arm-none-eabi/4.9.3/../../../../arm-none-eabi/lib/armv6-m\libg_nano.a(lib_a-sbrkr.o)
 .ARM.attributes
                0x00000779       0x2c c:/program files (x86)/cypress/psoc creator/4.0/psoc creator/import/gnu/arm/4.9.3/bin/../lib/gcc/arm-none-eabi/4.9.3/../../../../arm-none-eabi/lib/armv6-m\libg_nano.a(lib_a-nano-msizer.o)
 .ARM.attributes
                0x000007a5       0x2c c:/program files (x86)/cypress/psoc creator/4.0/psoc creator/import/gnu/arm/4.9.3/bin/../lib/gcc/arm-none-eabi/4.9.3/../../../../arm-none-eabi/lib/armv6-m\libg_nano.a(lib_a-reent.o)
 .ARM.attributes
                0x000007d1       0x2c c:/program files (x86)/cypress/psoc creator/4.0/psoc creator/import/gnu/arm/4.9.3/bin/../lib/gcc/arm-none-eabi/4.9.3/armv6-m/crtend.o
 .ARM.attributes
                0x000007fd       0x1e c:/program files (x86)/cypress/psoc creator/4.0/psoc creator/import/gnu/arm/4.9.3/bin/../lib/gcc/arm-none-eabi/4.9.3/armv6-m/crtn.o

/DISCARD/
 *(.note.GNU-stack)
OUTPUT(.\CortexM0\ARM_GCC_493\Debug\Sunrise Clock.elf elf32-littlearm)
